2025-09-23T15:21:28.5414936Z Current runner version: '2.328.0'
2025-09-23T15:21:28.5449095Z ##[group]Runner Image Provisioner
2025-09-23T15:21:28.5450346Z Hosted Compute Agent
2025-09-23T15:21:28.5451312Z Version: 20250829.383
2025-09-23T15:21:28.5452545Z Commit: 27cb235aab5b0e52e153a26cd86b4742e89dac5d
2025-09-23T15:21:28.5453930Z Build Date: 2025-08-29T13:48:48Z
2025-09-23T15:21:28.5454922Z ##[endgroup]
2025-09-23T15:21:28.5455898Z ##[group]Operating System
2025-09-23T15:21:28.5456897Z Ubuntu
2025-09-23T15:21:28.5457888Z 24.04.3
2025-09-23T15:21:28.5458955Z LTS
2025-09-23T15:21:28.5459746Z ##[endgroup]
2025-09-23T15:21:28.5460634Z ##[group]Runner Image
2025-09-23T15:21:28.5462439Z Image: ubuntu-24.04
2025-09-23T15:21:28.5463518Z Version: 20250907.24.1
2025-09-23T15:21:28.5465429Z Included Software: https://github.com/actions/runner-images/blob/ubuntu24/20250907.24/images/ubuntu/Ubuntu2404-Readme.md
2025-09-23T15:21:28.5468324Z Image Release: https://github.com/actions/runner-images/releases/tag/ubuntu24%2F20250907.24
2025-09-23T15:21:28.5470119Z ##[endgroup]
2025-09-23T15:21:28.5472531Z ##[group]GITHUB_TOKEN Permissions
2025-09-23T15:21:28.5475812Z Actions: read
2025-09-23T15:21:28.5476798Z Contents: read
2025-09-23T15:21:28.5477535Z Metadata: read
2025-09-23T15:21:28.5478326Z Packages: write
2025-09-23T15:21:28.5479254Z SecurityEvents: write
2025-09-23T15:21:28.5480101Z ##[endgroup]
2025-09-23T15:21:28.5482905Z Secret source: Actions
2025-09-23T15:21:28.5484442Z Prepare workflow directory
2025-09-23T15:21:28.6056387Z Prepare all required actions
2025-09-23T15:21:28.6114623Z Getting action download info
2025-09-23T15:21:29.0762434Z Download action repository 'actions/checkout@v4' (SHA:08eba0b27e820071cde6df949e0beb9ba4906955)
2025-09-23T15:21:29.2366490Z Download action repository 'actions/setup-go@v4' (SHA:19bb51245e9c80abacb2e91cc42b33fa478b8639)
2025-09-23T15:21:29.6461315Z Download action repository 'docker/setup-buildx-action@v3' (SHA:e468171a9de216ec08956ac3ada2f0791b6bd435)
2025-09-23T15:21:30.1585355Z Download action repository 'docker/login-action@v3' (SHA:184bdaa0721073962dff0199f1fb9940f07167d1)
2025-09-23T15:21:30.6726112Z Download action repository 'docker/metadata-action@v5' (SHA:c1e51972afc2121e065aed6d45c65596fe445f3f)
2025-09-23T15:21:31.2010556Z Download action repository 'codecov/codecov-action@v3' (SHA:ab904c41d6ece82784817410c45d8b8c02684457)
2025-09-23T15:21:31.5514607Z Download action repository 'docker/build-push-action@v5' (SHA:ca052bb54ab0790a636c9b5f226502c73d547a25)
2025-09-23T15:21:31.9779026Z Download action repository 'sigstore/cosign-installer@v3' (SHA:398d4b0eeef1380460a10c8013a76f728fb906ac)
2025-09-23T15:21:32.3104461Z Complete job name: Build and Test (tn-agent)
2025-09-23T15:21:32.3825180Z ##[group]Run actions/checkout@v4
2025-09-23T15:21:32.3825764Z with:
2025-09-23T15:21:32.3826046Z   repository: thc1006/O-RAN-Intent-MANO-for-Network-Slicing
2025-09-23T15:21:32.3826516Z   token: ***
2025-09-23T15:21:32.3826699Z   ssh-strict: true
2025-09-23T15:21:32.3826897Z   ssh-user: git
2025-09-23T15:21:32.3827099Z   persist-credentials: true
2025-09-23T15:21:32.3827329Z   clean: true
2025-09-23T15:21:32.3827519Z   sparse-checkout-cone-mode: true
2025-09-23T15:21:32.3827761Z   fetch-depth: 1
2025-09-23T15:21:32.3827935Z   fetch-tags: false
2025-09-23T15:21:32.3828120Z   show-progress: true
2025-09-23T15:21:32.3828299Z   lfs: false
2025-09-23T15:21:32.3828466Z   submodules: false
2025-09-23T15:21:32.3828657Z   set-safe-directory: true
2025-09-23T15:21:32.3829045Z env:
2025-09-23T15:21:32.3829217Z   REGISTRY: ghcr.io
2025-09-23T15:21:32.3829408Z   NAMESPACE: o-ran-mano
2025-09-23T15:21:32.3829611Z   TIMEOUT: 600
2025-09-23T15:21:32.3829859Z   PERFORMANCE_THRESHOLD_DEPLOYMENT_TIME: 600
2025-09-23T15:21:32.3830155Z   PERFORMANCE_THRESHOLD_THROUGHPUT_HIGH: 4.57
2025-09-23T15:21:32.3830454Z   PERFORMANCE_THRESHOLD_THROUGHPUT_MID: 2.77
2025-09-23T15:21:32.3830722Z   PERFORMANCE_THRESHOLD_THROUGHPUT_LOW: 0.93
2025-09-23T15:21:32.3830986Z   PERFORMANCE_THRESHOLD_RTT_HIGH: 16.1
2025-09-23T15:21:32.3831239Z   PERFORMANCE_THRESHOLD_RTT_MID: 15.7
2025-09-23T15:21:32.3831712Z   PERFORMANCE_THRESHOLD_RTT_LOW: 6.3
2025-09-23T15:21:32.3831943Z ##[endgroup]
2025-09-23T15:21:32.4890242Z Syncing repository: thc1006/O-RAN-Intent-MANO-for-Network-Slicing
2025-09-23T15:21:32.4891811Z ##[group]Getting Git version info
2025-09-23T15:21:32.4892444Z Working directory is '/home/runner/work/O-RAN-Intent-MANO-for-Network-Slicing/O-RAN-Intent-MANO-for-Network-Slicing'
2025-09-23T15:21:32.4893192Z [command]/usr/bin/git version
2025-09-23T15:21:32.4952983Z git version 2.51.0
2025-09-23T15:21:32.4978937Z ##[endgroup]
2025-09-23T15:21:32.5002176Z Temporarily overriding HOME='/home/runner/work/_temp/0ef2c2e5-b911-4937-bbd5-a456ea8146b7' before making global git config changes
2025-09-23T15:21:32.5002943Z Adding repository directory to the temporary git global config as a safe directory
2025-09-23T15:21:32.5007999Z [command]/usr/bin/git config --global --add safe.directory /home/runner/work/O-RAN-Intent-MANO-for-Network-Slicing/O-RAN-Intent-MANO-for-Network-Slicing
2025-09-23T15:21:32.5049659Z Deleting the contents of '/home/runner/work/O-RAN-Intent-MANO-for-Network-Slicing/O-RAN-Intent-MANO-for-Network-Slicing'
2025-09-23T15:21:32.5053718Z ##[group]Initializing the repository
2025-09-23T15:21:32.5060168Z [command]/usr/bin/git init /home/runner/work/O-RAN-Intent-MANO-for-Network-Slicing/O-RAN-Intent-MANO-for-Network-Slicing
2025-09-23T15:21:32.5153081Z hint: Using 'master' as the name for the initial branch. This default branch name
2025-09-23T15:21:32.5154256Z hint: is subject to change. To configure the initial branch name to use in all
2025-09-23T15:21:32.5154910Z hint: of your new repositories, which will suppress this warning, call:
2025-09-23T15:21:32.5155287Z hint:
2025-09-23T15:21:32.5155570Z hint: 	git config --global init.defaultBranch <name>
2025-09-23T15:21:32.5156103Z hint:
2025-09-23T15:21:32.5156637Z hint: Names commonly chosen instead of 'master' are 'main', 'trunk' and
2025-09-23T15:21:32.5157271Z hint: 'development'. The just-created branch can be renamed via this command:
2025-09-23T15:21:32.5157646Z hint:
2025-09-23T15:21:32.5157889Z hint: 	git branch -m <name>
2025-09-23T15:21:32.5158270Z hint:
2025-09-23T15:21:32.5158832Z hint: Disable this message with "git config set advice.defaultBranchName false"
2025-09-23T15:21:32.5160255Z Initialized empty Git repository in /home/runner/work/O-RAN-Intent-MANO-for-Network-Slicing/O-RAN-Intent-MANO-for-Network-Slicing/.git/
2025-09-23T15:21:32.5170002Z [command]/usr/bin/git remote add origin https://github.com/thc1006/O-RAN-Intent-MANO-for-Network-Slicing
2025-09-23T15:21:32.5206370Z ##[endgroup]
2025-09-23T15:21:32.5207309Z ##[group]Disabling automatic garbage collection
2025-09-23T15:21:32.5211597Z [command]/usr/bin/git config --local gc.auto 0
2025-09-23T15:21:32.5239686Z ##[endgroup]
2025-09-23T15:21:32.5240316Z ##[group]Setting up auth
2025-09-23T15:21:32.5247674Z [command]/usr/bin/git config --local --name-only --get-regexp core\.sshCommand
2025-09-23T15:21:32.5278241Z [command]/usr/bin/git submodule foreach --recursive sh -c "git config --local --name-only --get-regexp 'core\.sshCommand' && git config --local --unset-all 'core.sshCommand' || :"
2025-09-23T15:21:32.5640817Z [command]/usr/bin/git config --local --name-only --get-regexp http\.https\:\/\/github\.com\/\.extraheader
2025-09-23T15:21:32.5679512Z [command]/usr/bin/git submodule foreach --recursive sh -c "git config --local --name-only --get-regexp 'http\.https\:\/\/github\.com\/\.extraheader' && git config --local --unset-all 'http.https://github.com/.extraheader' || :"
2025-09-23T15:21:32.5924160Z [command]/usr/bin/git config --local http.https://github.com/.extraheader AUTHORIZATION: basic ***
2025-09-23T15:21:32.5965812Z ##[endgroup]
2025-09-23T15:21:32.5966666Z ##[group]Fetching the repository
2025-09-23T15:21:32.5977456Z [command]/usr/bin/git -c protocol.version=2 fetch --no-tags --prune --no-recurse-submodules --depth=1 origin +2c0bc4949c237fd9a9d6d71542f3a84f251becb9:refs/remotes/origin/main
2025-09-23T15:21:34.0932684Z From https://github.com/thc1006/O-RAN-Intent-MANO-for-Network-Slicing
2025-09-23T15:21:34.0934397Z  * [new ref]         2c0bc4949c237fd9a9d6d71542f3a84f251becb9 -> origin/main
2025-09-23T15:21:34.0965983Z ##[endgroup]
2025-09-23T15:21:34.0966610Z ##[group]Determining the checkout info
2025-09-23T15:21:34.0973907Z ##[endgroup]
2025-09-23T15:21:34.0974575Z [command]/usr/bin/git sparse-checkout disable
2025-09-23T15:21:34.1018015Z [command]/usr/bin/git config --local --unset-all extensions.worktreeConfig
2025-09-23T15:21:34.1046829Z ##[group]Checking out the ref
2025-09-23T15:21:34.1052909Z [command]/usr/bin/git checkout --progress --force -B main refs/remotes/origin/main
2025-09-23T15:21:34.5523176Z Switched to a new branch 'main'
2025-09-23T15:21:34.5524175Z branch 'main' set up to track 'origin/main'.
2025-09-23T15:21:34.5551979Z ##[endgroup]
2025-09-23T15:21:34.5591896Z [command]/usr/bin/git log -1 --format=%H
2025-09-23T15:21:34.5614679Z 2c0bc4949c237fd9a9d6d71542f3a84f251becb9
2025-09-23T15:21:34.5822655Z ##[group]Run actions/setup-go@v4
2025-09-23T15:21:34.5822962Z with:
2025-09-23T15:21:34.5823133Z   go-version: 1.24.0
2025-09-23T15:21:34.5823627Z   cache: true
2025-09-23T15:21:34.5823924Z   cache-dependency-path: go.sum
*/go.sum
deploy/docker/*/go.sum

2025-09-23T15:21:34.5824262Z   check-latest: false
2025-09-23T15:21:34.5824605Z   token: ***
2025-09-23T15:21:34.5824775Z env:
2025-09-23T15:21:34.5824941Z   REGISTRY: ghcr.io
2025-09-23T15:21:34.5825138Z   NAMESPACE: o-ran-mano
2025-09-23T15:21:34.5825329Z   TIMEOUT: 600
2025-09-23T15:21:34.5825537Z   PERFORMANCE_THRESHOLD_DEPLOYMENT_TIME: 600
2025-09-23T15:21:34.5825810Z   PERFORMANCE_THRESHOLD_THROUGHPUT_HIGH: 4.57
2025-09-23T15:21:34.5826078Z   PERFORMANCE_THRESHOLD_THROUGHPUT_MID: 2.77
2025-09-23T15:21:34.5826338Z   PERFORMANCE_THRESHOLD_THROUGHPUT_LOW: 0.93
2025-09-23T15:21:34.5826623Z   PERFORMANCE_THRESHOLD_RTT_HIGH: 16.1
2025-09-23T15:21:34.5826898Z   PERFORMANCE_THRESHOLD_RTT_MID: 15.7
2025-09-23T15:21:34.5827180Z   PERFORMANCE_THRESHOLD_RTT_LOW: 6.3
2025-09-23T15:21:34.5827404Z ##[endgroup]
2025-09-23T15:21:34.7362890Z Setup go version spec 1.24.0
2025-09-23T15:21:34.7384301Z Attempting to download 1.24.0...
2025-09-23T15:21:35.1312223Z matching 1.24.0...
2025-09-23T15:21:35.1358920Z Acquiring 1.24.0 from https://github.com/actions/go-versions/releases/download/1.24.0-13277276272/go-1.24.0-linux-x64.tar.gz
2025-09-23T15:21:35.6745693Z Extracting Go...
2025-09-23T15:21:35.6859108Z [command]/usr/bin/tar xz --warning=no-unknown-keyword --overwrite -C /home/runner/work/_temp/fefc0f70-6d40-4499-8d9e-f462cafc60ad -f /home/runner/work/_temp/bc2c159b-7488-4b14-9938-9e94f440d4d5
2025-09-23T15:21:37.4296280Z Successfully extracted go to /home/runner/work/_temp/fefc0f70-6d40-4499-8d9e-f462cafc60ad
2025-09-23T15:21:37.4296773Z Adding to the cache ...
2025-09-23T15:21:42.1992976Z Successfully cached go to /opt/hostedtoolcache/go/1.24.0/x64
2025-09-23T15:21:42.1995407Z Added go to the path
2025-09-23T15:21:42.1997131Z Successfully set up Go version 1.24.0
2025-09-23T15:21:42.2225325Z [command]/opt/hostedtoolcache/go/1.24.0/x64/bin/go env GOMODCACHE
2025-09-23T15:21:42.2265224Z [command]/opt/hostedtoolcache/go/1.24.0/x64/bin/go env GOCACHE
2025-09-23T15:21:42.2299988Z /home/runner/go/pkg/mod
2025-09-23T15:21:42.2312623Z /home/runner/.cache/go-build
2025-09-23T15:21:42.3541023Z Cache is not found
2025-09-23T15:21:42.3565659Z go version go1.24.0 linux/amd64
2025-09-23T15:21:42.3565937Z 
2025-09-23T15:21:42.3566304Z ##[group]go env
2025-09-23T15:21:43.2143814Z AR='ar'
2025-09-23T15:21:43.2144263Z CC='gcc'
2025-09-23T15:21:43.2144575Z CGO_CFLAGS='-O2 -g'
2025-09-23T15:21:43.2144899Z CGO_CPPFLAGS=''
2025-09-23T15:21:43.2145219Z CGO_CXXFLAGS='-O2 -g'
2025-09-23T15:21:43.2145544Z CGO_ENABLED='1'
2025-09-23T15:21:43.2145837Z CGO_FFLAGS='-O2 -g'
2025-09-23T15:21:43.2146140Z CGO_LDFLAGS='-O2 -g'
2025-09-23T15:21:43.2146441Z CXX='g++'
2025-09-23T15:21:43.2146704Z GCCGO='gccgo'
2025-09-23T15:21:43.2146993Z GO111MODULE=''
2025-09-23T15:21:43.2147302Z GOAMD64='v1'
2025-09-23T15:21:43.2147800Z GOARCH='amd64'
2025-09-23T15:21:43.2148374Z GOAUTH='netrc'
2025-09-23T15:21:43.2148646Z GOBIN=''
2025-09-23T15:21:43.2148960Z GOCACHE='/home/runner/.cache/go-build'
2025-09-23T15:21:43.2149369Z GOCACHEPROG=''
2025-09-23T15:21:43.2149653Z GODEBUG=''
2025-09-23T15:21:43.2149989Z GOENV='/home/runner/.config/go/env'
2025-09-23T15:21:43.2150361Z GOEXE=''
2025-09-23T15:21:43.2150623Z GOEXPERIMENT=''
2025-09-23T15:21:43.2150917Z GOFIPS140='off'
2025-09-23T15:21:43.2151184Z GOFLAGS=''
2025-09-23T15:21:43.2152186Z GOGCCFLAGS='-fPIC -m64 -pthread -Wl,--no-gc-sections -fmessage-length=0 -ffile-prefix-map=/tmp/go-build3938305182=/tmp/go-build -gno-record-gcc-switches'
2025-09-23T15:21:43.2153199Z GOHOSTARCH='amd64'
2025-09-23T15:21:43.2153695Z GOHOSTOS='linux'
2025-09-23T15:21:43.2153991Z GOINSECURE=''
2025-09-23T15:21:43.2154760Z GOMOD='/home/runner/work/O-RAN-Intent-MANO-for-Network-Slicing/O-RAN-Intent-MANO-for-Network-Slicing/go.mod'
2025-09-23T15:21:43.2155879Z GOMODCACHE='/home/runner/go/pkg/mod'
2025-09-23T15:21:43.2156281Z GONOPROXY=''
2025-09-23T15:21:43.2156570Z GONOSUMDB=''
2025-09-23T15:21:43.2156839Z GOOS='linux'
2025-09-23T15:21:43.2157133Z GOPATH='/home/runner/go'
2025-09-23T15:21:43.2157455Z GOPRIVATE=''
2025-09-23T15:21:43.2157828Z GOPROXY='https://proxy.golang.org,direct'
2025-09-23T15:21:43.2158327Z GOROOT='/opt/hostedtoolcache/go/1.24.0/x64'
2025-09-23T15:21:43.2158756Z GOSUMDB='sum.golang.org'
2025-09-23T15:21:43.2159093Z GOTELEMETRY='local'
2025-09-23T15:21:43.2159483Z GOTELEMETRYDIR='/home/runner/.config/go/telemetry'
2025-09-23T15:21:43.2159943Z GOTMPDIR=''
2025-09-23T15:21:43.2160211Z GOTOOLCHAIN='auto'
2025-09-23T15:21:43.2160699Z GOTOOLDIR='/opt/hostedtoolcache/go/1.24.0/x64/pkg/tool/linux_amd64'
2025-09-23T15:21:43.2161235Z GOVCS=''
2025-09-23T15:21:43.2161506Z GOVERSION='go1.24.0'
2025-09-23T15:21:43.2162306Z GOWORK='/home/runner/work/O-RAN-Intent-MANO-for-Network-Slicing/O-RAN-Intent-MANO-for-Network-Slicing/go.work'
2025-09-23T15:21:43.2163181Z PKG_CONFIG='pkg-config'
2025-09-23T15:21:43.2163570Z 
2025-09-23T15:21:43.2164038Z ##[endgroup]
2025-09-23T15:21:43.2375432Z ##[group]Run docker/setup-buildx-action@v3
2025-09-23T15:21:43.2375868Z with:
2025-09-23T15:21:43.2376149Z   driver: docker-container
2025-09-23T15:21:43.2376484Z   install: false
2025-09-23T15:21:43.2376764Z   use: true
2025-09-23T15:21:43.2377024Z   keep-state: false
2025-09-23T15:21:43.2377319Z   cache-binary: true
2025-09-23T15:21:43.2377611Z   cleanup: true
2025-09-23T15:21:43.2377882Z env:
2025-09-23T15:21:43.2378122Z   REGISTRY: ghcr.io
2025-09-23T15:21:43.2378425Z   NAMESPACE: o-ran-mano
2025-09-23T15:21:43.2378725Z   TIMEOUT: 600
2025-09-23T15:21:43.2379048Z   PERFORMANCE_THRESHOLD_DEPLOYMENT_TIME: 600
2025-09-23T15:21:43.2379516Z   PERFORMANCE_THRESHOLD_THROUGHPUT_HIGH: 4.57
2025-09-23T15:21:43.2379968Z   PERFORMANCE_THRESHOLD_THROUGHPUT_MID: 2.77
2025-09-23T15:21:43.2380410Z   PERFORMANCE_THRESHOLD_THROUGHPUT_LOW: 0.93
2025-09-23T15:21:43.2380836Z   PERFORMANCE_THRESHOLD_RTT_HIGH: 16.1
2025-09-23T15:21:43.2381252Z   PERFORMANCE_THRESHOLD_RTT_MID: 15.7
2025-09-23T15:21:43.2381783Z   PERFORMANCE_THRESHOLD_RTT_LOW: 6.3
2025-09-23T15:21:43.2382188Z ##[endgroup]
2025-09-23T15:21:43.5894783Z ##[group]Docker info
2025-09-23T15:21:43.5927785Z [command]/usr/bin/docker version
2025-09-23T15:21:43.6694068Z Client: Docker Engine - Community
2025-09-23T15:21:43.6698077Z  Version:           28.0.4
2025-09-23T15:21:43.6698924Z  API version:       1.48
2025-09-23T15:21:43.6699683Z  Go version:        go1.23.7
2025-09-23T15:21:43.6700105Z  Git commit:        b8034c0
2025-09-23T15:21:43.6700509Z  Built:             Tue Mar 25 15:07:16 2025
2025-09-23T15:21:43.6700951Z  OS/Arch:           linux/amd64
2025-09-23T15:21:43.6701315Z  Context:           default
2025-09-23T15:21:43.6701539Z 
2025-09-23T15:21:43.6701707Z Server: Docker Engine - Community
2025-09-23T15:21:43.6702085Z  Engine:
2025-09-23T15:21:43.6702370Z   Version:          28.0.4
2025-09-23T15:21:43.6702811Z   API version:      1.48 (minimum version 1.24)
2025-09-23T15:21:43.6703464Z   Go version:       go1.23.7
2025-09-23T15:21:43.6704250Z   Git commit:       6430e49
2025-09-23T15:21:43.6704675Z   Built:            Tue Mar 25 15:07:16 2025
2025-09-23T15:21:43.6705119Z   OS/Arch:          linux/amd64
2025-09-23T15:21:43.6705508Z   Experimental:     false
2025-09-23T15:21:43.6705858Z  containerd:
2025-09-23T15:21:43.6706172Z   Version:          1.7.27
2025-09-23T15:21:43.6706631Z   GitCommit:        05044ec0a9a75232cad458027ca83437aae3f4da
2025-09-23T15:21:43.6707125Z  runc:
2025-09-23T15:21:43.6707420Z   Version:          1.2.5
2025-09-23T15:21:43.6707662Z   GitCommit:        v1.2.5-0-g59923ef
2025-09-23T15:21:43.6708022Z  docker-init:
2025-09-23T15:21:43.6708228Z   Version:          0.19.0
2025-09-23T15:21:43.6708460Z   GitCommit:        de40ad0
2025-09-23T15:21:43.6758981Z [command]/usr/bin/docker info
2025-09-23T15:21:44.0635217Z Client: Docker Engine - Community
2025-09-23T15:21:44.0635766Z  Version:    28.0.4
2025-09-23T15:21:44.0636100Z  Context:    default
2025-09-23T15:21:44.0636443Z  Debug Mode: false
2025-09-23T15:21:44.0636797Z  Plugins:
2025-09-23T15:21:44.0637155Z   buildx: Docker Buildx (Docker Inc.)
2025-09-23T15:21:44.0637599Z     Version:  v0.28.0
2025-09-23T15:21:44.0638125Z     Path:     /usr/libexec/docker/cli-plugins/docker-buildx
2025-09-23T15:21:44.0638681Z   compose: Docker Compose (Docker Inc.)
2025-09-23T15:21:44.0639122Z     Version:  v2.38.2
2025-09-23T15:21:44.0639636Z     Path:     /usr/libexec/docker/cli-plugins/docker-compose
2025-09-23T15:21:44.0640003Z 
2025-09-23T15:21:44.0640114Z Server:
2025-09-23T15:21:44.0640378Z  Containers: 0
2025-09-23T15:21:44.0640678Z   Running: 0
2025-09-23T15:21:44.0640961Z   Paused: 0
2025-09-23T15:21:44.0641236Z   Stopped: 0
2025-09-23T15:21:44.0641512Z  Images: 0
2025-09-23T15:21:44.0641796Z  Server Version: 28.0.4
2025-09-23T15:21:44.0642157Z  Storage Driver: overlay2
2025-09-23T15:21:44.0642537Z   Backing Filesystem: extfs
2025-09-23T15:21:44.0642915Z   Supports d_type: true
2025-09-23T15:21:44.0643452Z   Using metacopy: false
2025-09-23T15:21:44.0644294Z   Native Overlay Diff: false
2025-09-23T15:21:44.0644677Z   userxattr: false
2025-09-23T15:21:44.0645011Z  Logging Driver: json-file
2025-09-23T15:21:44.0645370Z  Cgroup Driver: systemd
2025-09-23T15:21:44.0645696Z  Cgroup Version: 2
2025-09-23T15:21:44.0645998Z  Plugins:
2025-09-23T15:21:44.0646277Z   Volume: local
2025-09-23T15:21:44.0646692Z   Network: bridge host ipvlan macvlan null overlay
2025-09-23T15:21:44.0647423Z   Log: awslogs fluentd gcplogs gelf journald json-file local splunk syslog
2025-09-23T15:21:44.0648011Z  Swarm: inactive
2025-09-23T15:21:44.0648363Z  Runtimes: io.containerd.runc.v2 runc
2025-09-23T15:21:44.0648798Z  Default Runtime: runc
2025-09-23T15:21:44.0649144Z  Init Binary: docker-init
2025-09-23T15:21:44.0649649Z  containerd version: 05044ec0a9a75232cad458027ca83437aae3f4da
2025-09-23T15:21:44.0650197Z  runc version: v1.2.5-0-g59923ef
2025-09-23T15:21:44.0650572Z  init version: de40ad0
2025-09-23T15:21:44.0650899Z  Security Options:
2025-09-23T15:21:44.0651194Z   apparmor
2025-09-23T15:21:44.0651485Z   seccomp
2025-09-23T15:21:44.0651777Z    Profile: builtin
2025-09-23T15:21:44.0652080Z   cgroupns
2025-09-23T15:21:44.0652380Z  Kernel Version: 6.11.0-1018-azure
2025-09-23T15:21:44.0652815Z  Operating System: Ubuntu 24.04.3 LTS
2025-09-23T15:21:44.0653210Z  OSType: linux
2025-09-23T15:21:44.0653833Z  Architecture: x86_64
2025-09-23T15:21:44.0654143Z  CPUs: 4
2025-09-23T15:21:44.0654417Z  Total Memory: 15.62GiB
2025-09-23T15:21:44.0654745Z  Name: runnervmf4ws1
2025-09-23T15:21:44.0655101Z  ID: 80b0c887-f378-498c-94b8-5e260688697c
2025-09-23T15:21:44.0655538Z  Docker Root Dir: /var/lib/docker
2025-09-23T15:21:44.0655912Z  Debug Mode: false
2025-09-23T15:21:44.0656231Z  Username: githubactions
2025-09-23T15:21:44.0656573Z  Experimental: false
2025-09-23T15:21:44.0656905Z  Insecure Registries:
2025-09-23T15:21:44.0657240Z   ::1/128
2025-09-23T15:21:44.0657508Z   127.0.0.0/8
2025-09-23T15:21:44.0657818Z  Live Restore Enabled: false
2025-09-23T15:21:44.0658051Z 
2025-09-23T15:21:44.0658727Z ##[endgroup]
2025-09-23T15:21:44.1516255Z ##[group]Buildx version
2025-09-23T15:21:44.1547709Z [command]/usr/bin/docker buildx version
2025-09-23T15:21:44.2114737Z github.com/docker/buildx v0.28.0 b1281b81bba797b21d9eaf256e6a13eb14419836
2025-09-23T15:21:44.2150725Z ##[endgroup]
2025-09-23T15:21:44.2312361Z ##[group]Inspecting default docker context
2025-09-23T15:21:44.2478108Z [
2025-09-23T15:21:44.2478415Z   {
2025-09-23T15:21:44.2478751Z     "Name": "default",
2025-09-23T15:21:44.2479116Z     "Metadata": {},
2025-09-23T15:21:44.2479461Z     "Endpoints": {
2025-09-23T15:21:44.2479799Z       "docker": {
2025-09-23T15:21:44.2480296Z         "Host": "unix:///var/run/docker.sock",
2025-09-23T15:21:44.2480840Z         "SkipTLSVerify": false
2025-09-23T15:21:44.2481194Z       }
2025-09-23T15:21:44.2481452Z     },
2025-09-23T15:21:44.2481750Z     "TLSMaterial": {},
2025-09-23T15:21:44.2482093Z     "Storage": {
2025-09-23T15:21:44.2482493Z       "MetadataPath": "<IN MEMORY>",
2025-09-23T15:21:44.2483009Z       "TLSPath": "<IN MEMORY>"
2025-09-23T15:21:44.2483485Z     }
2025-09-23T15:21:44.2483731Z   }
2025-09-23T15:21:44.2483957Z ]
2025-09-23T15:21:44.2484517Z ##[endgroup]
2025-09-23T15:21:44.2485027Z ##[group]Creating a new builder instance
2025-09-23T15:21:44.3869566Z [command]/usr/bin/docker buildx create --name builder-572451e2-ba5a-4d4f-9b3c-454b15c1a299 --driver docker-container --buildkitd-flags --allow-insecure-entitlement security.insecure --allow-insecure-entitlement network.host --use
2025-09-23T15:21:44.4657209Z builder-572451e2-ba5a-4d4f-9b3c-454b15c1a299
2025-09-23T15:21:44.4704415Z ##[endgroup]
2025-09-23T15:21:44.4704959Z ##[group]Booting builder
2025-09-23T15:21:44.4740022Z [command]/usr/bin/docker buildx inspect --bootstrap --builder builder-572451e2-ba5a-4d4f-9b3c-454b15c1a299
2025-09-23T15:21:44.5330924Z #1 [internal] booting buildkit
2025-09-23T15:21:44.6839485Z #1 pulling image moby/buildkit:buildx-stable-1
2025-09-23T15:21:47.8524963Z #1 pulling image moby/buildkit:buildx-stable-1 3.3s done
2025-09-23T15:21:48.0028483Z #1 creating container buildx_buildkit_builder-572451e2-ba5a-4d4f-9b3c-454b15c1a2990
2025-09-23T15:21:48.2475550Z #1 creating container buildx_buildkit_builder-572451e2-ba5a-4d4f-9b3c-454b15c1a2990 0.4s done
2025-09-23T15:21:48.2495118Z #1 DONE 3.7s
2025-09-23T15:21:48.2823470Z Name:          builder-572451e2-ba5a-4d4f-9b3c-454b15c1a299
2025-09-23T15:21:48.2824156Z Driver:        docker-container
2025-09-23T15:21:48.2824595Z Last Activity: 2025-09-23 15:21:44 +0000 UTC
2025-09-23T15:21:48.2824886Z 
2025-09-23T15:21:48.2825002Z Nodes:
2025-09-23T15:21:48.2835986Z Name:                  builder-572451e2-ba5a-4d4f-9b3c-454b15c1a2990
2025-09-23T15:21:48.2836768Z Endpoint:              unix:///var/run/docker.sock
2025-09-23T15:21:48.2837357Z Status:                running
2025-09-23T15:21:48.2838229Z BuildKit daemon flags: --allow-insecure-entitlement security.insecure --allow-insecure-entitlement network.host
2025-09-23T15:21:48.2838821Z BuildKit version:      v0.24.0
2025-09-23T15:21:48.2839193Z Platforms:             linux/amd64, linux/amd64/v2, linux/amd64/v3, linux/386
2025-09-23T15:21:48.2839521Z Labels:
2025-09-23T15:21:48.2839788Z  org.mobyproject.buildkit.worker.executor:         oci
2025-09-23T15:21:48.2840196Z  org.mobyproject.buildkit.worker.hostname:         c3f62bb037dd
2025-09-23T15:21:48.2840612Z  org.mobyproject.buildkit.worker.network:          host
2025-09-23T15:21:48.2841008Z  org.mobyproject.buildkit.worker.oci.process-mode: sandbox
2025-09-23T15:21:48.2841549Z  org.mobyproject.buildkit.worker.selinux.enabled:  false
2025-09-23T15:21:48.2842132Z  org.mobyproject.buildkit.worker.snapshotter:      overlayfs
2025-09-23T15:21:48.2874423Z GC Policy rule#0:
2025-09-23T15:21:48.2874801Z  All:            false
2025-09-23T15:21:48.2875432Z  Filters:        type==source.local,type==exec.cachemount,type==source.git.checkout
2025-09-23T15:21:48.2876091Z  Keep Duration:  48h0m0s
2025-09-23T15:21:48.2876466Z  Max Used Space: 488.3MiB
2025-09-23T15:21:48.2876815Z GC Policy rule#1:
2025-09-23T15:21:48.2877531Z  All:            false
2025-09-23T15:21:48.2877864Z  Keep Duration:  1440h0m0s
2025-09-23T15:21:48.2878219Z  Reserved Space: 7.451GiB
2025-09-23T15:21:48.2878561Z  Max Used Space: 54.02GiB
2025-09-23T15:21:48.2879551Z  Min Free Space: 13.97GiB
2025-09-23T15:21:48.2880031Z GC Policy rule#2:
2025-09-23T15:21:48.2880367Z  All:            false
2025-09-23T15:21:48.2880732Z  Reserved Space: 7.451GiB
2025-09-23T15:21:48.2881119Z  Max Used Space: 54.02GiB
2025-09-23T15:21:48.2881489Z  Min Free Space: 13.97GiB
2025-09-23T15:21:48.2881842Z GC Policy rule#3:
2025-09-23T15:21:48.2882171Z  All:            true
2025-09-23T15:21:48.2882839Z  Reserved Space: 7.451GiB
2025-09-23T15:21:48.2883804Z  Max Used Space: 54.02GiB
2025-09-23T15:21:48.2884235Z  Min Free Space: 13.97GiB
2025-09-23T15:21:48.2898726Z ##[endgroup]
2025-09-23T15:21:48.3754847Z ##[group]Inspect builder
2025-09-23T15:21:48.3757289Z {
2025-09-23T15:21:48.3757601Z   "nodes": [
2025-09-23T15:21:48.3757861Z     {
2025-09-23T15:21:48.3758247Z       "name": "builder-572451e2-ba5a-4d4f-9b3c-454b15c1a2990",
2025-09-23T15:21:48.3758647Z       "endpoint": "unix:///var/run/docker.sock",
2025-09-23T15:21:48.3758961Z       "status": "running",
2025-09-23T15:21:48.3760037Z       "buildkitd-flags": "--allow-insecure-entitlement security.insecure --allow-insecure-entitlement network.host",
2025-09-23T15:21:48.3760922Z       "buildkit": "v0.24.0",
2025-09-23T15:21:48.3761614Z       "platforms": "linux/amd64,linux/amd64/v2,linux/amd64/v3,linux/386",
2025-09-23T15:21:48.3762203Z       "features": {
2025-09-23T15:21:48.3762949Z         "Automatically load images to the Docker Engine image store": true,
2025-09-23T15:21:48.3763981Z         "Cache export": true,
2025-09-23T15:21:48.3764450Z         "Direct push": true,
2025-09-23T15:21:48.3764914Z         "Docker exporter": true,
2025-09-23T15:21:48.3765440Z         "Multi-platform build": true,
2025-09-23T15:21:48.3765935Z         "OCI exporter": true
2025-09-23T15:21:48.3766292Z       },
2025-09-23T15:21:48.3766913Z       "labels": {
2025-09-23T15:21:48.3767555Z         "org.mobyproject.buildkit.worker.executor": "oci",
2025-09-23T15:21:48.3768421Z         "org.mobyproject.buildkit.worker.hostname": "c3f62bb037dd",
2025-09-23T15:21:48.3769243Z         "org.mobyproject.buildkit.worker.network": "host",
2025-09-23T15:21:48.3769775Z         "org.mobyproject.buildkit.worker.oci.process-mode": "sandbox",
2025-09-23T15:21:48.3770335Z         "org.mobyproject.buildkit.worker.selinux.enabled": "false",
2025-09-23T15:21:48.3770848Z         "org.mobyproject.buildkit.worker.snapshotter": "overlayfs"
2025-09-23T15:21:48.3771161Z       },
2025-09-23T15:21:48.3771351Z       "gcPolicy": [
2025-09-23T15:21:48.3771545Z         {
2025-09-23T15:21:48.3771750Z           "all": false,
2025-09-23T15:21:48.3771981Z           "filter": [
2025-09-23T15:21:48.3772252Z             "type==source.local",
2025-09-23T15:21:48.3772568Z             "type==exec.cachemount",
2025-09-23T15:21:48.3772899Z             "type==source.git.checkout"
2025-09-23T15:21:48.3773164Z           ],
2025-09-23T15:21:48.3773720Z           "keepDuration": "48h0m0s",
2025-09-23T15:21:48.3774041Z           "maxUsedSpace": "488.3MiB"
2025-09-23T15:21:48.3774274Z         },
2025-09-23T15:21:48.3774433Z         {
2025-09-23T15:21:48.3774633Z           "all": false,
2025-09-23T15:21:48.3774906Z           "keepDuration": "1440h0m0s",
2025-09-23T15:21:48.3775212Z           "reservedSpace": "7.451GiB",
2025-09-23T15:21:48.3775504Z           "maxUsedSpace": "54.02GiB",
2025-09-23T15:21:48.3775800Z           "minFreeSpace": "13.97GiB"
2025-09-23T15:21:48.3776013Z         },
2025-09-23T15:21:48.3776175Z         {
2025-09-23T15:21:48.3776364Z           "all": false,
2025-09-23T15:21:48.3776633Z           "reservedSpace": "7.451GiB",
2025-09-23T15:21:48.3776929Z           "maxUsedSpace": "54.02GiB",
2025-09-23T15:21:48.3777213Z           "minFreeSpace": "13.97GiB"
2025-09-23T15:21:48.3777436Z         },
2025-09-23T15:21:48.3777588Z         {
2025-09-23T15:21:48.3777785Z           "all": true,
2025-09-23T15:21:48.3778259Z           "reservedSpace": "7.451GiB",
2025-09-23T15:21:48.3778557Z           "maxUsedSpace": "54.02GiB",
2025-09-23T15:21:48.3778841Z           "minFreeSpace": "13.97GiB"
2025-09-23T15:21:48.3779055Z         }
2025-09-23T15:21:48.3779206Z       ]
2025-09-23T15:21:48.3779349Z     }
2025-09-23T15:21:48.3779488Z   ],
2025-09-23T15:21:48.3779723Z   "name": "builder-572451e2-ba5a-4d4f-9b3c-454b15c1a299",
2025-09-23T15:21:48.3780038Z   "driver": "docker-container",
2025-09-23T15:21:48.3780295Z   "lastActivity": "2025-09-23T15:21:44.000Z"
2025-09-23T15:21:48.3780519Z }
2025-09-23T15:21:48.3780833Z ##[endgroup]
2025-09-23T15:21:48.3781116Z ##[group]BuildKit version
2025-09-23T15:21:48.3781380Z builder-572451e2-ba5a-4d4f-9b3c-454b15c1a2990: v0.24.0
2025-09-23T15:21:48.3781760Z ##[endgroup]
2025-09-23T15:21:48.3901735Z ##[group]Run docker/login-action@v3
2025-09-23T15:21:48.3902001Z with:
2025-09-23T15:21:48.3902172Z   registry: ghcr.io
2025-09-23T15:21:48.3902355Z   username: thc1006
2025-09-23T15:21:48.3902916Z   password: ***
2025-09-23T15:21:48.3903113Z   ecr: auto
2025-09-23T15:21:48.3903521Z   logout: true
2025-09-23T15:21:48.3903742Z env:
2025-09-23T15:21:48.3903897Z   REGISTRY: ghcr.io
2025-09-23T15:21:48.3904090Z   NAMESPACE: o-ran-mano
2025-09-23T15:21:48.3904276Z   TIMEOUT: 600
2025-09-23T15:21:48.3904480Z   PERFORMANCE_THRESHOLD_DEPLOYMENT_TIME: 600
2025-09-23T15:21:48.3904757Z   PERFORMANCE_THRESHOLD_THROUGHPUT_HIGH: 4.57
2025-09-23T15:21:48.3905028Z   PERFORMANCE_THRESHOLD_THROUGHPUT_MID: 2.77
2025-09-23T15:21:48.3905294Z   PERFORMANCE_THRESHOLD_THROUGHPUT_LOW: 0.93
2025-09-23T15:21:48.3905549Z   PERFORMANCE_THRESHOLD_RTT_HIGH: 16.1
2025-09-23T15:21:48.3905799Z   PERFORMANCE_THRESHOLD_RTT_MID: 15.7
2025-09-23T15:21:48.3906040Z   PERFORMANCE_THRESHOLD_RTT_LOW: 6.3
2025-09-23T15:21:48.3906308Z ##[endgroup]
2025-09-23T15:21:48.7299729Z Logging into ghcr.io...
2025-09-23T15:21:48.9991384Z Login Succeeded!
2025-09-23T15:21:49.0174756Z ##[group]Run docker/metadata-action@v5
2025-09-23T15:21:49.0175040Z with:
2025-09-23T15:21:49.0175221Z   images: ghcr.io/thc1006/tn-agent
2025-09-23T15:21:49.0175747Z   tags: type=ref,event=branch
type=ref,event=pr
type=sha,prefix={{branch}}-
type=semver,pattern={{version}}
type=semver,pattern={{major}}.{{minor}}

2025-09-23T15:21:49.0176293Z   context: workflow
2025-09-23T15:21:49.0176613Z   github-token: ***
2025-09-23T15:21:49.0176790Z env:
2025-09-23T15:21:49.0176944Z   REGISTRY: ghcr.io
2025-09-23T15:21:49.0177120Z   NAMESPACE: o-ran-mano
2025-09-23T15:21:49.0177310Z   TIMEOUT: 600
2025-09-23T15:21:49.0177504Z   PERFORMANCE_THRESHOLD_DEPLOYMENT_TIME: 600
2025-09-23T15:21:49.0177784Z   PERFORMANCE_THRESHOLD_THROUGHPUT_HIGH: 4.57
2025-09-23T15:21:49.0178055Z   PERFORMANCE_THRESHOLD_THROUGHPUT_MID: 2.77
2025-09-23T15:21:49.0178318Z   PERFORMANCE_THRESHOLD_THROUGHPUT_LOW: 0.93
2025-09-23T15:21:49.0178581Z   PERFORMANCE_THRESHOLD_RTT_HIGH: 16.1
2025-09-23T15:21:49.0178874Z   PERFORMANCE_THRESHOLD_RTT_MID: 15.7
2025-09-23T15:21:49.0179128Z   PERFORMANCE_THRESHOLD_RTT_LOW: 6.3
2025-09-23T15:21:49.0179360Z ##[endgroup]
2025-09-23T15:21:49.6536850Z ##[group]Context info
2025-09-23T15:21:49.6537462Z eventName: push
2025-09-23T15:21:49.6537871Z sha: 2c0bc4949c237fd9a9d6d71542f3a84f251becb9
2025-09-23T15:21:49.6538311Z ref: refs/heads/main
2025-09-23T15:21:49.6538651Z workflow: Production Deployment
2025-09-23T15:21:49.6539001Z action: meta
2025-09-23T15:21:49.6539276Z actor: thc1006
2025-09-23T15:21:49.6539557Z runNumber: 40
2025-09-23T15:21:49.6539838Z runId: 17950904050
2025-09-23T15:21:49.6540675Z commitDate: Tue Sep 23 2025 15:20:34 GMT+0000 (Coordinated Universal Time)
2025-09-23T15:21:49.6541749Z ##[endgroup]
2025-09-23T15:21:49.6549474Z ##[group]Processing images input
2025-09-23T15:21:49.6549954Z name=ghcr.io/thc1006/tn-agent,enable=true
2025-09-23T15:21:49.6551155Z ##[endgroup]
2025-09-23T15:21:49.6565764Z ##[group]Processing tags input
2025-09-23T15:21:49.6567068Z type=semver,pattern={{version}},value=,match=,enable=true,priority=900
2025-09-23T15:21:49.6568471Z type=semver,pattern={{major}}.{{minor}},value=,match=,enable=true,priority=900
2025-09-23T15:21:49.6569215Z type=ref,event=branch,enable=true,priority=600
2025-09-23T15:21:49.6569840Z type=ref,event=pr,prefix=pr-,enable=true,priority=600
2025-09-23T15:21:49.6570522Z type=sha,prefix={{branch}}-,format=short,enable=true,priority=100
2025-09-23T15:21:49.6571521Z ##[endgroup]
2025-09-23T15:21:49.6572322Z ##[group]Processing flavor input
2025-09-23T15:21:49.6573091Z latest=auto
2025-09-23T15:21:49.6573872Z prefix=
2025-09-23T15:21:49.6574197Z prefixLatest=false
2025-09-23T15:21:49.6574532Z suffix=
2025-09-23T15:21:49.6574810Z suffixLatest=false
2025-09-23T15:21:49.6575371Z ##[endgroup]
2025-09-23T15:21:49.6644399Z ##[group]Docker image version
2025-09-23T15:21:49.6644812Z main
2025-09-23T15:21:49.6645499Z ##[endgroup]
2025-09-23T15:21:49.6651186Z ##[group]Docker tags
2025-09-23T15:21:49.6651613Z ghcr.io/thc1006/tn-agent:main
2025-09-23T15:21:49.6652092Z ghcr.io/thc1006/tn-agent:main-2c0bc49
2025-09-23T15:21:49.6652784Z ##[endgroup]
2025-09-23T15:21:49.6729847Z ##[group]Docker labels
2025-09-23T15:21:49.6730551Z org.opencontainers.image.created=2025-09-23T15:21:49.657Z
2025-09-23T15:21:49.6734215Z org.opencontainers.image.description=O-RAN Intent-Based MANO for Network Slicing: Natural language to QoS mapping with automated E2E slice orchestration via O2IMS/O2DMS + Nephio GitOps. Achieves <10min deployment, supports eMBB/URLLC/mMTC with multi-site connectivity (Kube-OVN/VXLAN) and TN bandwidth control.
2025-09-23T15:21:49.6736368Z org.opencontainers.image.licenses=Apache-2.0
2025-09-23T15:21:49.6737144Z org.opencontainers.image.revision=2c0bc4949c237fd9a9d6d71542f3a84f251becb9
2025-09-23T15:21:49.6738338Z org.opencontainers.image.source=https://github.com/thc1006/O-RAN-Intent-MANO-for-Network-Slicing
2025-09-23T15:21:49.6739320Z org.opencontainers.image.title=O-RAN-Intent-MANO-for-Network-Slicing
2025-09-23T15:21:49.6740668Z org.opencontainers.image.url=https://github.com/thc1006/O-RAN-Intent-MANO-for-Network-Slicing
2025-09-23T15:21:49.6741414Z org.opencontainers.image.version=main
2025-09-23T15:21:49.6741997Z ##[endgroup]
2025-09-23T15:21:49.6742487Z ##[group]Annotations
2025-09-23T15:21:49.6742996Z manifest:org.opencontainers.image.created=2025-09-23T15:21:49.657Z
2025-09-23T15:21:49.6745477Z manifest:org.opencontainers.image.description=O-RAN Intent-Based MANO for Network Slicing: Natural language to QoS mapping with automated E2E slice orchestration via O2IMS/O2DMS + Nephio GitOps. Achieves <10min deployment, supports eMBB/URLLC/mMTC with multi-site connectivity (Kube-OVN/VXLAN) and TN bandwidth control.
2025-09-23T15:21:49.6747492Z manifest:org.opencontainers.image.licenses=Apache-2.0
2025-09-23T15:21:49.6748256Z manifest:org.opencontainers.image.revision=2c0bc4949c237fd9a9d6d71542f3a84f251becb9
2025-09-23T15:21:49.6749327Z manifest:org.opencontainers.image.source=https://github.com/thc1006/O-RAN-Intent-MANO-for-Network-Slicing
2025-09-23T15:21:49.6750371Z manifest:org.opencontainers.image.title=O-RAN-Intent-MANO-for-Network-Slicing
2025-09-23T15:21:49.6751399Z manifest:org.opencontainers.image.url=https://github.com/thc1006/O-RAN-Intent-MANO-for-Network-Slicing
2025-09-23T15:21:49.6752234Z manifest:org.opencontainers.image.version=main
2025-09-23T15:21:49.6752896Z ##[endgroup]
2025-09-23T15:21:49.6756415Z ##[group]JSON output
2025-09-23T15:21:49.6759209Z {
2025-09-23T15:21:49.6759833Z   "tags": [
2025-09-23T15:21:49.6760217Z     "ghcr.io/thc1006/tn-agent:main",
2025-09-23T15:21:49.6760737Z     "ghcr.io/thc1006/tn-agent:main-2c0bc49"
2025-09-23T15:21:49.6761127Z   ],
2025-09-23T15:21:49.6761383Z   "labels": {
2025-09-23T15:21:49.6761935Z     "org.opencontainers.image.created": "2025-09-23T15:21:49.657Z",
2025-09-23T15:21:49.6764782Z     "org.opencontainers.image.description": "O-RAN Intent-Based MANO for Network Slicing: Natural language to QoS mapping with automated E2E slice orchestration via O2IMS/O2DMS + Nephio GitOps. Achieves <10min deployment, supports eMBB/URLLC/mMTC with multi-site connectivity (Kube-OVN/VXLAN) and TN bandwidth control.",
2025-09-23T15:21:49.6767215Z     "org.opencontainers.image.licenses": "Apache-2.0",
2025-09-23T15:21:49.6768075Z     "org.opencontainers.image.revision": "2c0bc4949c237fd9a9d6d71542f3a84f251becb9",
2025-09-23T15:21:49.6769261Z     "org.opencontainers.image.source": "https://github.com/thc1006/O-RAN-Intent-MANO-for-Network-Slicing",
2025-09-23T15:21:49.6770396Z     "org.opencontainers.image.title": "O-RAN-Intent-MANO-for-Network-Slicing",
2025-09-23T15:21:49.6771501Z     "org.opencontainers.image.url": "https://github.com/thc1006/O-RAN-Intent-MANO-for-Network-Slicing",
2025-09-23T15:21:49.6772356Z     "org.opencontainers.image.version": "main"
2025-09-23T15:21:49.6772772Z   },
2025-09-23T15:21:49.6773042Z   "annotations": [
2025-09-23T15:21:49.6773851Z     "manifest:org.opencontainers.image.created=2025-09-23T15:21:49.657Z",
2025-09-23T15:21:49.6776628Z     "manifest:org.opencontainers.image.description=O-RAN Intent-Based MANO for Network Slicing: Natural language to QoS mapping with automated E2E slice orchestration via O2IMS/O2DMS + Nephio GitOps. Achieves <10min deployment, supports eMBB/URLLC/mMTC with multi-site connectivity (Kube-OVN/VXLAN) and TN bandwidth control.",
2025-09-23T15:21:49.6778785Z     "manifest:org.opencontainers.image.licenses=Apache-2.0",
2025-09-23T15:21:49.6779727Z     "manifest:org.opencontainers.image.revision=2c0bc4949c237fd9a9d6d71542f3a84f251becb9",
2025-09-23T15:21:49.6781019Z     "manifest:org.opencontainers.image.source=https://github.com/thc1006/O-RAN-Intent-MANO-for-Network-Slicing",
2025-09-23T15:21:49.6782211Z     "manifest:org.opencontainers.image.title=O-RAN-Intent-MANO-for-Network-Slicing",
2025-09-23T15:21:49.6783594Z     "manifest:org.opencontainers.image.url=https://github.com/thc1006/O-RAN-Intent-MANO-for-Network-Slicing",
2025-09-23T15:21:49.6784545Z     "manifest:org.opencontainers.image.version=main"
2025-09-23T15:21:49.6785002Z   ]
2025-09-23T15:21:49.6785449Z }
2025-09-23T15:21:49.6785974Z ##[endgroup]
2025-09-23T15:21:49.6786496Z ##[group]Bake file definition (tags)
2025-09-23T15:21:49.6786870Z {
2025-09-23T15:21:49.6787149Z   "target": {
2025-09-23T15:21:49.6787521Z     "docker-metadata-action": {
2025-09-23T15:21:49.6787915Z       "tags": [
2025-09-23T15:21:49.6788366Z         "ghcr.io/thc1006/tn-agent:main",
2025-09-23T15:21:49.6788957Z         "ghcr.io/thc1006/tn-agent:main-2c0bc49"
2025-09-23T15:21:49.6789348Z       ],
2025-09-23T15:21:49.6789589Z       "args": {
2025-09-23T15:21:49.6790078Z         "DOCKER_META_IMAGES": "ghcr.io/thc1006/tn-agent",
2025-09-23T15:21:49.6790612Z         "DOCKER_META_VERSION": "main"
2025-09-23T15:21:49.6790977Z       }
2025-09-23T15:21:49.6791216Z     }
2025-09-23T15:21:49.6791455Z   }
2025-09-23T15:21:49.6791687Z }
2025-09-23T15:21:49.6792089Z ##[endgroup]
2025-09-23T15:21:49.6792558Z ##[group]Bake file definition (labels)
2025-09-23T15:21:49.6792922Z {
2025-09-23T15:21:49.6793178Z   "target": {
2025-09-23T15:21:49.6793734Z     "docker-metadata-action": {
2025-09-23T15:21:49.6794116Z       "labels": {
2025-09-23T15:21:49.6794743Z         "org.opencontainers.image.created": "2025-09-23T15:21:49.657Z",
2025-09-23T15:21:49.6797915Z         "org.opencontainers.image.description": "O-RAN Intent-Based MANO for Network Slicing: Natural language to QoS mapping with automated E2E slice orchestration via O2IMS/O2DMS + Nephio GitOps. Achieves <10min deployment, supports eMBB/URLLC/mMTC with multi-site connectivity (Kube-OVN/VXLAN) and TN bandwidth control.",
2025-09-23T15:21:49.6800083Z         "org.opencontainers.image.licenses": "Apache-2.0",
2025-09-23T15:21:49.6801089Z         "org.opencontainers.image.revision": "2c0bc4949c237fd9a9d6d71542f3a84f251becb9",
2025-09-23T15:21:49.6802454Z         "org.opencontainers.image.source": "https://github.com/thc1006/O-RAN-Intent-MANO-for-Network-Slicing",
2025-09-23T15:21:49.6803897Z         "org.opencontainers.image.title": "O-RAN-Intent-MANO-for-Network-Slicing",
2025-09-23T15:21:49.6805372Z         "org.opencontainers.image.url": "https://github.com/thc1006/O-RAN-Intent-MANO-for-Network-Slicing",
2025-09-23T15:21:49.6806704Z         "org.opencontainers.image.version": "main"
2025-09-23T15:21:49.6807147Z       }
2025-09-23T15:21:49.6807389Z     }
2025-09-23T15:21:49.6807616Z   }
2025-09-23T15:21:49.6807847Z }
2025-09-23T15:21:49.6808296Z ##[endgroup]
2025-09-23T15:21:49.6808820Z ##[group]Bake file definition (annotations)
2025-09-23T15:21:49.6809188Z {
2025-09-23T15:21:49.6809453Z   "target": {
2025-09-23T15:21:49.6809800Z     "docker-metadata-action": {
2025-09-23T15:21:49.6810222Z       "annotations": [
2025-09-23T15:21:49.6810971Z         "manifest:org.opencontainers.image.created=2025-09-23T15:21:49.657Z",
2025-09-23T15:21:49.6814445Z         "manifest:org.opencontainers.image.description=O-RAN Intent-Based MANO for Network Slicing: Natural language to QoS mapping with automated E2E slice orchestration via O2IMS/O2DMS + Nephio GitOps. Achieves <10min deployment, supports eMBB/URLLC/mMTC with multi-site connectivity (Kube-OVN/VXLAN) and TN bandwidth control.",
2025-09-23T15:21:49.6816724Z         "manifest:org.opencontainers.image.licenses=Apache-2.0",
2025-09-23T15:21:49.6817841Z         "manifest:org.opencontainers.image.revision=2c0bc4949c237fd9a9d6d71542f3a84f251becb9",
2025-09-23T15:21:49.6819321Z         "manifest:org.opencontainers.image.source=https://github.com/thc1006/O-RAN-Intent-MANO-for-Network-Slicing",
2025-09-23T15:21:49.6820695Z         "manifest:org.opencontainers.image.title=O-RAN-Intent-MANO-for-Network-Slicing",
2025-09-23T15:21:49.6822123Z         "manifest:org.opencontainers.image.url=https://github.com/thc1006/O-RAN-Intent-MANO-for-Network-Slicing",
2025-09-23T15:21:49.6823218Z         "manifest:org.opencontainers.image.version=main"
2025-09-23T15:21:49.6823862Z       ]
2025-09-23T15:21:49.6824106Z     }
2025-09-23T15:21:49.6824345Z   }
2025-09-23T15:21:49.6824591Z }
2025-09-23T15:21:49.6825087Z ##[endgroup]
2025-09-23T15:21:49.7337609Z ##[group]Run # Check component directory in multiple locations
2025-09-23T15:21:49.7338244Z [36;1m# Check component directory in multiple locations[0m
2025-09-23T15:21:49.7338617Z [36;1mCOMPONENT_PATH=""[0m
2025-09-23T15:21:49.7338818Z [36;1m[0m
2025-09-23T15:21:49.7338993Z [36;1m# First check root directory[0m
2025-09-23T15:21:49.7339232Z [36;1mif [ -d "tn-agent" ]; then[0m
2025-09-23T15:21:49.7339464Z [36;1m  COMPONENT_PATH="tn-agent"[0m
2025-09-23T15:21:49.7339701Z [36;1m# Then check deploy/docker/[0m
2025-09-23T15:21:49.7339960Z [36;1melif [ -d "deploy/docker/tn-agent" ]; then[0m
2025-09-23T15:21:49.7340260Z [36;1m  COMPONENT_PATH="deploy/docker/tn-agent"[0m
2025-09-23T15:21:49.7340550Z [36;1m# Check for tn components in tn/ subdirectory[0m
2025-09-23T15:21:49.7340865Z [36;1melif [ "tn-agent" = "tn-agent" ] && [ -d "tn" ]; then[0m
2025-09-23T15:21:49.7341142Z [36;1m  COMPONENT_PATH="tn"[0m
2025-09-23T15:21:49.7341441Z [36;1melif [ "tn-agent" = "tn-manager" ] && [ -d "tn" ]; then[0m
2025-09-23T15:21:49.7341729Z [36;1m  COMPONENT_PATH="tn"[0m
2025-09-23T15:21:49.7341938Z [36;1melse[0m
2025-09-23T15:21:49.7342162Z [36;1m  echo "ERROR: Component directory tn-agent not found!"[0m
2025-09-23T15:21:49.7342438Z [36;1m  exit 1[0m
2025-09-23T15:21:49.7342597Z [36;1mfi[0m
2025-09-23T15:21:49.7342754Z [36;1m[0m
2025-09-23T15:21:49.7342975Z [36;1mecho "Component tn-agent found at: $COMPONENT_PATH"[0m
2025-09-23T15:21:49.7343587Z [36;1mecho "COMPONENT_PATH=$COMPONENT_PATH" >> $GITHUB_ENV[0m
2025-09-23T15:21:49.7397159Z shell: /usr/bin/bash -e {0}
2025-09-23T15:21:49.7397393Z env:
2025-09-23T15:21:49.7397553Z   REGISTRY: ghcr.io
2025-09-23T15:21:49.7397753Z   NAMESPACE: o-ran-mano
2025-09-23T15:21:49.7397941Z   TIMEOUT: 600
2025-09-23T15:21:49.7398148Z   PERFORMANCE_THRESHOLD_DEPLOYMENT_TIME: 600
2025-09-23T15:21:49.7398421Z   PERFORMANCE_THRESHOLD_THROUGHPUT_HIGH: 4.57
2025-09-23T15:21:49.7398680Z   PERFORMANCE_THRESHOLD_THROUGHPUT_MID: 2.77
2025-09-23T15:21:49.7398960Z   PERFORMANCE_THRESHOLD_THROUGHPUT_LOW: 0.93
2025-09-23T15:21:49.7399229Z   PERFORMANCE_THRESHOLD_RTT_HIGH: 16.1
2025-09-23T15:21:49.7399727Z   PERFORMANCE_THRESHOLD_RTT_MID: 15.7
2025-09-23T15:21:49.7399961Z   PERFORMANCE_THRESHOLD_RTT_LOW: 6.3
2025-09-23T15:21:49.7400206Z   DOCKER_METADATA_OUTPUT_VERSION: main
2025-09-23T15:21:49.7400621Z   DOCKER_METADATA_OUTPUT_TAGS: ghcr.io/thc1006/tn-agent:main
ghcr.io/thc1006/tn-agent:main-2c0bc49
2025-09-23T15:21:49.7403709Z   DOCKER_METADATA_OUTPUT_LABELS: org.opencontainers.image.created=2025-09-23T15:21:49.657Z
org.opencontainers.image.description=O-RAN Intent-Based MANO for Network Slicing: Natural language to QoS mapping with automated E2E slice orchestration via O2IMS/O2DMS + Nephio GitOps. Achieves <10min deployment, supports eMBB/URLLC/mMTC with multi-site connectivity (Kube-OVN/VXLAN) and TN bandwidth control.
org.opencontainers.image.licenses=Apache-2.0
org.opencontainers.image.revision=2c0bc4949c237fd9a9d6d71542f3a84f251becb9
org.opencontainers.image.source=https://github.com/thc1006/O-RAN-Intent-MANO-for-Network-Slicing
org.opencontainers.image.title=O-RAN-Intent-MANO-for-Network-Slicing
org.opencontainers.image.url=https://github.com/thc1006/O-RAN-Intent-MANO-for-Network-Slicing
org.opencontainers.image.version=main
2025-09-23T15:21:49.7409381Z   DOCKER_METADATA_OUTPUT_ANNOTATIONS: manifest:org.opencontainers.image.created=2025-09-23T15:21:49.657Z
manifest:org.opencontainers.image.description=O-RAN Intent-Based MANO for Network Slicing: Natural language to QoS mapping with automated E2E slice orchestration via O2IMS/O2DMS + Nephio GitOps. Achieves <10min deployment, supports eMBB/URLLC/mMTC with multi-site connectivity (Kube-OVN/VXLAN) and TN bandwidth control.
manifest:org.opencontainers.image.licenses=Apache-2.0
manifest:org.opencontainers.image.revision=2c0bc4949c237fd9a9d6d71542f3a84f251becb9
manifest:org.opencontainers.image.source=https://github.com/thc1006/O-RAN-Intent-MANO-for-Network-Slicing
manifest:org.opencontainers.image.title=O-RAN-Intent-MANO-for-Network-Slicing
manifest:org.opencontainers.image.url=https://github.com/thc1006/O-RAN-Intent-MANO-for-Network-Slicing
manifest:org.opencontainers.image.version=main
2025-09-23T15:21:49.7418252Z   DOCKER_METADATA_OUTPUT_JSON: {"tags":["ghcr.io/thc1006/tn-agent:main","ghcr.io/thc1006/tn-agent:main-2c0bc49"],"labels":{"org.opencontainers.image.created":"2025-09-23T15:21:49.657Z","org.opencontainers.image.description":"O-RAN Intent-Based MANO for Network Slicing: Natural language to QoS mapping with automated E2E slice orchestration via O2IMS/O2DMS + Nephio GitOps. Achieves <10min deployment, supports eMBB/URLLC/mMTC with multi-site connectivity (Kube-OVN/VXLAN) and TN bandwidth control.","org.opencontainers.image.licenses":"Apache-2.0","org.opencontainers.image.revision":"2c0bc4949c237fd9a9d6d71542f3a84f251becb9","org.opencontainers.image.source":"https://github.com/thc1006/O-RAN-Intent-MANO-for-Network-Slicing","org.opencontainers.image.title":"O-RAN-Intent-MANO-for-Network-Slicing","org.opencontainers.image.url":"https://github.com/thc1006/O-RAN-Intent-MANO-for-Network-Slicing","org.opencontainers.image.version":"main"},"annotations":["manifest:org.opencontainers.image.created=2025-09-23T15:21:49.657Z","manifest:org.opencontainers.image.description=O-RAN Intent-Based MANO for Network Slicing: Natural language to QoS mapping with automated E2E slice orchestration via O2IMS/O2DMS + Nephio GitOps. Achieves <10min deployment, supports eMBB/URLLC/mMTC with multi-site connectivity (Kube-OVN/VXLAN) and TN bandwidth control.","manifest:org.opencontainers.image.licenses=Apache-2.0","manifest:org.opencontainers.image.revision=2c0bc4949c237fd9a9d6d71542f3a84f251becb9","manifest:org.opencontainers.image.source=https://github.com/thc1006/O-RAN-Intent-MANO-for-Network-Slicing","manifest:org.opencontainers.image.title=O-RAN-Intent-MANO-for-Network-Slicing","manifest:org.opencontainers.image.url=https://github.com/thc1006/O-RAN-Intent-MANO-for-Network-Slicing","manifest:org.opencontainers.image.version=main"]}
2025-09-23T15:21:49.7424662Z   DOCKER_METADATA_OUTPUT_BAKE_FILE_TAGS: /home/runner/work/_temp/docker-actions-toolkit-3IkF1D/docker-metadata-action-bake-tags.json
2025-09-23T15:21:49.7425649Z   DOCKER_METADATA_OUTPUT_BAKE_FILE_LABELS: /home/runner/work/_temp/docker-actions-toolkit-3IkF1D/docker-metadata-action-bake-labels.json
2025-09-23T15:21:49.7426548Z   DOCKER_METADATA_OUTPUT_BAKE_FILE_ANNOTATIONS: /home/runner/work/_temp/docker-actions-toolkit-3IkF1D/docker-metadata-action-bake-annotations.json
2025-09-23T15:21:49.7427385Z   DOCKER_METADATA_OUTPUT_BAKE_FILE: /home/runner/work/_temp/docker-actions-toolkit-3IkF1D/docker-metadata-action-bake.json
2025-09-23T15:21:49.7427870Z ##[endgroup]
2025-09-23T15:21:49.7500644Z Component tn-agent found at: deploy/docker/tn-agent
2025-09-23T15:21:49.7527735Z ##[group]Run cd $COMPONENT_PATH
2025-09-23T15:21:49.7528021Z [36;1mcd $COMPONENT_PATH[0m
2025-09-23T15:21:49.7528247Z [36;1mif [ -f go.mod ]; then[0m
2025-09-23T15:21:49.7528471Z [36;1m  GOWORK=off go mod download[0m
2025-09-23T15:21:49.7528799Z [36;1m  GOWORK=off go test -v -race -coverprofile=coverage.out ./...[0m
2025-09-23T15:21:49.7529204Z [36;1m  go tool cover -html=coverage.out -o coverage.html[0m
2025-09-23T15:21:49.7529482Z [36;1melse[0m
2025-09-23T15:21:49.7529708Z [36;1m  echo "No go.mod found, skipping tests for tn-agent"[0m
2025-09-23T15:21:49.7529983Z [36;1mfi[0m
2025-09-23T15:21:49.7559013Z shell: /usr/bin/bash -e {0}
2025-09-23T15:21:49.7559224Z env:
2025-09-23T15:21:49.7559385Z   REGISTRY: ghcr.io
2025-09-23T15:21:49.7559572Z   NAMESPACE: o-ran-mano
2025-09-23T15:21:49.7559755Z   TIMEOUT: 600
2025-09-23T15:21:49.7559956Z   PERFORMANCE_THRESHOLD_DEPLOYMENT_TIME: 600
2025-09-23T15:21:49.7560241Z   PERFORMANCE_THRESHOLD_THROUGHPUT_HIGH: 4.57
2025-09-23T15:21:49.7560542Z   PERFORMANCE_THRESHOLD_THROUGHPUT_MID: 2.77
2025-09-23T15:21:49.7560795Z   PERFORMANCE_THRESHOLD_THROUGHPUT_LOW: 0.93
2025-09-23T15:21:49.7561045Z   PERFORMANCE_THRESHOLD_RTT_HIGH: 16.1
2025-09-23T15:21:49.7561283Z   PERFORMANCE_THRESHOLD_RTT_MID: 15.7
2025-09-23T15:21:49.7561520Z   PERFORMANCE_THRESHOLD_RTT_LOW: 6.3
2025-09-23T15:21:49.7561757Z   DOCKER_METADATA_OUTPUT_VERSION: main
2025-09-23T15:21:49.7562165Z   DOCKER_METADATA_OUTPUT_TAGS: ghcr.io/thc1006/tn-agent:main
ghcr.io/thc1006/tn-agent:main-2c0bc49
2025-09-23T15:21:49.7566445Z   DOCKER_METADATA_OUTPUT_LABELS: org.opencontainers.image.created=2025-09-23T15:21:49.657Z
org.opencontainers.image.description=O-RAN Intent-Based MANO for Network Slicing: Natural language to QoS mapping with automated E2E slice orchestration via O2IMS/O2DMS + Nephio GitOps. Achieves <10min deployment, supports eMBB/URLLC/mMTC with multi-site connectivity (Kube-OVN/VXLAN) and TN bandwidth control.
org.opencontainers.image.licenses=Apache-2.0
org.opencontainers.image.revision=2c0bc4949c237fd9a9d6d71542f3a84f251becb9
org.opencontainers.image.source=https://github.com/thc1006/O-RAN-Intent-MANO-for-Network-Slicing
org.opencontainers.image.title=O-RAN-Intent-MANO-for-Network-Slicing
org.opencontainers.image.url=https://github.com/thc1006/O-RAN-Intent-MANO-for-Network-Slicing
org.opencontainers.image.version=main
2025-09-23T15:21:49.7572230Z   DOCKER_METADATA_OUTPUT_ANNOTATIONS: manifest:org.opencontainers.image.created=2025-09-23T15:21:49.657Z
manifest:org.opencontainers.image.description=O-RAN Intent-Based MANO for Network Slicing: Natural language to QoS mapping with automated E2E slice orchestration via O2IMS/O2DMS + Nephio GitOps. Achieves <10min deployment, supports eMBB/URLLC/mMTC with multi-site connectivity (Kube-OVN/VXLAN) and TN bandwidth control.
manifest:org.opencontainers.image.licenses=Apache-2.0
manifest:org.opencontainers.image.revision=2c0bc4949c237fd9a9d6d71542f3a84f251becb9
manifest:org.opencontainers.image.source=https://github.com/thc1006/O-RAN-Intent-MANO-for-Network-Slicing
manifest:org.opencontainers.image.title=O-RAN-Intent-MANO-for-Network-Slicing
manifest:org.opencontainers.image.url=https://github.com/thc1006/O-RAN-Intent-MANO-for-Network-Slicing
manifest:org.opencontainers.image.version=main
2025-09-23T15:21:49.7581438Z   DOCKER_METADATA_OUTPUT_JSON: {"tags":["ghcr.io/thc1006/tn-agent:main","ghcr.io/thc1006/tn-agent:main-2c0bc49"],"labels":{"org.opencontainers.image.created":"2025-09-23T15:21:49.657Z","org.opencontainers.image.description":"O-RAN Intent-Based MANO for Network Slicing: Natural language to QoS mapping with automated E2E slice orchestration via O2IMS/O2DMS + Nephio GitOps. Achieves <10min deployment, supports eMBB/URLLC/mMTC with multi-site connectivity (Kube-OVN/VXLAN) and TN bandwidth control.","org.opencontainers.image.licenses":"Apache-2.0","org.opencontainers.image.revision":"2c0bc4949c237fd9a9d6d71542f3a84f251becb9","org.opencontainers.image.source":"https://github.com/thc1006/O-RAN-Intent-MANO-for-Network-Slicing","org.opencontainers.image.title":"O-RAN-Intent-MANO-for-Network-Slicing","org.opencontainers.image.url":"https://github.com/thc1006/O-RAN-Intent-MANO-for-Network-Slicing","org.opencontainers.image.version":"main"},"annotations":["manifest:org.opencontainers.image.created=2025-09-23T15:21:49.657Z","manifest:org.opencontainers.image.description=O-RAN Intent-Based MANO for Network Slicing: Natural language to QoS mapping with automated E2E slice orchestration via O2IMS/O2DMS + Nephio GitOps. Achieves <10min deployment, supports eMBB/URLLC/mMTC with multi-site connectivity (Kube-OVN/VXLAN) and TN bandwidth control.","manifest:org.opencontainers.image.licenses=Apache-2.0","manifest:org.opencontainers.image.revision=2c0bc4949c237fd9a9d6d71542f3a84f251becb9","manifest:org.opencontainers.image.source=https://github.com/thc1006/O-RAN-Intent-MANO-for-Network-Slicing","manifest:org.opencontainers.image.title=O-RAN-Intent-MANO-for-Network-Slicing","manifest:org.opencontainers.image.url=https://github.com/thc1006/O-RAN-Intent-MANO-for-Network-Slicing","manifest:org.opencontainers.image.version=main"]}
2025-09-23T15:21:49.7588292Z   DOCKER_METADATA_OUTPUT_BAKE_FILE_TAGS: /home/runner/work/_temp/docker-actions-toolkit-3IkF1D/docker-metadata-action-bake-tags.json
2025-09-23T15:21:49.7589141Z   DOCKER_METADATA_OUTPUT_BAKE_FILE_LABELS: /home/runner/work/_temp/docker-actions-toolkit-3IkF1D/docker-metadata-action-bake-labels.json
2025-09-23T15:21:49.7590120Z   DOCKER_METADATA_OUTPUT_BAKE_FILE_ANNOTATIONS: /home/runner/work/_temp/docker-actions-toolkit-3IkF1D/docker-metadata-action-bake-annotations.json
2025-09-23T15:21:49.7590964Z   DOCKER_METADATA_OUTPUT_BAKE_FILE: /home/runner/work/_temp/docker-actions-toolkit-3IkF1D/docker-metadata-action-bake.json
2025-09-23T15:21:49.7591478Z   COMPONENT_PATH: deploy/docker/tn-agent
2025-09-23T15:21:49.7591714Z ##[endgroup]
2025-09-23T15:21:49.7641997Z No go.mod found, skipping tests for tn-agent
2025-09-23T15:21:49.7719821Z ##[group]Run codecov/codecov-action@v3
2025-09-23T15:21:49.7720088Z with:
2025-09-23T15:21:49.7720277Z   file: deploy/docker/tn-agent/coverage.out
2025-09-23T15:21:49.7720522Z   flags: tn-agent
2025-09-23T15:21:49.7720709Z   name: tn-agent-coverage
2025-09-23T15:21:49.7720905Z env:
2025-09-23T15:21:49.7721061Z   REGISTRY: ghcr.io
2025-09-23T15:21:49.7721246Z   NAMESPACE: o-ran-mano
2025-09-23T15:21:49.7721439Z   TIMEOUT: 600
2025-09-23T15:21:49.7721643Z   PERFORMANCE_THRESHOLD_DEPLOYMENT_TIME: 600
2025-09-23T15:21:49.7721923Z   PERFORMANCE_THRESHOLD_THROUGHPUT_HIGH: 4.57
2025-09-23T15:21:49.7722187Z   PERFORMANCE_THRESHOLD_THROUGHPUT_MID: 2.77
2025-09-23T15:21:49.7722444Z   PERFORMANCE_THRESHOLD_THROUGHPUT_LOW: 0.93
2025-09-23T15:21:49.7722695Z   PERFORMANCE_THRESHOLD_RTT_HIGH: 16.1
2025-09-23T15:21:49.7722936Z   PERFORMANCE_THRESHOLD_RTT_MID: 15.7
2025-09-23T15:21:49.7723176Z   PERFORMANCE_THRESHOLD_RTT_LOW: 6.3
2025-09-23T15:21:49.7723686Z   DOCKER_METADATA_OUTPUT_VERSION: main
2025-09-23T15:21:49.7724215Z   DOCKER_METADATA_OUTPUT_TAGS: ghcr.io/thc1006/tn-agent:main
ghcr.io/thc1006/tn-agent:main-2c0bc49
2025-09-23T15:21:49.7727265Z   DOCKER_METADATA_OUTPUT_LABELS: org.opencontainers.image.created=2025-09-23T15:21:49.657Z
org.opencontainers.image.description=O-RAN Intent-Based MANO for Network Slicing: Natural language to QoS mapping with automated E2E slice orchestration via O2IMS/O2DMS + Nephio GitOps. Achieves <10min deployment, supports eMBB/URLLC/mMTC with multi-site connectivity (Kube-OVN/VXLAN) and TN bandwidth control.
org.opencontainers.image.licenses=Apache-2.0
org.opencontainers.image.revision=2c0bc4949c237fd9a9d6d71542f3a84f251becb9
org.opencontainers.image.source=https://github.com/thc1006/O-RAN-Intent-MANO-for-Network-Slicing
org.opencontainers.image.title=O-RAN-Intent-MANO-for-Network-Slicing
org.opencontainers.image.url=https://github.com/thc1006/O-RAN-Intent-MANO-for-Network-Slicing
org.opencontainers.image.version=main
2025-09-23T15:21:49.7733131Z   DOCKER_METADATA_OUTPUT_ANNOTATIONS: manifest:org.opencontainers.image.created=2025-09-23T15:21:49.657Z
manifest:org.opencontainers.image.description=O-RAN Intent-Based MANO for Network Slicing: Natural language to QoS mapping with automated E2E slice orchestration via O2IMS/O2DMS + Nephio GitOps. Achieves <10min deployment, supports eMBB/URLLC/mMTC with multi-site connectivity (Kube-OVN/VXLAN) and TN bandwidth control.
manifest:org.opencontainers.image.licenses=Apache-2.0
manifest:org.opencontainers.image.revision=2c0bc4949c237fd9a9d6d71542f3a84f251becb9
manifest:org.opencontainers.image.source=https://github.com/thc1006/O-RAN-Intent-MANO-for-Network-Slicing
manifest:org.opencontainers.image.title=O-RAN-Intent-MANO-for-Network-Slicing
manifest:org.opencontainers.image.url=https://github.com/thc1006/O-RAN-Intent-MANO-for-Network-Slicing
manifest:org.opencontainers.image.version=main
2025-09-23T15:21:49.7742169Z   DOCKER_METADATA_OUTPUT_JSON: {"tags":["ghcr.io/thc1006/tn-agent:main","ghcr.io/thc1006/tn-agent:main-2c0bc49"],"labels":{"org.opencontainers.image.created":"2025-09-23T15:21:49.657Z","org.opencontainers.image.description":"O-RAN Intent-Based MANO for Network Slicing: Natural language to QoS mapping with automated E2E slice orchestration via O2IMS/O2DMS + Nephio GitOps. Achieves <10min deployment, supports eMBB/URLLC/mMTC with multi-site connectivity (Kube-OVN/VXLAN) and TN bandwidth control.","org.opencontainers.image.licenses":"Apache-2.0","org.opencontainers.image.revision":"2c0bc4949c237fd9a9d6d71542f3a84f251becb9","org.opencontainers.image.source":"https://github.com/thc1006/O-RAN-Intent-MANO-for-Network-Slicing","org.opencontainers.image.title":"O-RAN-Intent-MANO-for-Network-Slicing","org.opencontainers.image.url":"https://github.com/thc1006/O-RAN-Intent-MANO-for-Network-Slicing","org.opencontainers.image.version":"main"},"annotations":["manifest:org.opencontainers.image.created=2025-09-23T15:21:49.657Z","manifest:org.opencontainers.image.description=O-RAN Intent-Based MANO for Network Slicing: Natural language to QoS mapping with automated E2E slice orchestration via O2IMS/O2DMS + Nephio GitOps. Achieves <10min deployment, supports eMBB/URLLC/mMTC with multi-site connectivity (Kube-OVN/VXLAN) and TN bandwidth control.","manifest:org.opencontainers.image.licenses=Apache-2.0","manifest:org.opencontainers.image.revision=2c0bc4949c237fd9a9d6d71542f3a84f251becb9","manifest:org.opencontainers.image.source=https://github.com/thc1006/O-RAN-Intent-MANO-for-Network-Slicing","manifest:org.opencontainers.image.title=O-RAN-Intent-MANO-for-Network-Slicing","manifest:org.opencontainers.image.url=https://github.com/thc1006/O-RAN-Intent-MANO-for-Network-Slicing","manifest:org.opencontainers.image.version=main"]}
2025-09-23T15:21:49.7748928Z   DOCKER_METADATA_OUTPUT_BAKE_FILE_TAGS: /home/runner/work/_temp/docker-actions-toolkit-3IkF1D/docker-metadata-action-bake-tags.json
2025-09-23T15:21:49.7749770Z   DOCKER_METADATA_OUTPUT_BAKE_FILE_LABELS: /home/runner/work/_temp/docker-actions-toolkit-3IkF1D/docker-metadata-action-bake-labels.json
2025-09-23T15:21:49.7750658Z   DOCKER_METADATA_OUTPUT_BAKE_FILE_ANNOTATIONS: /home/runner/work/_temp/docker-actions-toolkit-3IkF1D/docker-metadata-action-bake-annotations.json
2025-09-23T15:21:49.7751491Z   DOCKER_METADATA_OUTPUT_BAKE_FILE: /home/runner/work/_temp/docker-actions-toolkit-3IkF1D/docker-metadata-action-bake.json
2025-09-23T15:21:49.7751996Z   COMPONENT_PATH: deploy/docker/tn-agent
2025-09-23T15:21:49.7752224Z ##[endgroup]
2025-09-23T15:21:49.8833647Z ==> linux OS detected
2025-09-23T15:21:50.2729086Z https://uploader.codecov.io/latest/linux/codecov.SHA256SUM
2025-09-23T15:21:50.3499137Z ==> SHASUM file signed by key id 806bb28aed779869
2025-09-23T15:21:50.4264559Z ==> Uploader SHASUM verified (b37359013b48fbc3b0790d59fc474a52a260fb96e28e1b2c2ae001dc9b9cc996  codecov)
2025-09-23T15:21:50.4265445Z ==> Running version latest
2025-09-23T15:21:50.5223696Z ==> Running version v0.8.0
2025-09-23T15:21:50.5241594Z [command]/home/runner/work/_actions/codecov/codecov-action/v3/dist/codecov -n tn-agent-coverage -Q github-action-3.1.6 -f deploy/docker/tn-agent/coverage.out -F tn-agent
2025-09-23T15:21:50.7388726Z [2025-09-23T15:21:50.737Z] ['info'] 
2025-09-23T15:21:50.7389280Z      _____          _
2025-09-23T15:21:50.7389582Z     / ____|        | |
2025-09-23T15:21:50.7389821Z    | |     ___   __| | ___  ___ _____   __
2025-09-23T15:21:50.7390101Z    | |    / _ \ / _` |/ _ \/ __/ _ \ \ / /
2025-09-23T15:21:50.7390368Z    | |___| (_) | (_| |  __/ (_| (_) \ V /
2025-09-23T15:21:50.7390661Z     \_____\___/ \__,_|\___|\___\___/ \_/
2025-09-23T15:21:50.7390816Z 
2025-09-23T15:21:50.7390928Z   Codecov report uploader 0.8.0
2025-09-23T15:21:50.7448907Z [2025-09-23T15:21:50.744Z] ['info'] => Project root located at: /home/runner/work/O-RAN-Intent-MANO-for-Network-Slicing/O-RAN-Intent-MANO-for-Network-Slicing
2025-09-23T15:21:50.7458766Z [2025-09-23T15:21:50.745Z] ['info'] -> No token specified or token is empty
2025-09-23T15:21:50.7531349Z [2025-09-23T15:21:50.752Z] ['info'] Searching for coverage files...
2025-09-23T15:21:50.8076343Z [2025-09-23T15:21:50.806Z] ['error'] None of the following appear to exist as files: deploy/docker/tn-agent/coverage.out
2025-09-23T15:21:50.8078150Z [2025-09-23T15:21:50.807Z] ['error'] There was an error running the uploader: Error while cleaning paths. No paths matched existing files!
2025-09-23T15:21:50.8079862Z [2025-09-23T15:21:50.807Z] ['info'] Codecov will exit with status code 0. If you are expecting a non-zero exit code, please pass in the `-Z` flag
2025-09-23T15:21:50.8387472Z ##[group]Run docker/build-push-action@v5
2025-09-23T15:21:50.8387759Z with:
2025-09-23T15:21:50.8387930Z   context: .
2025-09-23T15:21:50.8388122Z   file: deploy/docker/tn-agent/Dockerfile

2025-09-23T15:21:50.8388370Z   push: true
2025-09-23T15:21:50.8388654Z   tags: ghcr.io/thc1006/tn-agent:main
ghcr.io/thc1006/tn-agent:main-2c0bc49
2025-09-23T15:21:50.8391523Z   labels: org.opencontainers.image.created=2025-09-23T15:21:49.657Z
org.opencontainers.image.description=O-RAN Intent-Based MANO for Network Slicing: Natural language to QoS mapping with automated E2E slice orchestration via O2IMS/O2DMS + Nephio GitOps. Achieves <10min deployment, supports eMBB/URLLC/mMTC with multi-site connectivity (Kube-OVN/VXLAN) and TN bandwidth control.
org.opencontainers.image.licenses=Apache-2.0
org.opencontainers.image.revision=2c0bc4949c237fd9a9d6d71542f3a84f251becb9
org.opencontainers.image.source=https://github.com/thc1006/O-RAN-Intent-MANO-for-Network-Slicing
org.opencontainers.image.title=O-RAN-Intent-MANO-for-Network-Slicing
org.opencontainers.image.url=https://github.com/thc1006/O-RAN-Intent-MANO-for-Network-Slicing
org.opencontainers.image.version=main
2025-09-23T15:21:50.8394443Z   cache-from: type=gha
2025-09-23T15:21:50.8394649Z   cache-to: type=gha,mode=max
2025-09-23T15:21:50.8394879Z   platforms: linux/amd64,linux/arm64
2025-09-23T15:21:50.8395101Z   load: false
2025-09-23T15:21:50.8395267Z   no-cache: false
2025-09-23T15:21:50.8395431Z   pull: false
2025-09-23T15:21:50.8395733Z   github-token: ***
2025-09-23T15:21:50.8395914Z env:
2025-09-23T15:21:50.8396067Z   REGISTRY: ghcr.io
2025-09-23T15:21:50.8396251Z   NAMESPACE: o-ran-mano
2025-09-23T15:21:50.8396439Z   TIMEOUT: 600
2025-09-23T15:21:50.8396642Z   PERFORMANCE_THRESHOLD_DEPLOYMENT_TIME: 600
2025-09-23T15:21:50.8396913Z   PERFORMANCE_THRESHOLD_THROUGHPUT_HIGH: 4.57
2025-09-23T15:21:50.8397181Z   PERFORMANCE_THRESHOLD_THROUGHPUT_MID: 2.77
2025-09-23T15:21:50.8397438Z   PERFORMANCE_THRESHOLD_THROUGHPUT_LOW: 0.93
2025-09-23T15:21:50.8397900Z   PERFORMANCE_THRESHOLD_RTT_HIGH: 16.1
2025-09-23T15:21:50.8398151Z   PERFORMANCE_THRESHOLD_RTT_MID: 15.7
2025-09-23T15:21:50.8398382Z   PERFORMANCE_THRESHOLD_RTT_LOW: 6.3
2025-09-23T15:21:50.8398621Z   DOCKER_METADATA_OUTPUT_VERSION: main
2025-09-23T15:21:50.8399018Z   DOCKER_METADATA_OUTPUT_TAGS: ghcr.io/thc1006/tn-agent:main
ghcr.io/thc1006/tn-agent:main-2c0bc49
2025-09-23T15:21:50.8401922Z   DOCKER_METADATA_OUTPUT_LABELS: org.opencontainers.image.created=2025-09-23T15:21:49.657Z
org.opencontainers.image.description=O-RAN Intent-Based MANO for Network Slicing: Natural language to QoS mapping with automated E2E slice orchestration via O2IMS/O2DMS + Nephio GitOps. Achieves <10min deployment, supports eMBB/URLLC/mMTC with multi-site connectivity (Kube-OVN/VXLAN) and TN bandwidth control.
org.opencontainers.image.licenses=Apache-2.0
org.opencontainers.image.revision=2c0bc4949c237fd9a9d6d71542f3a84f251becb9
org.opencontainers.image.source=https://github.com/thc1006/O-RAN-Intent-MANO-for-Network-Slicing
org.opencontainers.image.title=O-RAN-Intent-MANO-for-Network-Slicing
org.opencontainers.image.url=https://github.com/thc1006/O-RAN-Intent-MANO-for-Network-Slicing
org.opencontainers.image.version=main
2025-09-23T15:21:50.8407879Z   DOCKER_METADATA_OUTPUT_ANNOTATIONS: manifest:org.opencontainers.image.created=2025-09-23T15:21:49.657Z
manifest:org.opencontainers.image.description=O-RAN Intent-Based MANO for Network Slicing: Natural language to QoS mapping with automated E2E slice orchestration via O2IMS/O2DMS + Nephio GitOps. Achieves <10min deployment, supports eMBB/URLLC/mMTC with multi-site connectivity (Kube-OVN/VXLAN) and TN bandwidth control.
manifest:org.opencontainers.image.licenses=Apache-2.0
manifest:org.opencontainers.image.revision=2c0bc4949c237fd9a9d6d71542f3a84f251becb9
manifest:org.opencontainers.image.source=https://github.com/thc1006/O-RAN-Intent-MANO-for-Network-Slicing
manifest:org.opencontainers.image.title=O-RAN-Intent-MANO-for-Network-Slicing
manifest:org.opencontainers.image.url=https://github.com/thc1006/O-RAN-Intent-MANO-for-Network-Slicing
manifest:org.opencontainers.image.version=main
2025-09-23T15:21:50.8416860Z   DOCKER_METADATA_OUTPUT_JSON: {"tags":["ghcr.io/thc1006/tn-agent:main","ghcr.io/thc1006/tn-agent:main-2c0bc49"],"labels":{"org.opencontainers.image.created":"2025-09-23T15:21:49.657Z","org.opencontainers.image.description":"O-RAN Intent-Based MANO for Network Slicing: Natural language to QoS mapping with automated E2E slice orchestration via O2IMS/O2DMS + Nephio GitOps. Achieves <10min deployment, supports eMBB/URLLC/mMTC with multi-site connectivity (Kube-OVN/VXLAN) and TN bandwidth control.","org.opencontainers.image.licenses":"Apache-2.0","org.opencontainers.image.revision":"2c0bc4949c237fd9a9d6d71542f3a84f251becb9","org.opencontainers.image.source":"https://github.com/thc1006/O-RAN-Intent-MANO-for-Network-Slicing","org.opencontainers.image.title":"O-RAN-Intent-MANO-for-Network-Slicing","org.opencontainers.image.url":"https://github.com/thc1006/O-RAN-Intent-MANO-for-Network-Slicing","org.opencontainers.image.version":"main"},"annotations":["manifest:org.opencontainers.image.created=2025-09-23T15:21:49.657Z","manifest:org.opencontainers.image.description=O-RAN Intent-Based MANO for Network Slicing: Natural language to QoS mapping with automated E2E slice orchestration via O2IMS/O2DMS + Nephio GitOps. Achieves <10min deployment, supports eMBB/URLLC/mMTC with multi-site connectivity (Kube-OVN/VXLAN) and TN bandwidth control.","manifest:org.opencontainers.image.licenses=Apache-2.0","manifest:org.opencontainers.image.revision=2c0bc4949c237fd9a9d6d71542f3a84f251becb9","manifest:org.opencontainers.image.source=https://github.com/thc1006/O-RAN-Intent-MANO-for-Network-Slicing","manifest:org.opencontainers.image.title=O-RAN-Intent-MANO-for-Network-Slicing","manifest:org.opencontainers.image.url=https://github.com/thc1006/O-RAN-Intent-MANO-for-Network-Slicing","manifest:org.opencontainers.image.version=main"]}
2025-09-23T15:21:50.8423185Z   DOCKER_METADATA_OUTPUT_BAKE_FILE_TAGS: /home/runner/work/_temp/docker-actions-toolkit-3IkF1D/docker-metadata-action-bake-tags.json
2025-09-23T15:21:50.8424782Z   DOCKER_METADATA_OUTPUT_BAKE_FILE_LABELS: /home/runner/work/_temp/docker-actions-toolkit-3IkF1D/docker-metadata-action-bake-labels.json
2025-09-23T15:21:50.8426327Z   DOCKER_METADATA_OUTPUT_BAKE_FILE_ANNOTATIONS: /home/runner/work/_temp/docker-actions-toolkit-3IkF1D/docker-metadata-action-bake-annotations.json
2025-09-23T15:21:50.8427876Z   DOCKER_METADATA_OUTPUT_BAKE_FILE: /home/runner/work/_temp/docker-actions-toolkit-3IkF1D/docker-metadata-action-bake.json
2025-09-23T15:21:50.8428678Z   COMPONENT_PATH: deploy/docker/tn-agent
2025-09-23T15:21:50.8428918Z ##[endgroup]
2025-09-23T15:21:51.0719050Z ##[group]GitHub Actions runtime token ACs
2025-09-23T15:21:51.0733790Z refs/heads/main: read/write
2025-09-23T15:21:51.0734692Z ##[endgroup]
2025-09-23T15:21:51.0736557Z ##[group]Docker info
2025-09-23T15:21:51.0777389Z [command]/usr/bin/docker version
2025-09-23T15:21:51.0968839Z Client: Docker Engine - Community
2025-09-23T15:21:51.0971975Z  Version:           28.0.4
2025-09-23T15:21:51.0972388Z  API version:       1.48
2025-09-23T15:21:51.0972760Z  Go version:        go1.23.7
2025-09-23T15:21:51.0973125Z  Git commit:        b8034c0
2025-09-23T15:21:51.0973720Z  Built:             Tue Mar 25 15:07:16 2025
2025-09-23T15:21:51.0974155Z  OS/Arch:           linux/amd64
2025-09-23T15:21:51.0974521Z  Context:           default
2025-09-23T15:21:51.0974734Z 
2025-09-23T15:21:51.0974906Z Server: Docker Engine - Community
2025-09-23T15:21:51.0975280Z  Engine:
2025-09-23T15:21:51.0975544Z   Version:          28.0.4
2025-09-23T15:21:51.0975811Z   API version:      1.48 (minimum version 1.24)
2025-09-23T15:21:51.0976111Z   Go version:       go1.23.7
2025-09-23T15:21:51.0976346Z   Git commit:       6430e49
2025-09-23T15:21:51.0976604Z   Built:            Tue Mar 25 15:07:16 2025
2025-09-23T15:21:51.0976874Z   OS/Arch:          linux/amd64
2025-09-23T15:21:51.0977106Z   Experimental:     false
2025-09-23T15:21:51.0977654Z  containerd:
2025-09-23T15:21:51.0977851Z   Version:          1.7.27
2025-09-23T15:21:51.0978157Z   GitCommit:        05044ec0a9a75232cad458027ca83437aae3f4da
2025-09-23T15:21:51.0978451Z  runc:
2025-09-23T15:21:51.0978633Z   Version:          1.2.5
2025-09-23T15:21:51.0978864Z   GitCommit:        v1.2.5-0-g59923ef
2025-09-23T15:21:51.0979111Z  docker-init:
2025-09-23T15:21:51.0979302Z   Version:          0.19.0
2025-09-23T15:21:51.0979528Z   GitCommit:        de40ad0
2025-09-23T15:21:51.1033175Z [command]/usr/bin/docker info
2025-09-23T15:21:51.1531180Z Client: Docker Engine - Community
2025-09-23T15:21:51.1531674Z  Version:    28.0.4
2025-09-23T15:21:51.1532027Z  Context:    default
2025-09-23T15:21:51.1532369Z  Debug Mode: false
2025-09-23T15:21:51.1532693Z  Plugins:
2025-09-23T15:21:51.1533064Z   buildx: Docker Buildx (Docker Inc.)
2025-09-23T15:21:51.1533697Z     Version:  v0.28.0
2025-09-23T15:21:51.1534234Z     Path:     /usr/libexec/docker/cli-plugins/docker-buildx
2025-09-23T15:21:51.1534860Z   compose: Docker Compose (Docker Inc.)
2025-09-23T15:21:51.1535299Z     Version:  v2.38.2
2025-09-23T15:21:51.1535822Z     Path:     /usr/libexec/docker/cli-plugins/docker-compose
2025-09-23T15:21:51.1536195Z 
2025-09-23T15:21:51.1536335Z Server:
2025-09-23T15:21:51.1536621Z  Containers: 1
2025-09-23T15:21:51.1536944Z   Running: 1
2025-09-23T15:21:51.1537225Z   Paused: 0
2025-09-23T15:21:51.1537422Z   Stopped: 0
2025-09-23T15:21:51.1537603Z  Images: 1
2025-09-23T15:21:51.1537801Z  Server Version: 28.0.4
2025-09-23T15:21:51.1538074Z  Storage Driver: overlay2
2025-09-23T15:21:51.1538322Z   Backing Filesystem: extfs
2025-09-23T15:21:51.1538575Z   Supports d_type: true
2025-09-23T15:21:51.1538812Z   Using metacopy: false
2025-09-23T15:21:51.1539053Z   Native Overlay Diff: false
2025-09-23T15:21:51.1539293Z   userxattr: false
2025-09-23T15:21:51.1539515Z  Logging Driver: json-file
2025-09-23T15:21:51.1539752Z  Cgroup Driver: systemd
2025-09-23T15:21:51.1539969Z  Cgroup Version: 2
2025-09-23T15:21:51.1540539Z  Plugins:
2025-09-23T15:21:51.1540747Z   Volume: local
2025-09-23T15:21:51.1541017Z   Network: bridge host ipvlan macvlan null overlay
2025-09-23T15:21:51.1541499Z   Log: awslogs fluentd gcplogs gelf journald json-file local splunk syslog
2025-09-23T15:21:51.1541885Z  Swarm: inactive
2025-09-23T15:21:51.1542119Z  Runtimes: io.containerd.runc.v2 runc
2025-09-23T15:21:51.1542401Z  Default Runtime: runc
2025-09-23T15:21:51.1542628Z  Init Binary: docker-init
2025-09-23T15:21:51.1542956Z  containerd version: 05044ec0a9a75232cad458027ca83437aae3f4da
2025-09-23T15:21:51.1543614Z  runc version: v1.2.5-0-g59923ef
2025-09-23T15:21:51.1544004Z  init version: de40ad0
2025-09-23T15:21:51.1544218Z  Security Options:
2025-09-23T15:21:51.1544422Z   apparmor
2025-09-23T15:21:51.1544603Z   seccomp
2025-09-23T15:21:51.1544791Z    Profile: builtin
2025-09-23T15:21:51.1544992Z   cgroupns
2025-09-23T15:21:51.1545189Z  Kernel Version: 6.11.0-1018-azure
2025-09-23T15:21:51.1545468Z  Operating System: Ubuntu 24.04.3 LTS
2025-09-23T15:21:51.1545741Z  OSType: linux
2025-09-23T15:21:51.1545951Z  Architecture: x86_64
2025-09-23T15:21:51.1546165Z  CPUs: 4
2025-09-23T15:21:51.1546355Z  Total Memory: 15.62GiB
2025-09-23T15:21:51.1546570Z  Name: runnervmf4ws1
2025-09-23T15:21:51.1546811Z  ID: 80b0c887-f378-498c-94b8-5e260688697c
2025-09-23T15:21:51.1547111Z  Docker Root Dir: /var/lib/docker
2025-09-23T15:21:51.1547358Z  Debug Mode: false
2025-09-23T15:21:51.1547565Z  Username: githubactions
2025-09-23T15:21:51.1547779Z  Experimental: false
2025-09-23T15:21:51.1547985Z  Insecure Registries:
2025-09-23T15:21:51.1548198Z   ::1/128
2025-09-23T15:21:51.1548362Z   127.0.0.0/8
2025-09-23T15:21:51.1548542Z  Live Restore Enabled: false
2025-09-23T15:21:51.1548685Z 
2025-09-23T15:21:51.1555414Z ##[endgroup]
2025-09-23T15:21:51.1555945Z ##[group]Proxy configuration
2025-09-23T15:21:51.1559642Z No proxy configuration found
2025-09-23T15:21:51.1560300Z ##[endgroup]
2025-09-23T15:21:51.2136665Z ##[group]Buildx version
2025-09-23T15:21:51.2162032Z [command]/usr/bin/docker buildx version
2025-09-23T15:21:51.2650934Z github.com/docker/buildx v0.28.0 b1281b81bba797b21d9eaf256e6a13eb14419836
2025-09-23T15:21:51.2686362Z ##[endgroup]
2025-09-23T15:21:51.2686953Z ##[group]Builder info
2025-09-23T15:21:51.3566813Z {
2025-09-23T15:21:51.3567185Z   "nodes": [
2025-09-23T15:21:51.3567475Z     {
2025-09-23T15:21:51.3568027Z       "name": "builder-572451e2-ba5a-4d4f-9b3c-454b15c1a2990",
2025-09-23T15:21:51.3568702Z       "endpoint": "unix:///var/run/docker.sock",
2025-09-23T15:21:51.3569199Z       "status": "running",
2025-09-23T15:21:51.3570084Z       "buildkitd-flags": "--allow-insecure-entitlement security.insecure --allow-insecure-entitlement network.host",
2025-09-23T15:21:51.3570619Z       "buildkit": "v0.24.0",
2025-09-23T15:21:51.3571031Z       "platforms": "linux/amd64,linux/amd64/v2,linux/amd64/v3,linux/386",
2025-09-23T15:21:51.3571382Z       "features": {
2025-09-23T15:21:51.3571807Z         "Automatically load images to the Docker Engine image store": true,
2025-09-23T15:21:51.3572244Z         "Cache export": true,
2025-09-23T15:21:51.3572508Z         "Direct push": true,
2025-09-23T15:21:51.3572782Z         "Docker exporter": true,
2025-09-23T15:21:51.3573073Z         "Multi-platform build": true,
2025-09-23T15:21:51.3573627Z         "OCI exporter": true
2025-09-23T15:21:51.3573839Z       },
2025-09-23T15:21:51.3574022Z       "labels": {
2025-09-23T15:21:51.3574379Z         "org.mobyproject.buildkit.worker.executor": "oci",
2025-09-23T15:21:51.3574869Z         "org.mobyproject.buildkit.worker.hostname": "c3f62bb037dd",
2025-09-23T15:21:51.3575336Z         "org.mobyproject.buildkit.worker.network": "host",
2025-09-23T15:21:51.3575838Z         "org.mobyproject.buildkit.worker.oci.process-mode": "sandbox",
2025-09-23T15:21:51.3576364Z         "org.mobyproject.buildkit.worker.selinux.enabled": "false",
2025-09-23T15:21:51.3576868Z         "org.mobyproject.buildkit.worker.snapshotter": "overlayfs"
2025-09-23T15:21:51.3577178Z       },
2025-09-23T15:21:51.3577370Z       "gcPolicy": [
2025-09-23T15:21:51.3577864Z         {
2025-09-23T15:21:51.3578087Z           "all": false,
2025-09-23T15:21:51.3578307Z           "filter": [
2025-09-23T15:21:51.3578581Z             "type==source.local",
2025-09-23T15:21:51.3578891Z             "type==exec.cachemount",
2025-09-23T15:21:51.3579220Z             "type==source.git.checkout"
2025-09-23T15:21:51.3579458Z           ],
2025-09-23T15:21:51.3579707Z           "keepDuration": "48h0m0s"
2025-09-23T15:21:51.3579926Z         },
2025-09-23T15:21:51.3580090Z         {
2025-09-23T15:21:51.3580287Z           "all": false,
2025-09-23T15:21:51.3580552Z           "keepDuration": "1440h0m0s"
2025-09-23T15:21:51.3580784Z         },
2025-09-23T15:21:51.3580941Z         {
2025-09-23T15:21:51.3581137Z           "all": false
2025-09-23T15:21:51.3581320Z         },
2025-09-23T15:21:51.3581484Z         {
2025-09-23T15:21:51.3581670Z           "all": true
2025-09-23T15:21:51.3581854Z         }
2025-09-23T15:21:51.3582004Z       ]
2025-09-23T15:21:51.3582160Z     }
2025-09-23T15:21:51.3582307Z   ],
2025-09-23T15:21:51.3582558Z   "name": "builder-572451e2-ba5a-4d4f-9b3c-454b15c1a299",
2025-09-23T15:21:51.3582871Z   "driver": "docker-container",
2025-09-23T15:21:51.3583126Z   "lastActivity": "2025-09-23T15:21:44.000Z"
2025-09-23T15:21:51.3583565Z }
2025-09-23T15:21:51.3584094Z ##[endgroup]
2025-09-23T15:21:51.5207732Z [command]/usr/bin/docker buildx build --cache-from type=gha --cache-to type=gha,mode=max --file deploy/docker/tn-agent/Dockerfile --iidfile /home/runner/work/_temp/docker-actions-toolkit-HGzUVx/build-iidfile-aff6ea1343.txt --label org.opencontainers.image.created=2025-09-23T15:21:49.657Z --label org.opencontainers.image.description=O-RAN Intent-Based MANO for Network Slicing: Natural language to QoS mapping with automated E2E slice orchestration via O2IMS/O2DMS + Nephio GitOps. Achieves <10min deployment, supports eMBB/URLLC/mMTC with multi-site connectivity (Kube-OVN/VXLAN) and TN bandwidth control. --label org.opencontainers.image.licenses=Apache-2.0 --label org.opencontainers.image.revision=2c0bc4949c237fd9a9d6d71542f3a84f251becb9 --label org.opencontainers.image.source=https://github.com/thc1006/O-RAN-Intent-MANO-for-Network-Slicing --label org.opencontainers.image.title=O-RAN-Intent-MANO-for-Network-Slicing --label org.opencontainers.image.url=https://github.com/thc1006/O-RAN-Intent-MANO-for-Network-Slicing --label org.opencontainers.image.version=main --platform linux/amd64,linux/arm64 --attest type=provenance,mode=max,builder-id=https://github.com/thc1006/O-RAN-Intent-MANO-for-Network-Slicing/actions/runs/17950904050 --tag ghcr.io/thc1006/tn-agent:main --tag ghcr.io/thc1006/tn-agent:main-2c0bc49 --metadata-file /home/runner/work/_temp/docker-actions-toolkit-HGzUVx/build-metadata-84d16aeedf.json --push .
2025-09-23T15:21:51.8871240Z #0 building with "builder-572451e2-ba5a-4d4f-9b3c-454b15c1a299" instance using docker-container driver
2025-09-23T15:21:51.8871829Z 
2025-09-23T15:21:51.8871994Z #1 [internal] load build definition from Dockerfile
2025-09-23T15:21:51.8872359Z #1 transferring dockerfile: 3.16kB done
2025-09-23T15:21:51.8872610Z #1 DONE 0.0s
2025-09-23T15:21:51.8872711Z 
2025-09-23T15:21:51.8872867Z #2 [auth] library/golang:pull token for registry-1.docker.io
2025-09-23T15:21:51.8873171Z #2 DONE 0.0s
2025-09-23T15:21:51.8873476Z 
2025-09-23T15:21:51.8873639Z #3 [auth] library/alpine:pull token for registry-1.docker.io
2025-09-23T15:21:51.8873918Z #3 DONE 0.0s
2025-09-23T15:21:51.8874012Z 
2025-09-23T15:21:51.8874216Z #4 [linux/amd64 internal] load metadata for docker.io/library/alpine:3.20
2025-09-23T15:21:52.0661170Z #4 ...
2025-09-23T15:21:52.0661424Z 
2025-09-23T15:21:52.0661885Z #5 [linux/amd64 internal] load metadata for docker.io/library/golang:1.24-alpine
2025-09-23T15:21:52.0662320Z #5 DONE 0.4s
2025-09-23T15:21:52.2760059Z 
2025-09-23T15:21:52.2760773Z #6 [linux/arm64 internal] load metadata for docker.io/library/alpine:3.20
2025-09-23T15:21:52.2761372Z #6 DONE 0.4s
2025-09-23T15:21:52.2761536Z 
2025-09-23T15:21:52.2761894Z #4 [linux/amd64 internal] load metadata for docker.io/library/alpine:3.20
2025-09-23T15:21:52.2763089Z #4 DONE 0.4s
2025-09-23T15:21:52.2763513Z 
2025-09-23T15:21:52.2763963Z #7 [linux/arm64 internal] load metadata for docker.io/library/golang:1.24-alpine
2025-09-23T15:21:52.2764684Z #7 DONE 0.4s
2025-09-23T15:21:52.2764875Z 
2025-09-23T15:21:52.2765053Z #8 [internal] load .dockerignore
2025-09-23T15:21:52.2765529Z #8 transferring context: 2B done
2025-09-23T15:21:52.2765804Z #8 DONE 0.0s
2025-09-23T15:21:52.2765933Z 
2025-09-23T15:21:52.2766042Z #9 [internal] load build context
2025-09-23T15:21:52.2766308Z #9 DONE 0.0s
2025-09-23T15:21:52.2766430Z 
2025-09-23T15:21:52.2766971Z #10 [linux/arm64 stage-1 1/4] FROM docker.io/library/alpine:3.20@sha256:b3119ef930faabb6b7b976780c0c7a9c1aa24d0c75e9179ac10e6bc9ac080d0d
2025-09-23T15:21:52.2768061Z #10 resolve docker.io/library/alpine:3.20@sha256:b3119ef930faabb6b7b976780c0c7a9c1aa24d0c75e9179ac10e6bc9ac080d0d done
2025-09-23T15:21:52.2768699Z #10 DONE 0.0s
2025-09-23T15:21:52.2768842Z 
2025-09-23T15:21:52.2769437Z #11 [linux/arm64 builder  1/10] FROM docker.io/library/golang:1.24-alpine@sha256:fc2cff6625f3c1c92e6c85938ac5bd09034ad0d4bc2dfb08278020b68540dbb5
2025-09-23T15:21:52.2770606Z #11 resolve docker.io/library/golang:1.24-alpine@sha256:fc2cff6625f3c1c92e6c85938ac5bd09034ad0d4bc2dfb08278020b68540dbb5 done
2025-09-23T15:21:52.2771283Z #11 DONE 0.0s
2025-09-23T15:21:52.2771410Z 
2025-09-23T15:21:52.2771600Z #12 importing cache manifest from gha:5462526247439819847
2025-09-23T15:21:52.2990643Z #12 DONE 0.2s
2025-09-23T15:21:52.4265035Z 
2025-09-23T15:21:52.4266137Z #13 [linux/amd64 builder  1/10] FROM docker.io/library/golang:1.24-alpine@sha256:fc2cff6625f3c1c92e6c85938ac5bd09034ad0d4bc2dfb08278020b68540dbb5
2025-09-23T15:21:52.4267704Z #13 resolve docker.io/library/golang:1.24-alpine@sha256:fc2cff6625f3c1c92e6c85938ac5bd09034ad0d4bc2dfb08278020b68540dbb5 0.0s done
2025-09-23T15:21:52.6378074Z #13 ...
2025-09-23T15:21:52.6378290Z 
2025-09-23T15:21:52.6378797Z #9 [internal] load build context
2025-09-23T15:21:52.6379314Z #9 transferring context: 24.03MB 0.2s done
2025-09-23T15:21:52.6379734Z #9 DONE 0.2s
2025-09-23T15:21:52.6379917Z 
2025-09-23T15:21:52.6380720Z #13 [linux/amd64 builder  1/10] FROM docker.io/library/golang:1.24-alpine@sha256:fc2cff6625f3c1c92e6c85938ac5bd09034ad0d4bc2dfb08278020b68540dbb5
2025-09-23T15:21:52.6382070Z #13 sha256:994678d1c2a93bf605782bddb80bc3a0c17db79ca705f3c2205cc880671e0dc7 126B / 126B 0.1s done
2025-09-23T15:21:52.6383205Z #13 sha256:40e451c10b31532d8616ff155adb8383bcfe95b7388ad69363af6512986430f9 282.44kB / 282.44kB 0.1s done
2025-09-23T15:21:52.7440870Z #13 ...
2025-09-23T15:21:52.7449295Z 
2025-09-23T15:21:52.7450104Z #14 [linux/amd64 stage-1 1/4] FROM docker.io/library/alpine:3.20@sha256:b3119ef930faabb6b7b976780c0c7a9c1aa24d0c75e9179ac10e6bc9ac080d0d
2025-09-23T15:21:52.7451910Z #14 resolve docker.io/library/alpine:3.20@sha256:b3119ef930faabb6b7b976780c0c7a9c1aa24d0c75e9179ac10e6bc9ac080d0d 0.0s done
2025-09-23T15:21:52.7453238Z #14 sha256:01d036902a3ca86e8793073c8094cba44d83a38953a489ac0641f3de017fe2d2 3.62MB / 3.62MB 0.1s done
2025-09-23T15:21:52.7455517Z #14 extracting sha256:01d036902a3ca86e8793073c8094cba44d83a38953a489ac0641f3de017fe2d2 0.2s done
2025-09-23T15:21:52.7456255Z #14 DONE 0.3s
2025-09-23T15:21:52.7456440Z 
2025-09-23T15:21:52.7457161Z #10 [linux/arm64 stage-1 1/4] FROM docker.io/library/alpine:3.20@sha256:b3119ef930faabb6b7b976780c0c7a9c1aa24d0c75e9179ac10e6bc9ac080d0d
2025-09-23T15:21:52.7458494Z #10 sha256:13e713f825654e9e4f57146ec84918d478434f708d4d3d9d18d0e7ba2be56801 4.09MB / 4.09MB 0.2s done
2025-09-23T15:21:52.7460169Z #10 extracting sha256:13e713f825654e9e4f57146ec84918d478434f708d4d3d9d18d0e7ba2be56801 0.2s done
2025-09-23T15:21:52.7460952Z #10 DONE 0.4s
2025-09-23T15:21:52.7461119Z 
2025-09-23T15:21:52.7461897Z #13 [linux/amd64 builder  1/10] FROM docker.io/library/golang:1.24-alpine@sha256:fc2cff6625f3c1c92e6c85938ac5bd09034ad0d4bc2dfb08278020b68540dbb5
2025-09-23T15:21:52.7464807Z #13 sha256:72e8fc27da55cce2fb2e46c294e2373522d6729d092352a2d7221eb8f9a77a2d 2.10MB / 79.00MB 0.2s
2025-09-23T15:21:52.7466289Z #13 sha256:9824c27679d3b27c5e1cb00a73adb6f4f8d556994111c12db3c5d61a0c843df8 3.80MB / 3.80MB 0.1s done
2025-09-23T15:21:52.7467380Z #13 extracting sha256:9824c27679d3b27c5e1cb00a73adb6f4f8d556994111c12db3c5d61a0c843df8
2025-09-23T15:21:52.8576373Z #13 sha256:72e8fc27da55cce2fb2e46c294e2373522d6729d092352a2d7221eb8f9a77a2d 10.49MB / 79.00MB 0.3s
2025-09-23T15:21:52.9628466Z #13 sha256:72e8fc27da55cce2fb2e46c294e2373522d6729d092352a2d7221eb8f9a77a2d 15.73MB / 79.00MB 0.5s
2025-09-23T15:21:52.9634320Z #13 extracting sha256:9824c27679d3b27c5e1cb00a73adb6f4f8d556994111c12db3c5d61a0c843df8 0.2s done
2025-09-23T15:21:52.9635546Z #13 extracting sha256:40e451c10b31532d8616ff155adb8383bcfe95b7388ad69363af6512986430f9 0.1s done
2025-09-23T15:21:53.1128815Z #13 sha256:72e8fc27da55cce2fb2e46c294e2373522d6729d092352a2d7221eb8f9a77a2d 23.07MB / 79.00MB 0.6s
2025-09-23T15:21:53.3295472Z #13 sha256:72e8fc27da55cce2fb2e46c294e2373522d6729d092352a2d7221eb8f9a77a2d 29.36MB / 79.00MB 0.8s
2025-09-23T15:21:53.4808875Z #13 sha256:72e8fc27da55cce2fb2e46c294e2373522d6729d092352a2d7221eb8f9a77a2d 37.75MB / 79.00MB 0.9s
2025-09-23T15:21:53.6063535Z #13 sha256:72e8fc27da55cce2fb2e46c294e2373522d6729d092352a2d7221eb8f9a77a2d 47.19MB / 79.00MB 1.1s
2025-09-23T15:21:53.7116969Z #13 sha256:72e8fc27da55cce2fb2e46c294e2373522d6729d092352a2d7221eb8f9a77a2d 53.48MB / 79.00MB 1.2s
2025-09-23T15:21:53.8633150Z #13 sha256:72e8fc27da55cce2fb2e46c294e2373522d6729d092352a2d7221eb8f9a77a2d 59.77MB / 79.00MB 1.4s
2025-09-23T15:21:54.1625696Z #13 sha256:72e8fc27da55cce2fb2e46c294e2373522d6729d092352a2d7221eb8f9a77a2d 74.45MB / 79.00MB 1.7s
2025-09-23T15:21:54.3055460Z #13 sha256:72e8fc27da55cce2fb2e46c294e2373522d6729d092352a2d7221eb8f9a77a2d 79.00MB / 79.00MB 1.8s done
2025-09-23T15:21:54.4093061Z #13 extracting sha256:72e8fc27da55cce2fb2e46c294e2373522d6729d092352a2d7221eb8f9a77a2d
2025-09-23T15:21:55.1974255Z #13 ...
2025-09-23T15:21:55.1974744Z 
2025-09-23T15:21:55.1976698Z #15 [linux/amd64 stage-1 2/4] RUN apk update && apk upgrade && apk add --no-cache     ca-certificates     iproute2     iptables     bridge-utils     ethtool     iperf3     curl     dumb-init &&     update-ca-certificates &&     adduser -D -s /bin/sh -u 10006 appuser &&     rm -rf /var/cache/apk/* /tmp/* /var/tmp/*
2025-09-23T15:21:55.1978688Z #15 0.096 fetch https://dl-cdn.alpinelinux.org/alpine/v3.20/main/x86_64/APKINDEX.tar.gz
2025-09-23T15:21:55.1979701Z #15 0.209 fetch https://dl-cdn.alpinelinux.org/alpine/v3.20/community/x86_64/APKINDEX.tar.gz
2025-09-23T15:21:55.1981202Z #15 0.566 v3.20.7-93-g5bca2cc2772 [https://dl-cdn.alpinelinux.org/alpine/v3.20/main]
2025-09-23T15:21:55.1982088Z #15 0.566 v3.20.7-93-g5bca2cc2772 [https://dl-cdn.alpinelinux.org/alpine/v3.20/community]
2025-09-23T15:21:55.1982792Z #15 0.566 OK: 24174 distinct packages available
2025-09-23T15:21:55.1983448Z #15 1.042 (1/3) Upgrading busybox (1.36.1-r29 -> 1.36.1-r30)
2025-09-23T15:21:55.1984513Z #15 1.101 Executing busybox-1.36.1-r30.post-upgrade
2025-09-23T15:21:55.1985107Z #15 1.125 (2/3) Upgrading busybox-binsh (1.36.1-r29 -> 1.36.1-r30)
2025-09-23T15:21:55.1985690Z #15 1.128 (3/3) Upgrading ssl_client (1.36.1-r29 -> 1.36.1-r30)
2025-09-23T15:21:55.1986617Z #15 1.132 Executing busybox-1.36.1-r30.trigger
2025-09-23T15:21:55.1987052Z #15 1.138 OK: 8 MiB in 14 packages
2025-09-23T15:21:55.1987694Z #15 1.259 fetch https://dl-cdn.alpinelinux.org/alpine/v3.20/main/x86_64/APKINDEX.tar.gz
2025-09-23T15:21:55.1988831Z #15 1.355 fetch https://dl-cdn.alpinelinux.org/alpine/v3.20/community/x86_64/APKINDEX.tar.gz
2025-09-23T15:21:55.1989547Z #15 1.737 (1/24) Installing bridge-utils (1.7.1-r2)
2025-09-23T15:21:55.1990079Z #15 1.762 (2/24) Installing ca-certificates (20250619-r0)
2025-09-23T15:21:55.1990611Z #15 1.791 (3/24) Installing brotli-libs (1.1.0-r2)
2025-09-23T15:21:55.1991122Z #15 1.806 (4/24) Installing c-ares (1.33.1-r0)
2025-09-23T15:21:55.1991595Z #15 1.810 (5/24) Installing libunistring (1.2-r0)
2025-09-23T15:21:55.1992358Z #15 1.827 (6/24) Installing libidn2 (2.3.7-r0)
2025-09-23T15:21:55.1992847Z #15 1.833 (7/24) Installing nghttp2-libs (1.62.1-r0)
2025-09-23T15:21:55.1993455Z #15 1.837 (8/24) Installing libpsl (0.21.5-r1)
2025-09-23T15:21:55.1993927Z #15 1.841 (9/24) Installing zstd-libs (1.5.6-r0)
2025-09-23T15:21:55.1994408Z #15 1.851 (10/24) Installing libcurl (8.12.1-r0)
2025-09-23T15:21:55.1994863Z #15 1.861 (11/24) Installing curl (8.12.1-r0)
2025-09-23T15:21:55.1995342Z #15 1.866 (12/24) Installing dumb-init (1.2.5-r3)
2025-09-23T15:21:55.1995831Z #15 1.871 (13/24) Installing libmnl (1.0.5-r2)
2025-09-23T15:21:55.1996280Z #15 1.875 (14/24) Installing ethtool (6.7-r0)
2025-09-23T15:21:55.1996760Z #15 1.884 (15/24) Installing iperf3 (3.17.1-r0)
2025-09-23T15:21:55.1997234Z #15 1.890 (16/24) Installing libcap2 (2.70-r0)
2025-09-23T15:21:55.1997702Z #15 1.894 (17/24) Installing libelf (0.191-r0)
2025-09-23T15:21:55.1998192Z #15 1.898 (18/24) Installing iproute2-minimal (6.9.0-r0)
2025-09-23T15:21:55.1998738Z #15 1.911 (19/24) Installing libxtables (1.8.10-r3)
2025-09-23T15:21:55.1999249Z #15 1.916 (20/24) Installing iproute2-tc (6.9.0-r0)
2025-09-23T15:21:55.1999738Z #15 1.942 (21/24) Installing iproute2-ss (6.9.0-r0)
2025-09-23T15:21:55.2000238Z #15 1.951 (22/24) Installing iproute2 (6.9.0-r0)
2025-09-23T15:21:55.2000724Z #15 1.965 Executing iproute2-6.9.0-r0.post-install
2025-09-23T15:21:55.2001226Z #15 1.970 (23/24) Installing libnftnl (1.2.6-r0)
2025-09-23T15:21:55.2001710Z #15 1.976 (24/24) Installing iptables (1.8.10-r3)
2025-09-23T15:21:55.2002190Z #15 2.014 Executing busybox-1.36.1-r30.trigger
2025-09-23T15:21:55.2002717Z #15 2.018 Executing ca-certificates-20250619-r0.trigger
2025-09-23T15:21:55.2003200Z #15 2.084 OK: 18 MiB in 38 packages
2025-09-23T15:21:55.2003712Z #15 DONE 2.5s
2025-09-23T15:21:55.3479412Z 
2025-09-23T15:21:55.3482244Z #11 [linux/arm64 builder  1/10] FROM docker.io/library/golang:1.24-alpine@sha256:fc2cff6625f3c1c92e6c85938ac5bd09034ad0d4bc2dfb08278020b68540dbb5
2025-09-23T15:21:55.3485627Z #11 sha256:4f4fb700ef54461cfa02571ae0db9a0dc1e0cdb5577484a6d75e68dc38e8acc1 32B / 32B 0.1s done
2025-09-23T15:21:55.3486822Z #11 sha256:760ebf791d4546b0302885cb504f1b763eb7d0dae78015fb8cfb372f872298b0 126B / 126B 0.1s done
2025-09-23T15:21:55.3487943Z #11 sha256:b21357df949f743a56d3417cb15486b8a5579e1b74b558f43b89f72158c8010f 284.70kB / 284.70kB 0.1s done
2025-09-23T15:21:55.3489160Z #11 sha256:6e174226ea690ced550e5641249a412cdbefd2d09871f3e64ab52137a54ba606 4.13MB / 4.13MB 0.1s done
2025-09-23T15:21:55.3490285Z #11 extracting sha256:6e174226ea690ced550e5641249a412cdbefd2d09871f3e64ab52137a54ba606 0.2s done
2025-09-23T15:21:55.3491420Z #11 sha256:5eda9e294d44a9441a6cc6f05b31d9ac28dae98adf3b945222fc74d6562f812d 75.25MB / 75.25MB 1.2s done
2025-09-23T15:21:55.3492536Z #11 extracting sha256:b21357df949f743a56d3417cb15486b8a5579e1b74b558f43b89f72158c8010f 0.1s done
2025-09-23T15:21:55.3493780Z #11 extracting sha256:5eda9e294d44a9441a6cc6f05b31d9ac28dae98adf3b945222fc74d6562f812d
2025-09-23T15:21:58.6075246Z #11 extracting sha256:5eda9e294d44a9441a6cc6f05b31d9ac28dae98adf3b945222fc74d6562f812d 5.0s done
2025-09-23T15:21:58.6076556Z #11 extracting sha256:760ebf791d4546b0302885cb504f1b763eb7d0dae78015fb8cfb372f872298b0
2025-09-23T15:21:58.7681296Z #11 extracting sha256:760ebf791d4546b0302885cb504f1b763eb7d0dae78015fb8cfb372f872298b0 done
2025-09-23T15:21:58.7682415Z #11 extracting sha256:4f4fb700ef54461cfa02571ae0db9a0dc1e0cdb5577484a6d75e68dc38e8acc1 done
2025-09-23T15:21:58.7683127Z #11 DONE 6.3s
2025-09-23T15:21:58.7683478Z 
2025-09-23T15:21:58.7683776Z #16 [linux/arm64 builder  2/10] RUN adduser -D -s /bin/sh appuser
2025-09-23T15:21:59.2025704Z #16 ...
2025-09-23T15:21:59.2025974Z 
2025-09-23T15:21:59.2026833Z #13 [linux/amd64 builder  1/10] FROM docker.io/library/golang:1.24-alpine@sha256:fc2cff6625f3c1c92e6c85938ac5bd09034ad0d4bc2dfb08278020b68540dbb5
2025-09-23T15:21:59.2028219Z #13 extracting sha256:72e8fc27da55cce2fb2e46c294e2373522d6729d092352a2d7221eb8f9a77a2d 4.9s done
2025-09-23T15:21:59.2028965Z #13 DONE 6.9s
2025-09-23T15:21:59.4038181Z 
2025-09-23T15:21:59.4039554Z #13 [linux/amd64 builder  1/10] FROM docker.io/library/golang:1.24-alpine@sha256:fc2cff6625f3c1c92e6c85938ac5bd09034ad0d4bc2dfb08278020b68540dbb5
2025-09-23T15:21:59.4042095Z #13 extracting sha256:994678d1c2a93bf605782bddb80bc3a0c17db79ca705f3c2205cc880671e0dc7 0.0s done
2025-09-23T15:21:59.4043232Z #13 extracting sha256:4f4fb700ef54461cfa02571ae0db9a0dc1e0cdb5577484a6d75e68dc38e8acc1 done
2025-09-23T15:21:59.4044297Z #13 DONE 6.9s
2025-09-23T15:21:59.4044476Z 
2025-09-23T15:21:59.4044772Z #17 [linux/amd64 builder  2/10] RUN adduser -D -s /bin/sh appuser
2025-09-23T15:21:59.4941917Z #17 ...
2025-09-23T15:21:59.4943618Z 
2025-09-23T15:21:59.4944021Z #16 [linux/arm64 builder  2/10] RUN adduser -D -s /bin/sh appuser
2025-09-23T15:21:59.4944587Z #16 DONE 0.9s
2025-09-23T15:21:59.6220714Z 
2025-09-23T15:21:59.6221758Z #17 [linux/amd64 builder  2/10] RUN adduser -D -s /bin/sh appuser
2025-09-23T15:21:59.6222360Z #17 DONE 0.2s
2025-09-23T15:21:59.6222555Z 
2025-09-23T15:21:59.6223454Z #18 [linux/amd64 builder  3/10] RUN apk update && apk upgrade && apk add --no-cache     git     ca-certificates     tzdata &&     update-ca-certificates &&     rm -rf /var/cache/apk/* /tmp/* /var/tmp/*
2025-09-23T15:21:59.6224324Z #18 0.069 fetch https://dl-cdn.alpinelinux.org/alpine/v3.22/main/x86_64/APKINDEX.tar.gz
2025-09-23T15:21:59.8411081Z #18 0.193 fetch https://dl-cdn.alpinelinux.org/alpine/v3.22/community/x86_64/APKINDEX.tar.gz
2025-09-23T15:22:00.1186851Z #18 0.622 v3.22.1-460-gbde249becf8 [https://dl-cdn.alpinelinux.org/alpine/v3.22/main]
2025-09-23T15:22:00.1189901Z #18 0.622 v3.22.1-466-gfc7bd2cc284 [https://dl-cdn.alpinelinux.org/alpine/v3.22/community]
2025-09-23T15:22:00.1192008Z #18 0.622 OK: 26326 distinct packages available
2025-09-23T15:22:00.5517891Z #18 1.055 Upgrading critical system libraries and apk-tools:
2025-09-23T15:22:00.5518774Z #18 1.055 (1/1) Upgrading apk-tools (2.14.9-r2 -> 2.14.9-r3)
2025-09-23T15:22:00.6692402Z #18 1.086 Executing busybox-1.37.0-r18.trigger
2025-09-23T15:22:00.6693789Z #18 1.172 Continuing the upgrade transaction with new apk-tools:
2025-09-23T15:22:01.0196978Z #18 1.523 (1/6) Upgrading busybox (1.37.0-r18 -> 1.37.0-r19)
2025-09-23T15:22:01.1341425Z #18 1.572 Executing busybox-1.37.0-r19.post-upgrade
2025-09-23T15:22:01.1342093Z #18 1.593 (2/6) Upgrading busybox-binsh (1.37.0-r18 -> 1.37.0-r19)
2025-09-23T15:22:01.1342691Z #18 1.596 (3/6) Upgrading libcrypto3 (3.5.1-r0 -> 3.5.2-r0)
2025-09-23T15:22:01.1343258Z #18 1.637 (4/6) Upgrading libssl3 (3.5.1-r0 -> 3.5.2-r0)
2025-09-23T15:22:01.3402342Z #18 1.648 (5/6) Upgrading ssl_client (1.37.0-r18 -> 1.37.0-r19)
2025-09-23T15:22:01.3403134Z #18 1.651 (6/6) Upgrading libapk2 (2.14.9-r2 -> 2.14.9-r3)
2025-09-23T15:22:01.3404008Z #18 1.655 Executing busybox-1.37.0-r19.trigger
2025-09-23T15:22:01.3404554Z #18 1.660 Executing ca-certificates-20250619-r0.trigger
2025-09-23T15:22:01.3405060Z #18 1.710 OK: 8 MiB in 17 packages
2025-09-23T15:22:01.3405775Z #18 1.843 fetch https://dl-cdn.alpinelinux.org/alpine/v3.22/main/x86_64/APKINDEX.tar.gz
2025-09-23T15:22:01.5123880Z #18 1.938 fetch https://dl-cdn.alpinelinux.org/alpine/v3.22/community/x86_64/APKINDEX.tar.gz
2025-09-23T15:22:01.7599772Z #18 2.254 (1/13) Installing brotli-libs (1.1.0-r2)
2025-09-23T15:22:01.7600406Z #18 2.264 (2/13) Installing c-ares (1.34.5-r0)
2025-09-23T15:22:01.8886345Z #18 2.268 (3/13) Installing libunistring (1.3-r0)
2025-09-23T15:22:01.8887057Z #18 2.280 (4/13) Installing libidn2 (2.3.7-r0)
2025-09-23T15:22:01.8887573Z #18 2.285 (5/13) Installing nghttp2-libs (1.65.0-r0)
2025-09-23T15:22:01.8888073Z #18 2.289 (6/13) Installing libpsl (0.21.5-r3)
2025-09-23T15:22:01.8888577Z #18 2.293 (7/13) Installing zstd-libs (1.5.7-r0)
2025-09-23T15:22:01.8888894Z #18 2.301 (8/13) Installing libcurl (8.14.1-r1)
2025-09-23T15:22:01.8889268Z #18 2.309 (9/13) Installing libexpat (2.7.2-r0)
2025-09-23T15:22:01.8889625Z #18 2.312 (10/13) Installing pcre2 (10.43-r1)
2025-09-23T15:22:01.8889910Z #18 2.320 (11/13) Installing git (2.49.1-r0)
2025-09-23T15:22:01.8890630Z #18 2.392 (12/13) Installing git-init-template (2.49.1-r0)
2025-09-23T15:22:01.9980559Z #18 2.397 (13/13) Installing tzdata (2025b-r0)
2025-09-23T15:22:01.9981188Z #18 2.474 Executing busybox-1.37.0-r19.trigger
2025-09-23T15:22:01.9981657Z #18 2.482 OK: 20 MiB in 30 packages
2025-09-23T15:22:02.3118150Z #18 DONE 2.7s
2025-09-23T15:22:02.3118469Z 
2025-09-23T15:22:02.3118713Z #19 [linux/amd64 builder  4/10] WORKDIR /workspace
2025-09-23T15:22:02.3119203Z #19 DONE 0.0s
2025-09-23T15:22:02.3119393Z 
2025-09-23T15:22:02.3119622Z #20 [linux/amd64 builder  5/10] COPY tn/go.mod go.mod
2025-09-23T15:22:02.3120109Z #20 DONE 0.0s
2025-09-23T15:22:02.3120317Z 
2025-09-23T15:22:02.3120533Z #21 [linux/amd64 builder  6/10] COPY tn/go.sum go.sum
2025-09-23T15:22:02.3121007Z #21 DONE 0.0s
2025-09-23T15:22:02.3121194Z 
2025-09-23T15:22:02.3121400Z #22 [linux/amd64 builder  7/10] RUN go mod download
2025-09-23T15:22:02.5970910Z #22 0.317 go: github.com/thc1006/O-RAN-Intent-MANO-for-Network-Slicing/pkg/security@v0.0.0-00010101000000-000000000000 (replaced by ../pkg/security): reading /pkg/security/go.mod: open /pkg/security/go.mod: no such file or directory
2025-09-23T15:22:02.5972961Z #22 ERROR: process "/bin/sh -c go mod download" did not complete successfully: exit code: 1
2025-09-23T15:22:02.5973819Z 
2025-09-23T15:22:02.5974705Z #23 [linux/arm64 builder  3/10] RUN apk update && apk upgrade && apk add --no-cache     git     ca-certificates     tzdata &&     update-ca-certificates &&     rm -rf /var/cache/apk/* /tmp/* /var/tmp/*
2025-09-23T15:22:02.5976397Z #23 0.164 fetch https://dl-cdn.alpinelinux.org/alpine/v3.22/main/aarch64/APKINDEX.tar.gz
2025-09-23T15:22:02.5977561Z #23 0.924 fetch https://dl-cdn.alpinelinux.org/alpine/v3.22/community/aarch64/APKINDEX.tar.gz
2025-09-23T15:22:02.5979016Z #23 2.963 v3.22.1-460-gbde249becf8 [https://dl-cdn.alpinelinux.org/alpine/v3.22/main]
2025-09-23T15:22:02.5980021Z #23 2.963 v3.22.1-466-gfc7bd2cc284 [https://dl-cdn.alpinelinux.org/alpine/v3.22/community]
2025-09-23T15:22:02.5981361Z #23 2.963 OK: 26165 distinct packages available
2025-09-23T15:22:02.5981945Z #23 CANCELED
2025-09-23T15:22:02.5982167Z 
2025-09-23T15:22:02.5984114Z #24 [linux/arm64 stage-1 2/4] RUN apk update && apk upgrade && apk add --no-cache     ca-certificates     iproute2     iptables     bridge-utils     ethtool     iperf3     curl     dumb-init &&     update-ca-certificates &&     adduser -D -s /bin/sh -u 10006 appuser &&     rm -rf /var/cache/apk/* /tmp/* /var/tmp/*
2025-09-23T15:22:02.5985978Z #24 0.202 fetch https://dl-cdn.alpinelinux.org/alpine/v3.20/main/aarch64/APKINDEX.tar.gz
2025-09-23T15:22:02.5986878Z #24 0.933 fetch https://dl-cdn.alpinelinux.org/alpine/v3.20/community/aarch64/APKINDEX.tar.gz
2025-09-23T15:22:02.5987806Z #24 2.832 v3.20.7-93-g5bca2cc2772 [https://dl-cdn.alpinelinux.org/alpine/v3.20/main]
2025-09-23T15:22:02.5988884Z #24 2.832 v3.20.7-93-g5bca2cc2772 [https://dl-cdn.alpinelinux.org/alpine/v3.20/community]
2025-09-23T15:22:02.5989692Z #24 2.832 OK: 24052 distinct packages available
2025-09-23T15:22:02.5990678Z #24 5.022 (1/3) Upgrading busybox (1.36.1-r29 -> 1.36.1-r30)
2025-09-23T15:22:02.5991272Z #24 5.496 Executing busybox-1.36.1-r30.post-upgrade
2025-09-23T15:22:02.5991714Z #24 5.827 (2/3) Upgrading busybox-binsh (1.36.1-r29 -> 1.36.1-r30)
2025-09-23T15:22:02.5992551Z #24 5.855 (3/3) Upgrading ssl_client (1.36.1-r29 -> 1.36.1-r30)
2025-09-23T15:22:02.5993472Z #24 5.866 Executing busybox-1.36.1-r30.trigger
2025-09-23T15:22:02.6013146Z #24 5.938 OK: 9 MiB in 14 packages
2025-09-23T15:22:02.6014058Z #24 6.289 fetch https://dl-cdn.alpinelinux.org/alpine/v3.20/main/aarch64/APKINDEX.tar.gz
2025-09-23T15:22:02.6015028Z #24 6.949 fetch https://dl-cdn.alpinelinux.org/alpine/v3.20/community/aarch64/APKINDEX.tar.gz
2025-09-23T15:22:02.6015850Z #24 8.730 (1/24) Installing bridge-utils (1.7.1-r2)
2025-09-23T15:22:02.6016367Z #24 8.839 (2/24) Installing ca-certificates (20250619-r0)
2025-09-23T15:22:02.6016845Z #24 8.899 (3/24) Installing brotli-libs (1.1.0-r2)
2025-09-23T15:22:02.6017697Z #24 8.986 (4/24) Installing c-ares (1.33.1-r0)
2025-09-23T15:22:02.6018181Z #24 9.020 (5/24) Installing libunistring (1.2-r0)
2025-09-23T15:22:02.6018629Z #24 9.092 (6/24) Installing libidn2 (2.3.7-r0)
2025-09-23T15:22:02.6019114Z #24 9.108 (7/24) Installing nghttp2-libs (1.62.1-r0)
2025-09-23T15:22:02.6019595Z #24 9.121 (8/24) Installing libpsl (0.21.5-r1)
2025-09-23T15:22:02.6020057Z #24 9.131 (9/24) Installing zstd-libs (1.5.6-r0)
2025-09-23T15:22:02.6020515Z #24 9.178 (10/24) Installing libcurl (8.12.1-r0)
2025-09-23T15:22:02.6021031Z #24 9.218 (11/24) Installing curl (8.12.1-r0)
2025-09-23T15:22:02.6021485Z #24 9.232 (12/24) Installing dumb-init (1.2.5-r3)
2025-09-23T15:22:02.6022006Z #24 9.240 (13/24) Installing libmnl (1.0.5-r2)
2025-09-23T15:22:02.6022476Z #24 9.246 (14/24) Installing ethtool (6.7-r0)
2025-09-23T15:22:02.6022995Z #24 9.265 (15/24) Installing iperf3 (3.17.1-r0)
2025-09-23T15:22:02.6023732Z #24 9.279 (16/24) Installing libcap2 (2.70-r0)
2025-09-23T15:22:02.6024200Z #24 9.287 (17/24) Installing libelf (0.191-r0)
2025-09-23T15:22:02.6024761Z #24 9.298 (18/24) Installing iproute2-minimal (6.9.0-r0)
2025-09-23T15:22:02.6025287Z #24 9.325 (19/24) Installing libxtables (1.8.10-r3)
2025-09-23T15:22:02.6025800Z #24 9.337 (20/24) Installing iproute2-tc (6.9.0-r0)
2025-09-23T15:22:02.6026297Z #24 9.360 (21/24) Installing iproute2-ss (6.9.0-r0)
2025-09-23T15:22:02.6026778Z #24 9.371 (22/24) Installing iproute2 (6.9.0-r0)
2025-09-23T15:22:02.6027505Z #24 9.399 Executing iproute2-6.9.0-r0.post-install
2025-09-23T15:22:02.6028058Z #24 9.466 (23/24) Installing libnftnl (1.2.6-r0)
2025-09-23T15:22:02.6028478Z #24 9.484 (24/24) Installing iptables (1.8.10-r3)
2025-09-23T15:22:02.6028832Z #24 9.639 Executing busybox-1.36.1-r30.trigger
2025-09-23T15:22:02.6029414Z #24 9.694 Executing ca-certificates-20250619-r0.trigger
2025-09-23T15:22:02.6029858Z #24 CANCELED
2025-09-23T15:22:02.6030054Z ------
2025-09-23T15:22:02.6030350Z  > [linux/amd64 builder  7/10] RUN go mod download:
2025-09-23T15:22:02.6031936Z 0.317 go: github.com/thc1006/O-RAN-Intent-MANO-for-Network-Slicing/pkg/security@v0.0.0-00010101000000-000000000000 (replaced by ../pkg/security): reading /pkg/security/go.mod: open /pkg/security/go.mod: no such file or directory
2025-09-23T15:22:02.6033486Z ------
2025-09-23T15:22:02.6192590Z Dockerfile:37
2025-09-23T15:22:02.6192965Z --------------------
2025-09-23T15:22:02.6193515Z   35 |     
2025-09-23T15:22:02.6193891Z   36 |     # Download dependencies
2025-09-23T15:22:02.6194351Z   37 | >>> RUN go mod download
2025-09-23T15:22:02.6194723Z   38 |     
2025-09-23T15:22:02.6195118Z   39 |     # Copy source code and pkg/security
2025-09-23T15:22:02.6195563Z --------------------
2025-09-23T15:22:02.6196219Z ERROR: failed to build: failed to solve: process "/bin/sh -c go mod download" did not complete successfully: exit code: 1
2025-09-23T15:22:02.6300507Z ##[error]buildx failed with: ERROR: failed to build: failed to solve: process "/bin/sh -c go mod download" did not complete successfully: exit code: 1
2025-09-23T15:22:02.6432838Z Post job cleanup.
2025-09-23T15:22:02.8667591Z ##[group]Removing temp folder /home/runner/work/_temp/docker-actions-toolkit-HGzUVx
2025-09-23T15:22:02.8678308Z ##[endgroup]
2025-09-23T15:22:02.8678881Z ##[group]Post cache
2025-09-23T15:22:02.8680999Z State not set
2025-09-23T15:22:02.8681547Z ##[endgroup]
2025-09-23T15:22:02.8791760Z Post job cleanup.
2025-09-23T15:22:03.2169498Z [command]/usr/bin/docker logout ghcr.io
2025-09-23T15:22:03.2302527Z Removing login credentials for ghcr.io
2025-09-23T15:22:03.2336718Z ##[group]Post cache
2025-09-23T15:22:03.2338483Z State not set
2025-09-23T15:22:03.2340439Z ##[endgroup]
2025-09-23T15:22:03.2470640Z Post job cleanup.
2025-09-23T15:22:03.5389664Z ##[group]Removing builder
2025-09-23T15:22:03.6385287Z [command]/usr/bin/docker buildx rm builder-572451e2-ba5a-4d4f-9b3c-454b15c1a299
2025-09-23T15:22:04.7937835Z builder-572451e2-ba5a-4d4f-9b3c-454b15c1a299 removed
2025-09-23T15:22:04.7991012Z ##[endgroup]
2025-09-23T15:22:04.7991595Z ##[group]Cleaning up certificates
2025-09-23T15:22:04.7998760Z ##[endgroup]
2025-09-23T15:22:04.7999338Z ##[group]Post cache
2025-09-23T15:22:04.8001741Z State not set
2025-09-23T15:22:04.8002390Z ##[endgroup]
2025-09-23T15:22:04.8132162Z Post job cleanup.
2025-09-23T15:22:04.9098723Z [command]/usr/bin/git version
2025-09-23T15:22:04.9136319Z git version 2.51.0
2025-09-23T15:22:04.9181490Z Temporarily overriding HOME='/home/runner/work/_temp/ad28edfc-ae3c-41d8-8a59-5b4a9f178ca9' before making global git config changes
2025-09-23T15:22:04.9182849Z Adding repository directory to the temporary git global config as a safe directory
2025-09-23T15:22:04.9196905Z [command]/usr/bin/git config --global --add safe.directory /home/runner/work/O-RAN-Intent-MANO-for-Network-Slicing/O-RAN-Intent-MANO-for-Network-Slicing
2025-09-23T15:22:04.9233926Z [command]/usr/bin/git config --local --name-only --get-regexp core\.sshCommand
2025-09-23T15:22:04.9267857Z [command]/usr/bin/git submodule foreach --recursive sh -c "git config --local --name-only --get-regexp 'core\.sshCommand' && git config --local --unset-all 'core.sshCommand' || :"
2025-09-23T15:22:04.9500344Z [command]/usr/bin/git config --local --name-only --get-regexp http\.https\:\/\/github\.com\/\.extraheader
2025-09-23T15:22:04.9522275Z http.https://github.com/.extraheader
2025-09-23T15:22:04.9536274Z [command]/usr/bin/git config --local --unset-all http.https://github.com/.extraheader
2025-09-23T15:22:04.9568238Z [command]/usr/bin/git submodule foreach --recursive sh -c "git config --local --name-only --get-regexp 'http\.https\:\/\/github\.com\/\.extraheader' && git config --local --unset-all 'http.https://github.com/.extraheader' || :"
2025-09-23T15:22:04.9897101Z Cleaning up orphan processes
