2025-09-23T15:20:49.5289681Z Current runner version: '2.328.0'
2025-09-23T15:20:49.5313601Z ##[group]Runner Image Provisioner
2025-09-23T15:20:49.5314345Z Hosted Compute Agent
2025-09-23T15:20:49.5315241Z Version: 20250829.383
2025-09-23T15:20:49.5315964Z Commit: 27cb235aab5b0e52e153a26cd86b4742e89dac5d
2025-09-23T15:20:49.5316675Z Build Date: 2025-08-29T13:48:48Z
2025-09-23T15:20:49.5317213Z ##[endgroup]
2025-09-23T15:20:49.5317850Z ##[group]Operating System
2025-09-23T15:20:49.5318416Z Ubuntu
2025-09-23T15:20:49.5318842Z 24.04.3
2025-09-23T15:20:49.5319370Z LTS
2025-09-23T15:20:49.5319793Z ##[endgroup]
2025-09-23T15:20:49.5320268Z ##[group]Runner Image
2025-09-23T15:20:49.5320864Z Image: ubuntu-24.04
2025-09-23T15:20:49.5321376Z Version: 20250907.24.1
2025-09-23T15:20:49.5322347Z Included Software: https://github.com/actions/runner-images/blob/ubuntu24/20250907.24/images/ubuntu/Ubuntu2404-Readme.md
2025-09-23T15:20:49.5323930Z Image Release: https://github.com/actions/runner-images/releases/tag/ubuntu24%2F20250907.24
2025-09-23T15:20:49.5324989Z ##[endgroup]
2025-09-23T15:20:49.5326535Z ##[group]GITHUB_TOKEN Permissions
2025-09-23T15:20:49.5328644Z Actions: read
2025-09-23T15:20:49.5329280Z Contents: read
2025-09-23T15:20:49.5329751Z Issues: write
2025-09-23T15:20:49.5330220Z Metadata: read
2025-09-23T15:20:49.5330737Z Packages: read
2025-09-23T15:20:49.5331240Z PullRequests: write
2025-09-23T15:20:49.5331763Z SecurityEvents: write
2025-09-23T15:20:49.5332323Z ##[endgroup]
2025-09-23T15:20:49.5334610Z Secret source: Actions
2025-09-23T15:20:49.5335816Z Prepare workflow directory
2025-09-23T15:20:49.5860938Z Prepare all required actions
2025-09-23T15:20:49.5899344Z Getting action download info
2025-09-23T15:20:50.0386612Z Download action repository 'actions/checkout@v4' (SHA:08eba0b27e820071cde6df949e0beb9ba4906955)
2025-09-23T15:20:50.2138589Z Download action repository 'docker/setup-buildx-action@v3' (SHA:e468171a9de216ec08956ac3ada2f0791b6bd435)
2025-09-23T15:20:50.5168483Z Download action repository 'docker/build-push-action@v6' (SHA:263435318d21b8e681c14492fe198d362a7d2c83)
2025-09-23T15:20:50.8042139Z Download action repository 'aquasecurity/trivy-action@0.24.0' (SHA:6e7b7d1fd3e4fef0c5fa8cce1229c54b2c9bd0d8)
2025-09-23T15:20:51.0357449Z Download action repository 'github/codeql-action@v3' (SHA:192325c86100d080feab897ff886c34abd4c83a3)
2025-09-23T15:20:51.5457557Z Download action repository 'anchore/scan-action@v4' (SHA:64a33b277ea7a1215a3c142735a1091341939ff5)
2025-09-23T15:20:51.7743554Z Download action repository 'snyk/actions@0.4.0' (SHA:b98d498629f1c368650224d6d212bf7dfa89e4bf)
2025-09-23T15:20:51.9726941Z Download action repository 'actions/upload-artifact@v4' (SHA:ea165f8d65b6e75b540449e92b4886f43607fa02)
2025-09-23T15:20:52.2461088Z Complete job name: Container Security Scan (tn-agent)
2025-09-23T15:20:52.3013071Z ##[group]Pull down action image 'snyk/snyk:docker'
2025-09-23T15:20:52.3066408Z ##[command]/usr/bin/docker pull snyk/snyk:docker
2025-09-23T15:20:52.5743763Z docker: Pulling from snyk/snyk
2025-09-23T15:20:52.6341178Z 9824c27679d3: Pulling fs layer
2025-09-23T15:20:52.6343014Z 28a0840f7bf2: Pulling fs layer
2025-09-23T15:20:52.6344347Z 4f4fb700ef54: Pulling fs layer
2025-09-23T15:20:52.6346060Z fb9504951990: Pulling fs layer
2025-09-23T15:20:52.6347602Z c6b275506513: Pulling fs layer
2025-09-23T15:20:52.6349005Z 4d4c19ce7848: Pulling fs layer
2025-09-23T15:20:52.6350379Z 8dd018bd997b: Pulling fs layer
2025-09-23T15:20:52.6351640Z 475a03ca2766: Pulling fs layer
2025-09-23T15:20:52.6352895Z 62947a7621bd: Pulling fs layer
2025-09-23T15:20:52.6354149Z b135fdd68f41: Pulling fs layer
2025-09-23T15:20:52.6355676Z 54a5e87756b8: Pulling fs layer
2025-09-23T15:20:52.6356934Z 168b20794b7e: Pulling fs layer
2025-09-23T15:20:52.6358185Z 2aaf7192c60d: Pulling fs layer
2025-09-23T15:20:52.6359504Z 77166df98362: Pulling fs layer
2025-09-23T15:20:52.6360746Z 478cc7997cbb: Pulling fs layer
2025-09-23T15:20:52.6362018Z 462d3d9c6e57: Pulling fs layer
2025-09-23T15:20:52.6363267Z 0101d894808a: Pulling fs layer
2025-09-23T15:20:52.6364552Z d9777f1fd633: Pulling fs layer
2025-09-23T15:20:52.6366401Z 451e7d575372: Pulling fs layer
2025-09-23T15:20:52.6367672Z 9e8b5a05dd39: Pulling fs layer
2025-09-23T15:20:52.6368930Z 7da5c1ce81c8: Pulling fs layer
2025-09-23T15:20:52.6370175Z 62947a7621bd: Waiting
2025-09-23T15:20:52.6371248Z b135fdd68f41: Waiting
2025-09-23T15:20:52.6372337Z 54a5e87756b8: Waiting
2025-09-23T15:20:52.6373418Z 168b20794b7e: Waiting
2025-09-23T15:20:52.6374481Z 2aaf7192c60d: Waiting
2025-09-23T15:20:52.6375834Z 77166df98362: Waiting
2025-09-23T15:20:52.6376887Z 451e7d575372: Waiting
2025-09-23T15:20:52.6377950Z 478cc7997cbb: Waiting
2025-09-23T15:20:52.6379047Z 9e8b5a05dd39: Waiting
2025-09-23T15:20:52.6380144Z 462d3d9c6e57: Waiting
2025-09-23T15:20:52.6381234Z 7da5c1ce81c8: Waiting
2025-09-23T15:20:52.6382390Z 0101d894808a: Waiting
2025-09-23T15:20:52.6383469Z fb9504951990: Waiting
2025-09-23T15:20:52.6384561Z d9777f1fd633: Waiting
2025-09-23T15:20:52.6385958Z c6b275506513: Waiting
2025-09-23T15:20:52.6387025Z 8dd018bd997b: Waiting
2025-09-23T15:20:52.6388114Z 475a03ca2766: Waiting
2025-09-23T15:20:52.7032852Z 4f4fb700ef54: Verifying Checksum
2025-09-23T15:20:52.7034317Z 4f4fb700ef54: Download complete
2025-09-23T15:20:52.7620156Z 9824c27679d3: Verifying Checksum
2025-09-23T15:20:52.7622415Z 9824c27679d3: Download complete
2025-09-23T15:20:52.7760515Z fb9504951990: Verifying Checksum
2025-09-23T15:20:52.7762347Z fb9504951990: Download complete
2025-09-23T15:20:52.8142429Z 28a0840f7bf2: Verifying Checksum
2025-09-23T15:20:52.8144301Z 28a0840f7bf2: Download complete
2025-09-23T15:20:52.8797331Z 9824c27679d3: Pull complete
2025-09-23T15:20:53.1167663Z 8dd018bd997b: Download complete
2025-09-23T15:20:53.1790065Z 475a03ca2766: Verifying Checksum
2025-09-23T15:20:53.1790705Z 475a03ca2766: Download complete
2025-09-23T15:20:53.2586580Z 62947a7621bd: Verifying Checksum
2025-09-23T15:20:53.2587195Z 62947a7621bd: Download complete
2025-09-23T15:20:53.2808375Z 28a0840f7bf2: Pull complete
2025-09-23T15:20:53.2944035Z 4f4fb700ef54: Pull complete
2025-09-23T15:20:53.3127373Z fb9504951990: Pull complete
2025-09-23T15:20:53.3422748Z b135fdd68f41: Download complete
2025-09-23T15:20:53.4761996Z 4d4c19ce7848: Verifying Checksum
2025-09-23T15:20:53.4762810Z 4d4c19ce7848: Download complete
2025-09-23T15:20:53.5037903Z 54a5e87756b8: Verifying Checksum
2025-09-23T15:20:53.5038536Z 54a5e87756b8: Download complete
2025-09-23T15:20:53.5325610Z 168b20794b7e: Verifying Checksum
2025-09-23T15:20:53.5326186Z 168b20794b7e: Download complete
2025-09-23T15:20:53.5457743Z c6b275506513: Verifying Checksum
2025-09-23T15:20:53.5458495Z c6b275506513: Download complete
2025-09-23T15:20:53.6116045Z 2aaf7192c60d: Verifying Checksum
2025-09-23T15:20:53.6116531Z 2aaf7192c60d: Download complete
2025-09-23T15:20:53.6231186Z 478cc7997cbb: Verifying Checksum
2025-09-23T15:20:53.6231743Z 478cc7997cbb: Download complete
2025-09-23T15:20:53.6650315Z 462d3d9c6e57: Verifying Checksum
2025-09-23T15:20:53.6651240Z 462d3d9c6e57: Download complete
2025-09-23T15:20:53.6996242Z 0101d894808a: Download complete
2025-09-23T15:20:53.7212691Z d9777f1fd633: Verifying Checksum
2025-09-23T15:20:53.7213971Z d9777f1fd633: Download complete
2025-09-23T15:20:53.7930773Z 451e7d575372: Verifying Checksum
2025-09-23T15:20:53.7950123Z 451e7d575372: Download complete
2025-09-23T15:20:53.7950627Z 9e8b5a05dd39: Verifying Checksum
2025-09-23T15:20:53.7951110Z 9e8b5a05dd39: Download complete
2025-09-23T15:20:53.7995286Z c6b275506513: Pull complete
2025-09-23T15:20:54.1915852Z 4d4c19ce7848: Pull complete
2025-09-23T15:20:54.3878653Z 77166df98362: Verifying Checksum
2025-09-23T15:20:54.3879162Z 77166df98362: Download complete
2025-09-23T15:20:54.5760320Z 8dd018bd997b: Pull complete
2025-09-23T15:20:54.5932767Z 475a03ca2766: Pull complete
2025-09-23T15:20:54.6056319Z 62947a7621bd: Pull complete
2025-09-23T15:20:54.6162640Z b135fdd68f41: Pull complete
2025-09-23T15:20:54.6470754Z 7da5c1ce81c8: Verifying Checksum
2025-09-23T15:20:54.6471423Z 7da5c1ce81c8: Download complete
2025-09-23T15:20:54.8553780Z 54a5e87756b8: Pull complete
2025-09-23T15:20:54.8750512Z 168b20794b7e: Pull complete
2025-09-23T15:20:54.8903405Z 2aaf7192c60d: Pull complete
2025-09-23T15:20:55.7332881Z 77166df98362: Pull complete
2025-09-23T15:20:55.7459394Z 478cc7997cbb: Pull complete
2025-09-23T15:20:55.7587297Z 462d3d9c6e57: Pull complete
2025-09-23T15:20:55.7681159Z 0101d894808a: Pull complete
2025-09-23T15:20:55.7830237Z d9777f1fd633: Pull complete
2025-09-23T15:20:55.8246680Z 451e7d575372: Pull complete
2025-09-23T15:20:55.8598427Z 9e8b5a05dd39: Pull complete
2025-09-23T15:20:56.4881724Z 7da5c1ce81c8: Pull complete
2025-09-23T15:20:56.4921517Z Digest: sha256:ac39405e9218b6f311f8dab0903c4d385728006d5e4597a30706f814c1ea5815
2025-09-23T15:20:56.4935047Z Status: Downloaded newer image for snyk/snyk:docker
2025-09-23T15:20:56.4947146Z docker.io/snyk/snyk:docker
2025-09-23T15:20:56.4969770Z ##[endgroup]
2025-09-23T15:20:56.5006826Z ##[group]Build container for action use: '/home/runner/work/_actions/aquasecurity/trivy-action/0.24.0/Dockerfile'.
2025-09-23T15:20:56.5012408Z ##[command]/usr/bin/docker build -t 66b0c0:b9e4fb20172d445d8cec10ce5cb76e9d -f "/home/runner/work/_actions/aquasecurity/trivy-action/0.24.0/Dockerfile" "/home/runner/work/_actions/aquasecurity/trivy-action/0.24.0"
2025-09-23T15:20:57.0669172Z #0 building with "default" instance using docker driver
2025-09-23T15:20:57.0669673Z 
2025-09-23T15:20:57.0669875Z #1 [internal] load build definition from Dockerfile
2025-09-23T15:20:57.0670386Z #1 transferring dockerfile: 194B done
2025-09-23T15:20:57.0670821Z #1 DONE 0.0s
2025-09-23T15:20:57.0671032Z 
2025-09-23T15:20:57.0671328Z #2 [internal] load metadata for ghcr.io/aquasecurity/trivy:0.53.0
2025-09-23T15:20:59.2448505Z #2 DONE 2.3s
2025-09-23T15:20:59.3645927Z 
2025-09-23T15:20:59.3647123Z #3 [internal] load .dockerignore
2025-09-23T15:20:59.3647617Z #3 transferring context: 2B done
2025-09-23T15:20:59.3648076Z #3 DONE 0.0s
2025-09-23T15:20:59.3648262Z 
2025-09-23T15:20:59.3648395Z #4 [internal] load build context
2025-09-23T15:20:59.3648876Z #4 transferring context: 5.71kB done
2025-09-23T15:20:59.3649297Z #4 DONE 0.0s
2025-09-23T15:20:59.3649482Z 
2025-09-23T15:20:59.3649844Z #5 [1/4] FROM ghcr.io/aquasecurity/trivy:0.53.0@sha256:53e6715d5c67e80e629f0dfa3bd6ed2bc74bdcaa4bdbe934a5a1811a249db6b9
2025-09-23T15:20:59.3650724Z #5 resolve ghcr.io/aquasecurity/trivy:0.53.0@sha256:53e6715d5c67e80e629f0dfa3bd6ed2bc74bdcaa4bdbe934a5a1811a249db6b9 done
2025-09-23T15:20:59.3651819Z #5 sha256:03a75a75154a30e4e14bcc8aa0680ce816ed3492cabfbdddfcead8b36cf807f2 9.44MB / 38.15MB 0.1s
2025-09-23T15:20:59.3652967Z #5 sha256:c1cc37e8c713b93158c39141166a340d11b7d42ed2c0019cee0b9d994fee75eb 0B / 4.37kB 0.1s
2025-09-23T15:20:59.3653826Z #5 sha256:53e6715d5c67e80e629f0dfa3bd6ed2bc74bdcaa4bdbe934a5a1811a249db6b9 1.36kB / 1.36kB done
2025-09-23T15:20:59.3655007Z #5 sha256:8082d8d128f3e39d28a7df824e43c655d764ca76a19b096968b5c3a1906f14a0 1.16kB / 1.16kB done
2025-09-23T15:20:59.3655926Z #5 sha256:00698f09a9fdaa2b495079eb2d56e73c67f988eedaa888269303f03cf6a0d8f0 1.98kB / 1.98kB done
2025-09-23T15:20:59.3656977Z #5 sha256:d25f557d7f31bf7acfac935859b5153da41d13c41f2b468d16f729a5b883634f 0B / 3.62MB 0.1s
2025-09-23T15:20:59.3657572Z #5 sha256:037a6c10ef0d4338f603f72108344ad8298876f20af8a80f9b57efe70327293b 6.15MB / 6.15MB 0.1s done
2025-09-23T15:20:59.4756277Z #5 sha256:03a75a75154a30e4e14bcc8aa0680ce816ed3492cabfbdddfcead8b36cf807f2 38.15MB / 38.15MB 0.2s
2025-09-23T15:20:59.4757434Z #5 sha256:c1cc37e8c713b93158c39141166a340d11b7d42ed2c0019cee0b9d994fee75eb 4.37kB / 4.37kB 0.1s done
2025-09-23T15:20:59.4758509Z #5 sha256:d25f557d7f31bf7acfac935859b5153da41d13c41f2b468d16f729a5b883634f 3.62MB / 3.62MB 0.1s done
2025-09-23T15:20:59.4759500Z #5 extracting sha256:d25f557d7f31bf7acfac935859b5153da41d13c41f2b468d16f729a5b883634f 0.1s done
2025-09-23T15:20:59.6223674Z #5 sha256:03a75a75154a30e4e14bcc8aa0680ce816ed3492cabfbdddfcead8b36cf807f2 38.15MB / 38.15MB 0.2s done
2025-09-23T15:20:59.6225578Z #5 extracting sha256:037a6c10ef0d4338f603f72108344ad8298876f20af8a80f9b57efe70327293b 0.1s
2025-09-23T15:20:59.8167336Z #5 extracting sha256:037a6c10ef0d4338f603f72108344ad8298876f20af8a80f9b57efe70327293b 0.1s done
2025-09-23T15:20:59.8174778Z #5 extracting sha256:03a75a75154a30e4e14bcc8aa0680ce816ed3492cabfbdddfcead8b36cf807f2 0.1s
2025-09-23T15:21:00.2325155Z #5 extracting sha256:03a75a75154a30e4e14bcc8aa0680ce816ed3492cabfbdddfcead8b36cf807f2 0.5s done
2025-09-23T15:21:00.2326260Z #5 extracting sha256:c1cc37e8c713b93158c39141166a340d11b7d42ed2c0019cee0b9d994fee75eb
2025-09-23T15:21:00.4144527Z #5 extracting sha256:c1cc37e8c713b93158c39141166a340d11b7d42ed2c0019cee0b9d994fee75eb done
2025-09-23T15:21:00.4145403Z #5 DONE 1.0s
2025-09-23T15:21:00.4145568Z 
2025-09-23T15:21:00.4145698Z #6 [2/4] COPY entrypoint.sh /
2025-09-23T15:21:00.4146024Z #6 DONE 0.0s
2025-09-23T15:21:00.4146173Z 
2025-09-23T15:21:00.4146754Z #7 [3/4] RUN apk --no-cache add bash curl npm
2025-09-23T15:21:00.4147442Z #7 0.146 fetch https://dl-cdn.alpinelinux.org/alpine/v3.20/main/x86_64/APKINDEX.tar.gz
2025-09-23T15:21:00.5232485Z #7 0.255 fetch https://dl-cdn.alpinelinux.org/alpine/v3.20/community/x86_64/APKINDEX.tar.gz
2025-09-23T15:21:00.7835373Z #7 0.515 (1/14) Installing ncurses-terminfo-base (6.4_p20240420-r2)
2025-09-23T15:21:00.9010345Z #7 0.527 (2/14) Installing libncursesw (6.4_p20240420-r2)
2025-09-23T15:21:00.9011017Z #7 0.542 (3/14) Installing readline (8.2.10-r0)
2025-09-23T15:21:00.9011416Z #7 0.553 (4/14) Installing bash (5.2.26-r0)
2025-09-23T15:21:00.9011735Z #7 0.573 Executing bash-5.2.26-r0.post-install
2025-09-23T15:21:00.9012093Z #7 0.577 (5/14) Upgrading libcurl (8.8.0-r0 -> 8.12.1-r0)
2025-09-23T15:21:00.9012398Z #7 0.590 (6/14) Installing curl (8.12.1-r0)
2025-09-23T15:21:00.9012697Z #7 0.600 (7/14) Installing libgcc (13.2.1_git20240309-r1)
2025-09-23T15:21:00.9013027Z #7 0.610 (8/14) Installing libstdc++ (13.2.1_git20240309-r1)
2025-09-23T15:21:00.9013364Z #7 0.633 (9/14) Installing ada-libs (2.7.8-r0)
2025-09-23T15:21:01.1414416Z #7 0.648 (10/14) Installing icu-data-en (74.2-r1)
2025-09-23T15:21:01.1415877Z #7 0.672 Executing icu-data-en-74.2-r1.post-install
2025-09-23T15:21:01.1416362Z #7 0.674 *
2025-09-23T15:21:01.1416852Z #7 0.674 * If you need ICU with non-English locales and legacy charset support, install
2025-09-23T15:21:01.1417477Z #7 0.674 * package icu-data-full.
2025-09-23T15:21:01.1417840Z #7 0.674 *
2025-09-23T15:21:01.1418138Z #7 0.674 (11/14) Installing icu-libs (74.2-r1)
2025-09-23T15:21:01.1418591Z #7 0.711 (12/14) Installing libuv (1.48.0-r0)
2025-09-23T15:21:01.1419060Z #7 0.722 (13/14) Installing nodejs-current (21.7.3-r0)
2025-09-23T15:21:01.2568973Z #7 0.988 (14/14) Installing npm (10.9.1-r0)
2025-09-23T15:21:01.4809749Z #7 1.212 Executing busybox-1.36.1-r28.trigger
2025-09-23T15:21:01.6045545Z #7 1.221 OK: 94 MiB in 40 packages
2025-09-23T15:21:01.6053931Z #7 DONE 1.3s
2025-09-23T15:21:01.7288441Z 
2025-09-23T15:21:01.7288890Z #8 [4/4] RUN chmod +x /entrypoint.sh
2025-09-23T15:21:01.7289359Z #8 DONE 0.1s
2025-09-23T15:21:01.8809072Z 
2025-09-23T15:21:01.8810113Z #9 exporting to image
2025-09-23T15:21:01.8810945Z #9 exporting layers
2025-09-23T15:21:02.1750270Z #9 exporting layers 0.4s done
2025-09-23T15:21:02.1968151Z #9 writing image sha256:54cb533d6f4682444fbd857a9139b0c209c3ed145ad9caea5dc64469b130bf4f done
2025-09-23T15:21:02.1969096Z #9 naming to docker.io/library/66b0c0:b9e4fb20172d445d8cec10ce5cb76e9d done
2025-09-23T15:21:02.1969887Z #9 DONE 0.5s
2025-09-23T15:21:02.2023765Z ##[endgroup]
2025-09-23T15:21:02.2244121Z ##[group]Run actions/checkout@v4
2025-09-23T15:21:02.2244644Z with:
2025-09-23T15:21:02.2245087Z   repository: thc1006/O-RAN-Intent-MANO-for-Network-Slicing
2025-09-23T15:21:02.2245541Z   token: ***
2025-09-23T15:21:02.2245719Z   ssh-strict: true
2025-09-23T15:21:02.2245901Z   ssh-user: git
2025-09-23T15:21:02.2246083Z   persist-credentials: true
2025-09-23T15:21:02.2246297Z   clean: true
2025-09-23T15:21:02.2246482Z   sparse-checkout-cone-mode: true
2025-09-23T15:21:02.2246708Z   fetch-depth: 1
2025-09-23T15:21:02.2246877Z   fetch-tags: false
2025-09-23T15:21:02.2247057Z   show-progress: true
2025-09-23T15:21:02.2247462Z   lfs: false
2025-09-23T15:21:02.2247621Z   submodules: false
2025-09-23T15:21:02.2247802Z   set-safe-directory: true
2025-09-23T15:21:02.2248267Z env:
2025-09-23T15:21:02.2248441Z   REGISTRY: ghcr.io
2025-09-23T15:21:02.2248630Z   IMAGE_PREFIX: ghcr.io/thc1006
2025-09-23T15:21:02.2248844Z ##[endgroup]
2025-09-23T15:21:02.3361877Z Syncing repository: thc1006/O-RAN-Intent-MANO-for-Network-Slicing
2025-09-23T15:21:02.3363513Z ##[group]Getting Git version info
2025-09-23T15:21:02.3364526Z Working directory is '/home/runner/work/O-RAN-Intent-MANO-for-Network-Slicing/O-RAN-Intent-MANO-for-Network-Slicing'
2025-09-23T15:21:02.3366078Z [command]/usr/bin/git version
2025-09-23T15:21:02.3377984Z git version 2.51.0
2025-09-23T15:21:02.3404284Z ##[endgroup]
2025-09-23T15:21:02.3425112Z Temporarily overriding HOME='/home/runner/work/_temp/edd3e088-723d-462e-a9bf-d2229ff06496' before making global git config changes
2025-09-23T15:21:02.3426121Z Adding repository directory to the temporary git global config as a safe directory
2025-09-23T15:21:02.3430377Z [command]/usr/bin/git config --global --add safe.directory /home/runner/work/O-RAN-Intent-MANO-for-Network-Slicing/O-RAN-Intent-MANO-for-Network-Slicing
2025-09-23T15:21:02.3468031Z Deleting the contents of '/home/runner/work/O-RAN-Intent-MANO-for-Network-Slicing/O-RAN-Intent-MANO-for-Network-Slicing'
2025-09-23T15:21:02.3471514Z ##[group]Initializing the repository
2025-09-23T15:21:02.3476944Z [command]/usr/bin/git init /home/runner/work/O-RAN-Intent-MANO-for-Network-Slicing/O-RAN-Intent-MANO-for-Network-Slicing
2025-09-23T15:21:02.3574518Z hint: Using 'master' as the name for the initial branch. This default branch name
2025-09-23T15:21:02.3575594Z hint: is subject to change. To configure the initial branch name to use in all
2025-09-23T15:21:02.3576356Z hint: of your new repositories, which will suppress this warning, call:
2025-09-23T15:21:02.3576696Z hint:
2025-09-23T15:21:02.3576994Z hint: 	git config --global init.defaultBranch <name>
2025-09-23T15:21:02.3577528Z hint:
2025-09-23T15:21:02.3578070Z hint: Names commonly chosen instead of 'master' are 'main', 'trunk' and
2025-09-23T15:21:02.3578723Z hint: 'development'. The just-created branch can be renamed via this command:
2025-09-23T15:21:02.3579077Z hint:
2025-09-23T15:21:02.3579319Z hint: 	git branch -m <name>
2025-09-23T15:21:02.3579702Z hint:
2025-09-23T15:21:02.3580284Z hint: Disable this message with "git config set advice.defaultBranchName false"
2025-09-23T15:21:02.3581649Z Initialized empty Git repository in /home/runner/work/O-RAN-Intent-MANO-for-Network-Slicing/O-RAN-Intent-MANO-for-Network-Slicing/.git/
2025-09-23T15:21:02.3591018Z [command]/usr/bin/git remote add origin https://github.com/thc1006/O-RAN-Intent-MANO-for-Network-Slicing
2025-09-23T15:21:02.3625689Z ##[endgroup]
2025-09-23T15:21:02.3626319Z ##[group]Disabling automatic garbage collection
2025-09-23T15:21:02.3630814Z [command]/usr/bin/git config --local gc.auto 0
2025-09-23T15:21:02.3658505Z ##[endgroup]
2025-09-23T15:21:02.3659131Z ##[group]Setting up auth
2025-09-23T15:21:02.3666498Z [command]/usr/bin/git config --local --name-only --get-regexp core\.sshCommand
2025-09-23T15:21:02.3696085Z [command]/usr/bin/git submodule foreach --recursive sh -c "git config --local --name-only --get-regexp 'core\.sshCommand' && git config --local --unset-all 'core.sshCommand' || :"
2025-09-23T15:21:02.4008136Z [command]/usr/bin/git config --local --name-only --get-regexp http\.https\:\/\/github\.com\/\.extraheader
2025-09-23T15:21:02.4037603Z [command]/usr/bin/git submodule foreach --recursive sh -c "git config --local --name-only --get-regexp 'http\.https\:\/\/github\.com\/\.extraheader' && git config --local --unset-all 'http.https://github.com/.extraheader' || :"
2025-09-23T15:21:02.4256814Z [command]/usr/bin/git config --local http.https://github.com/.extraheader AUTHORIZATION: basic ***
2025-09-23T15:21:02.4291574Z ##[endgroup]
2025-09-23T15:21:02.4292163Z ##[group]Fetching the repository
2025-09-23T15:21:02.4300376Z [command]/usr/bin/git -c protocol.version=2 fetch --no-tags --prune --no-recurse-submodules --depth=1 origin +2c0bc4949c237fd9a9d6d71542f3a84f251becb9:refs/remotes/origin/main
2025-09-23T15:21:03.7132244Z From https://github.com/thc1006/O-RAN-Intent-MANO-for-Network-Slicing
2025-09-23T15:21:03.7133110Z  * [new ref]         2c0bc4949c237fd9a9d6d71542f3a84f251becb9 -> origin/main
2025-09-23T15:21:03.7163836Z ##[endgroup]
2025-09-23T15:21:03.7164459Z ##[group]Determining the checkout info
2025-09-23T15:21:03.7167400Z ##[endgroup]
2025-09-23T15:21:03.7172479Z [command]/usr/bin/git sparse-checkout disable
2025-09-23T15:21:03.7258797Z [command]/usr/bin/git config --local --unset-all extensions.worktreeConfig
2025-09-23T15:21:03.7286101Z ##[group]Checking out the ref
2025-09-23T15:21:03.7290223Z [command]/usr/bin/git checkout --progress --force -B main refs/remotes/origin/main
2025-09-23T15:21:04.1731196Z Switched to a new branch 'main'
2025-09-23T15:21:04.1731716Z branch 'main' set up to track 'origin/main'.
2025-09-23T15:21:04.1760144Z ##[endgroup]
2025-09-23T15:21:04.1799707Z [command]/usr/bin/git log -1 --format=%H
2025-09-23T15:21:04.1821439Z 2c0bc4949c237fd9a9d6d71542f3a84f251becb9
2025-09-23T15:21:04.2009903Z ##[group]Run docker/setup-buildx-action@v3
2025-09-23T15:21:04.2010325Z with:
2025-09-23T15:21:04.2010557Z   platforms: linux/amd64
2025-09-23T15:21:04.2010983Z   driver-opts: image=moby/buildkit:latest
network=host

2025-09-23T15:21:04.2011330Z   driver: docker-container
2025-09-23T15:21:04.2011621Z   install: false
2025-09-23T15:21:04.2011876Z   use: true
2025-09-23T15:21:04.2012182Z   keep-state: false
2025-09-23T15:21:04.2012418Z   cache-binary: true
2025-09-23T15:21:04.2012715Z   cleanup: true
2025-09-23T15:21:04.2012983Z env:
2025-09-23T15:21:04.2013192Z   REGISTRY: ghcr.io
2025-09-23T15:21:04.2013513Z   IMAGE_PREFIX: ghcr.io/thc1006
2025-09-23T15:21:04.2013829Z ##[endgroup]
2025-09-23T15:21:04.4915297Z ##[group]Docker info
2025-09-23T15:21:04.4942203Z [command]/usr/bin/docker version
2025-09-23T15:21:04.5170893Z Client: Docker Engine - Community
2025-09-23T15:21:04.5173723Z  Version:           28.0.4
2025-09-23T15:21:04.5174116Z  API version:       1.48
2025-09-23T15:21:04.5174531Z  Go version:        go1.23.7
2025-09-23T15:21:04.5175034Z  Git commit:        b8034c0
2025-09-23T15:21:04.5175409Z  Built:             Tue Mar 25 15:07:16 2025
2025-09-23T15:21:04.5175826Z  OS/Arch:           linux/amd64
2025-09-23T15:21:04.5176187Z  Context:           default
2025-09-23T15:21:04.5176406Z 
2025-09-23T15:21:04.5176553Z Server: Docker Engine - Community
2025-09-23T15:21:04.5176921Z  Engine:
2025-09-23T15:21:04.5177183Z   Version:          28.0.4
2025-09-23T15:21:04.5177554Z   API version:      1.48 (minimum version 1.24)
2025-09-23T15:21:04.5177990Z   Go version:       go1.23.7
2025-09-23T15:21:04.5178320Z   Git commit:       6430e49
2025-09-23T15:21:04.5178674Z   Built:            Tue Mar 25 15:07:16 2025
2025-09-23T15:21:04.5179078Z   OS/Arch:          linux/amd64
2025-09-23T15:21:04.5179445Z   Experimental:     false
2025-09-23T15:21:04.5179898Z  containerd:
2025-09-23T15:21:04.5180188Z   Version:          1.7.27
2025-09-23T15:21:04.5180618Z   GitCommit:        05044ec0a9a75232cad458027ca83437aae3f4da
2025-09-23T15:21:04.5181081Z  runc:
2025-09-23T15:21:04.5181347Z   Version:          1.2.5
2025-09-23T15:21:04.5181676Z   GitCommit:        v1.2.5-0-g59923ef
2025-09-23T15:21:04.5182048Z  docker-init:
2025-09-23T15:21:04.5182337Z   Version:          0.19.0
2025-09-23T15:21:04.5182813Z   GitCommit:        de40ad0
2025-09-23T15:21:04.5225358Z [command]/usr/bin/docker info
2025-09-23T15:21:04.8029416Z Client: Docker Engine - Community
2025-09-23T15:21:04.8030616Z  Version:    28.0.4
2025-09-23T15:21:04.8030973Z  Context:    default
2025-09-23T15:21:04.8031308Z  Debug Mode: false
2025-09-23T15:21:04.8031613Z  Plugins:
2025-09-23T15:21:04.8031921Z   buildx: Docker Buildx (Docker Inc.)
2025-09-23T15:21:04.8032336Z     Version:  v0.28.0
2025-09-23T15:21:04.8032756Z     Path:     /usr/libexec/docker/cli-plugins/docker-buildx
2025-09-23T15:21:04.8033646Z   compose: Docker Compose (Docker Inc.)
2025-09-23T15:21:04.8034052Z     Version:  v2.38.2
2025-09-23T15:21:04.8034475Z     Path:     /usr/libexec/docker/cli-plugins/docker-compose
2025-09-23T15:21:04.8035012Z 
2025-09-23T15:21:04.8035116Z Server:
2025-09-23T15:21:04.8035364Z  Containers: 0
2025-09-23T15:21:04.8035615Z   Running: 0
2025-09-23T15:21:04.8035884Z   Paused: 0
2025-09-23T15:21:04.8036146Z   Stopped: 0
2025-09-23T15:21:04.8036404Z  Images: 2
2025-09-23T15:21:04.8036683Z  Server Version: 28.0.4
2025-09-23T15:21:04.8037017Z  Storage Driver: overlay2
2025-09-23T15:21:04.8037373Z   Backing Filesystem: extfs
2025-09-23T15:21:04.8037725Z   Supports d_type: true
2025-09-23T15:21:04.8038044Z   Using metacopy: false
2025-09-23T15:21:04.8038350Z   Native Overlay Diff: false
2025-09-23T15:21:04.8038683Z   userxattr: false
2025-09-23T15:21:04.8038981Z  Logging Driver: json-file
2025-09-23T15:21:04.8039326Z  Cgroup Driver: systemd
2025-09-23T15:21:04.8039632Z  Cgroup Version: 2
2025-09-23T15:21:04.8039923Z  Plugins:
2025-09-23T15:21:04.8040182Z   Volume: local
2025-09-23T15:21:04.8040528Z   Network: bridge host ipvlan macvlan null overlay
2025-09-23T15:21:04.8041417Z   Log: awslogs fluentd gcplogs gelf journald json-file local splunk syslog
2025-09-23T15:21:04.8041986Z  Swarm: inactive
2025-09-23T15:21:04.8042317Z  Runtimes: runc io.containerd.runc.v2
2025-09-23T15:21:04.8042718Z  Default Runtime: runc
2025-09-23T15:21:04.8043063Z  Init Binary: docker-init
2025-09-23T15:21:04.8043516Z  containerd version: 05044ec0a9a75232cad458027ca83437aae3f4da
2025-09-23T15:21:04.8044026Z  runc version: v1.2.5-0-g59923ef
2025-09-23T15:21:04.8044422Z  init version: de40ad0
2025-09-23T15:21:04.8044651Z  Security Options:
2025-09-23T15:21:04.8045436Z   apparmor
2025-09-23T15:21:04.8045708Z   seccomp
2025-09-23T15:21:04.8045929Z    Profile: builtin
2025-09-23T15:21:04.8046109Z   cgroupns
2025-09-23T15:21:04.8046286Z  Kernel Version: 6.11.0-1018-azure
2025-09-23T15:21:04.8046532Z  Operating System: Ubuntu 24.04.3 LTS
2025-09-23T15:21:04.8046779Z  OSType: linux
2025-09-23T15:21:04.8046951Z  Architecture: x86_64
2025-09-23T15:21:04.8047132Z  CPUs: 4
2025-09-23T15:21:04.8047298Z  Total Memory: 15.62GiB
2025-09-23T15:21:04.8047484Z  Name: runnervmf4ws1
2025-09-23T15:21:04.8047688Z  ID: 80b0c887-f378-498c-94b8-5e260688697c
2025-09-23T15:21:04.8047932Z  Docker Root Dir: /var/lib/docker
2025-09-23T15:21:04.8048153Z  Debug Mode: false
2025-09-23T15:21:04.8048332Z  Username: githubactions
2025-09-23T15:21:04.8048530Z  Experimental: false
2025-09-23T15:21:04.8048714Z  Insecure Registries:
2025-09-23T15:21:04.8053465Z   ::1/128
2025-09-23T15:21:04.8053656Z   127.0.0.0/8
2025-09-23T15:21:04.8053860Z  Live Restore Enabled: false
2025-09-23T15:21:04.8054013Z 
2025-09-23T15:21:04.8054426Z ##[endgroup]
2025-09-23T15:21:04.8666499Z ##[group]Buildx version
2025-09-23T15:21:04.8688635Z [command]/usr/bin/docker buildx version
2025-09-23T15:21:04.9256708Z github.com/docker/buildx v0.28.0 b1281b81bba797b21d9eaf256e6a13eb14419836
2025-09-23T15:21:04.9294403Z ##[endgroup]
2025-09-23T15:21:04.9451931Z ##[group]Inspecting default docker context
2025-09-23T15:21:04.9589976Z [
2025-09-23T15:21:04.9590451Z   {
2025-09-23T15:21:04.9590709Z     "Name": "default",
2025-09-23T15:21:04.9590999Z     "Metadata": {},
2025-09-23T15:21:04.9591214Z     "Endpoints": {
2025-09-23T15:21:04.9591412Z       "docker": {
2025-09-23T15:21:04.9591638Z         "Host": "unix:///var/run/docker.sock",
2025-09-23T15:21:04.9591933Z         "SkipTLSVerify": false
2025-09-23T15:21:04.9592152Z       }
2025-09-23T15:21:04.9592320Z     },
2025-09-23T15:21:04.9592489Z     "TLSMaterial": {},
2025-09-23T15:21:04.9592711Z     "Storage": {
2025-09-23T15:21:04.9593039Z       "MetadataPath": "<IN MEMORY>",
2025-09-23T15:21:04.9593303Z       "TLSPath": "<IN MEMORY>"
2025-09-23T15:21:04.9593518Z     }
2025-09-23T15:21:04.9593784Z   }
2025-09-23T15:21:04.9593941Z ]
2025-09-23T15:21:04.9594390Z ##[endgroup]
2025-09-23T15:21:04.9595461Z ##[group]Creating a new builder instance
2025-09-23T15:21:05.0768278Z [command]/usr/bin/docker buildx create --name builder-13458c8c-823c-4acf-85a2-d6388aa26f7e --driver docker-container --driver-opt image=moby/buildkit:latest --driver-opt network=host --buildkitd-flags --allow-insecure-entitlement security.insecure --allow-insecure-entitlement network.host --platform linux/amd64 --use
2025-09-23T15:21:05.1348238Z builder-13458c8c-823c-4acf-85a2-d6388aa26f7e
2025-09-23T15:21:05.1383502Z ##[endgroup]
2025-09-23T15:21:05.1383995Z ##[group]Booting builder
2025-09-23T15:21:05.1412703Z [command]/usr/bin/docker buildx inspect --bootstrap --builder builder-13458c8c-823c-4acf-85a2-d6388aa26f7e
2025-09-23T15:21:05.1931430Z #1 [internal] booting buildkit
2025-09-23T15:21:05.3437736Z #1 pulling image moby/buildkit:latest
2025-09-23T15:21:07.6855379Z #1 pulling image moby/buildkit:latest 2.5s done
2025-09-23T15:21:07.8357030Z #1 creating container buildx_buildkit_builder-13458c8c-823c-4acf-85a2-d6388aa26f7e0
2025-09-23T15:21:07.8908342Z #1 creating container buildx_buildkit_builder-13458c8c-823c-4acf-85a2-d6388aa26f7e0 0.2s done
2025-09-23T15:21:07.8922105Z #1 DONE 2.7s
2025-09-23T15:21:07.9231433Z Name:          builder-13458c8c-823c-4acf-85a2-d6388aa26f7e
2025-09-23T15:21:07.9232046Z Driver:        docker-container
2025-09-23T15:21:07.9232437Z Last Activity: 2025-09-23 15:21:05 +0000 UTC
2025-09-23T15:21:07.9232739Z 
2025-09-23T15:21:07.9232846Z Nodes:
2025-09-23T15:21:07.9234758Z Name:                  builder-13458c8c-823c-4acf-85a2-d6388aa26f7e0
2025-09-23T15:21:07.9235559Z Endpoint:              unix:///var/run/docker.sock
2025-09-23T15:21:07.9236136Z Driver Options:        image="moby/buildkit:latest" network="host"
2025-09-23T15:21:07.9236654Z Status:                running
2025-09-23T15:21:07.9237458Z BuildKit daemon flags: --allow-insecure-entitlement security.insecure --allow-insecure-entitlement network.host
2025-09-23T15:21:07.9238143Z BuildKit version:      v0.24.0
2025-09-23T15:21:07.9238446Z Platforms:             linux/amd64*, linux/amd64/v2, linux/amd64/v3, linux/386
2025-09-23T15:21:07.9238780Z Labels:
2025-09-23T15:21:07.9239022Z  org.mobyproject.buildkit.worker.executor:         oci
2025-09-23T15:21:07.9239422Z  org.mobyproject.buildkit.worker.hostname:         runnervmf4ws1
2025-09-23T15:21:07.9239814Z  org.mobyproject.buildkit.worker.network:          host
2025-09-23T15:21:07.9240178Z  org.mobyproject.buildkit.worker.oci.process-mode: sandbox
2025-09-23T15:21:07.9240657Z  org.mobyproject.buildkit.worker.selinux.enabled:  false
2025-09-23T15:21:07.9241058Z  org.mobyproject.buildkit.worker.snapshotter:      overlayfs
2025-09-23T15:21:07.9241358Z GC Policy rule#0:
2025-09-23T15:21:07.9241538Z  All:            false
2025-09-23T15:21:07.9241844Z  Filters:        type==source.local,type==exec.cachemount,type==source.git.checkout
2025-09-23T15:21:07.9242191Z  Keep Duration:  48h0m0s
2025-09-23T15:21:07.9242389Z  Max Used Space: 488.3MiB
2025-09-23T15:21:07.9242576Z GC Policy rule#1:
2025-09-23T15:21:07.9242742Z  All:            false
2025-09-23T15:21:07.9242920Z  Keep Duration:  1440h0m0s
2025-09-23T15:21:07.9243125Z  Reserved Space: 7.451GiB
2025-09-23T15:21:07.9243312Z  Max Used Space: 54.02GiB
2025-09-23T15:21:07.9243504Z  Min Free Space: 13.97GiB
2025-09-23T15:21:07.9243684Z GC Policy rule#2:
2025-09-23T15:21:07.9243856Z  All:            false
2025-09-23T15:21:07.9244033Z  Reserved Space: 7.451GiB
2025-09-23T15:21:07.9244214Z  Max Used Space: 54.02GiB
2025-09-23T15:21:07.9244400Z  Min Free Space: 13.97GiB
2025-09-23T15:21:07.9244577Z GC Policy rule#3:
2025-09-23T15:21:07.9244742Z  All:            true
2025-09-23T15:21:07.9245199Z  Reserved Space: 7.451GiB
2025-09-23T15:21:07.9245502Z  Max Used Space: 54.02GiB
2025-09-23T15:21:07.9245690Z  Min Free Space: 13.97GiB
2025-09-23T15:21:07.9286872Z ##[endgroup]
2025-09-23T15:21:08.0160937Z ##[group]Inspect builder
2025-09-23T15:21:08.0163377Z {
2025-09-23T15:21:08.0163627Z   "nodes": [
2025-09-23T15:21:08.0163898Z     {
2025-09-23T15:21:08.0164263Z       "name": "builder-13458c8c-823c-4acf-85a2-d6388aa26f7e0",
2025-09-23T15:21:08.0165265Z       "endpoint": "unix:///var/run/docker.sock",
2025-09-23T15:21:08.0165554Z       "driver-opts": [
2025-09-23T15:21:08.0165780Z         "image=moby/buildkit:latest",
2025-09-23T15:21:08.0166007Z         "network=host"
2025-09-23T15:21:08.0166178Z       ],
2025-09-23T15:21:08.0166341Z       "status": "running",
2025-09-23T15:21:08.0166805Z       "buildkitd-flags": "--allow-insecure-entitlement security.insecure --allow-insecure-entitlement network.host",
2025-09-23T15:21:08.0167509Z       "buildkit": "v0.24.0",
2025-09-23T15:21:08.0167867Z       "platforms": "linux/amd64",
2025-09-23T15:21:08.0168228Z       "features": {
2025-09-23T15:21:08.0168682Z         "Automatically load images to the Docker Engine image store": true,
2025-09-23T15:21:08.0169223Z         "Cache export": true,
2025-09-23T15:21:08.0169440Z         "Direct push": true,
2025-09-23T15:21:08.0169646Z         "Docker exporter": true,
2025-09-23T15:21:08.0169871Z         "Multi-platform build": true,
2025-09-23T15:21:08.0170209Z         "OCI exporter": true
2025-09-23T15:21:08.0170483Z       },
2025-09-23T15:21:08.0170642Z       "labels": {
2025-09-23T15:21:08.0171201Z         "org.mobyproject.buildkit.worker.executor": "oci",
2025-09-23T15:21:08.0171784Z         "org.mobyproject.buildkit.worker.hostname": "runnervmf4ws1",
2025-09-23T15:21:08.0172365Z         "org.mobyproject.buildkit.worker.network": "host",
2025-09-23T15:21:08.0172973Z         "org.mobyproject.buildkit.worker.oci.process-mode": "sandbox",
2025-09-23T15:21:08.0173632Z         "org.mobyproject.buildkit.worker.selinux.enabled": "false",
2025-09-23T15:21:08.0174207Z         "org.mobyproject.buildkit.worker.snapshotter": "overlayfs"
2025-09-23T15:21:08.0174504Z       },
2025-09-23T15:21:08.0174664Z       "gcPolicy": [
2025-09-23T15:21:08.0175581Z         {
2025-09-23T15:21:08.0175882Z           "all": false,
2025-09-23T15:21:08.0176068Z           "filter": [
2025-09-23T15:21:08.0176262Z             "type==source.local",
2025-09-23T15:21:08.0176485Z             "type==exec.cachemount",
2025-09-23T15:21:08.0176734Z             "type==source.git.checkout"
2025-09-23T15:21:08.0176947Z           ],
2025-09-23T15:21:08.0177121Z           "keepDuration": "48h0m0s",
2025-09-23T15:21:08.0177349Z           "maxUsedSpace": "488.3MiB"
2025-09-23T15:21:08.0177551Z         },
2025-09-23T15:21:08.0177705Z         {
2025-09-23T15:21:08.0177851Z           "all": false,
2025-09-23T15:21:08.0178046Z           "keepDuration": "1440h0m0s",
2025-09-23T15:21:08.0178271Z           "reservedSpace": "7.451GiB",
2025-09-23T15:21:08.0178495Z           "maxUsedSpace": "54.02GiB",
2025-09-23T15:21:08.0178706Z           "minFreeSpace": "13.97GiB"
2025-09-23T15:21:08.0178908Z         },
2025-09-23T15:21:08.0179049Z         {
2025-09-23T15:21:08.0179198Z           "all": false,
2025-09-23T15:21:08.0179385Z           "reservedSpace": "7.451GiB",
2025-09-23T15:21:08.0179603Z           "maxUsedSpace": "54.02GiB",
2025-09-23T15:21:08.0179819Z           "minFreeSpace": "13.97GiB"
2025-09-23T15:21:08.0180023Z         },
2025-09-23T15:21:08.0180167Z         {
2025-09-23T15:21:08.0180309Z           "all": true,
2025-09-23T15:21:08.0180497Z           "reservedSpace": "7.451GiB",
2025-09-23T15:21:08.0180710Z           "maxUsedSpace": "54.02GiB",
2025-09-23T15:21:08.0180927Z           "minFreeSpace": "13.97GiB"
2025-09-23T15:21:08.0181119Z         }
2025-09-23T15:21:08.0181266Z       ]
2025-09-23T15:21:08.0181403Z     }
2025-09-23T15:21:08.0181544Z   ],
2025-09-23T15:21:08.0181752Z   "name": "builder-13458c8c-823c-4acf-85a2-d6388aa26f7e",
2025-09-23T15:21:08.0182037Z   "driver": "docker-container",
2025-09-23T15:21:08.0182269Z   "lastActivity": "2025-09-23T15:21:05.000Z"
2025-09-23T15:21:08.0182486Z }
2025-09-23T15:21:08.0182835Z ##[endgroup]
2025-09-23T15:21:08.0183135Z ##[group]BuildKit version
2025-09-23T15:21:08.0183379Z builder-13458c8c-823c-4acf-85a2-d6388aa26f7e0: v0.24.0
2025-09-23T15:21:08.0184078Z ##[endgroup]
2025-09-23T15:21:08.0326759Z ##[group]Run docker/build-push-action@v6
2025-09-23T15:21:08.0327037Z with:
2025-09-23T15:21:08.0327373Z   context: .
2025-09-23T15:21:08.0327566Z   file: deploy/docker/tn-agent/Dockerfile
2025-09-23T15:21:08.0327975Z   tags: local/oran-tn-agent:scan
local/oran-tn-agent:2c0bc4949c237fd9a9d6d71542f3a84f251becb9

2025-09-23T15:21:08.0328354Z   load: true
2025-09-23T15:21:08.0328538Z   cache-from: type=gha,scope=tn-agent
2025-09-23T15:21:08.0328799Z   cache-to: type=gha,mode=max,scope=tn-agent
2025-09-23T15:21:08.0329051Z   platforms: linux/amd64
2025-09-23T15:21:08.0329255Z   provenance: false
2025-09-23T15:21:08.0329432Z   sbom: false
2025-09-23T15:21:08.0329607Z   no-cache: false
2025-09-23T15:21:08.0329773Z   pull: false
2025-09-23T15:21:08.0329933Z   push: false
2025-09-23T15:21:08.0330223Z   github-token: ***
2025-09-23T15:21:08.0330445Z env:
2025-09-23T15:21:08.0330605Z   REGISTRY: ghcr.io
2025-09-23T15:21:08.0330796Z   IMAGE_PREFIX: ghcr.io/thc1006
2025-09-23T15:21:08.0331042Z ##[endgroup]
2025-09-23T15:21:08.3073856Z ##[group]GitHub Actions runtime token ACs
2025-09-23T15:21:08.3083492Z refs/heads/main: read/write
2025-09-23T15:21:08.3085864Z ##[endgroup]
2025-09-23T15:21:08.3086233Z ##[group]Docker info
2025-09-23T15:21:08.3132946Z [command]/usr/bin/docker version
2025-09-23T15:21:08.3326296Z Client: Docker Engine - Community
2025-09-23T15:21:08.3327007Z  Version:           28.0.4
2025-09-23T15:21:08.3327524Z  API version:       1.48
2025-09-23T15:21:08.3329066Z  Go version:        go1.23.7
2025-09-23T15:21:08.3329431Z  Git commit:        b8034c0
2025-09-23T15:21:08.3329808Z  Built:             Tue Mar 25 15:07:16 2025
2025-09-23T15:21:08.3330226Z  OS/Arch:           linux/amd64
2025-09-23T15:21:08.3330587Z  Context:           default
2025-09-23T15:21:08.3330804Z 
2025-09-23T15:21:08.3330945Z Server: Docker Engine - Community
2025-09-23T15:21:08.3331376Z  Engine:
2025-09-23T15:21:08.3331658Z   Version:          28.0.4
2025-09-23T15:21:08.3332106Z   API version:      1.48 (minimum version 1.24)
2025-09-23T15:21:08.3332599Z   Go version:       go1.23.7
2025-09-23T15:21:08.3333039Z   Git commit:       6430e49
2025-09-23T15:21:08.3333446Z   Built:            Tue Mar 25 15:07:16 2025
2025-09-23T15:21:08.3333880Z   OS/Arch:          linux/amd64
2025-09-23T15:21:08.3334281Z   Experimental:     false
2025-09-23T15:21:08.3334633Z  containerd:
2025-09-23T15:21:08.3335416Z   Version:          1.7.27
2025-09-23T15:21:08.3335889Z   GitCommit:        05044ec0a9a75232cad458027ca83437aae3f4da
2025-09-23T15:21:08.3336387Z  runc:
2025-09-23T15:21:08.3336682Z   Version:          1.2.5
2025-09-23T15:21:08.3337064Z   GitCommit:        v1.2.5-0-g59923ef
2025-09-23T15:21:08.3337470Z  docker-init:
2025-09-23T15:21:08.3337796Z   Version:          0.19.0
2025-09-23T15:21:08.3338154Z   GitCommit:        de40ad0
2025-09-23T15:21:08.3379116Z [command]/usr/bin/docker info
2025-09-23T15:21:08.3931588Z Client: Docker Engine - Community
2025-09-23T15:21:08.3932822Z  Version:    28.0.4
2025-09-23T15:21:08.3933406Z  Context:    default
2025-09-23T15:21:08.3933722Z  Debug Mode: false
2025-09-23T15:21:08.3934020Z  Plugins:
2025-09-23T15:21:08.3934295Z   buildx: Docker Buildx (Docker Inc.)
2025-09-23T15:21:08.3934534Z     Version:  v0.28.0
2025-09-23T15:21:08.3934987Z     Path:     /usr/libexec/docker/cli-plugins/docker-buildx
2025-09-23T15:21:08.3935319Z   compose: Docker Compose (Docker Inc.)
2025-09-23T15:21:08.3935556Z     Version:  v2.38.2
2025-09-23T15:21:08.3935798Z     Path:     /usr/libexec/docker/cli-plugins/docker-compose
2025-09-23T15:21:08.3936026Z 
2025-09-23T15:21:08.3936090Z Server:
2025-09-23T15:21:08.3936250Z  Containers: 1
2025-09-23T15:21:08.3936415Z   Running: 1
2025-09-23T15:21:08.3936578Z   Paused: 0
2025-09-23T15:21:08.3936731Z   Stopped: 0
2025-09-23T15:21:08.3936891Z  Images: 3
2025-09-23T15:21:08.3937047Z  Server Version: 28.0.4
2025-09-23T15:21:08.3937245Z  Storage Driver: overlay2
2025-09-23T15:21:08.3937451Z   Backing Filesystem: extfs
2025-09-23T15:21:08.3937652Z   Supports d_type: true
2025-09-23T15:21:08.3938181Z   Using metacopy: false
2025-09-23T15:21:08.3938387Z   Native Overlay Diff: false
2025-09-23T15:21:08.3938746Z   userxattr: false
2025-09-23T15:21:08.3938929Z  Logging Driver: json-file
2025-09-23T15:21:08.3939135Z  Cgroup Driver: systemd
2025-09-23T15:21:08.3939318Z  Cgroup Version: 2
2025-09-23T15:21:08.3939490Z  Plugins:
2025-09-23T15:21:08.3939645Z   Volume: local
2025-09-23T15:21:08.3939860Z   Network: bridge host ipvlan macvlan null overlay
2025-09-23T15:21:08.3940218Z   Log: awslogs fluentd gcplogs gelf journald json-file local splunk syslog
2025-09-23T15:21:08.3940543Z  Swarm: inactive
2025-09-23T15:21:08.3940741Z  Runtimes: runc io.containerd.runc.v2
2025-09-23T15:21:08.3940971Z  Default Runtime: runc
2025-09-23T15:21:08.3941170Z  Init Binary: docker-init
2025-09-23T15:21:08.3941430Z  containerd version: 05044ec0a9a75232cad458027ca83437aae3f4da
2025-09-23T15:21:08.3941734Z  runc version: v1.2.5-0-g59923ef
2025-09-23T15:21:08.3941947Z  init version: de40ad0
2025-09-23T15:21:08.3942135Z  Security Options:
2025-09-23T15:21:08.3942301Z   apparmor
2025-09-23T15:21:08.3942458Z   seccomp
2025-09-23T15:21:08.3942616Z    Profile: builtin
2025-09-23T15:21:08.3942784Z   cgroupns
2025-09-23T15:21:08.3942949Z  Kernel Version: 6.11.0-1018-azure
2025-09-23T15:21:08.3943175Z  Operating System: Ubuntu 24.04.3 LTS
2025-09-23T15:21:08.3943400Z  OSType: linux
2025-09-23T15:21:08.3943569Z  Architecture: x86_64
2025-09-23T15:21:08.3943747Z  CPUs: 4
2025-09-23T15:21:08.3943898Z  Total Memory: 15.62GiB
2025-09-23T15:21:08.3944084Z  Name: runnervmf4ws1
2025-09-23T15:21:08.3944276Z  ID: 80b0c887-f378-498c-94b8-5e260688697c
2025-09-23T15:21:08.3944520Z  Docker Root Dir: /var/lib/docker
2025-09-23T15:21:08.3944727Z  Debug Mode: false
2025-09-23T15:21:08.3945228Z  Username: githubactions
2025-09-23T15:21:08.3945579Z  Experimental: false
2025-09-23T15:21:08.3945924Z  Insecure Registries:
2025-09-23T15:21:08.3946279Z   ::1/128
2025-09-23T15:21:08.3946545Z   127.0.0.0/8
2025-09-23T15:21:08.3946872Z  Live Restore Enabled: false
2025-09-23T15:21:08.3947131Z 
2025-09-23T15:21:08.3951453Z ##[endgroup]
2025-09-23T15:21:08.3954016Z ##[group]Proxy configuration
2025-09-23T15:21:08.3957025Z No proxy configuration found
2025-09-23T15:21:08.3957718Z ##[endgroup]
2025-09-23T15:21:08.4621383Z ##[group]Buildx version
2025-09-23T15:21:08.4648855Z [command]/usr/bin/docker buildx version
2025-09-23T15:21:08.5170508Z github.com/docker/buildx v0.28.0 b1281b81bba797b21d9eaf256e6a13eb14419836
2025-09-23T15:21:08.5210066Z ##[endgroup]
2025-09-23T15:21:08.5210673Z ##[group]Builder info
2025-09-23T15:21:08.6091459Z {
2025-09-23T15:21:08.6091857Z   "nodes": [
2025-09-23T15:21:08.6092185Z     {
2025-09-23T15:21:08.6092605Z       "name": "builder-13458c8c-823c-4acf-85a2-d6388aa26f7e0",
2025-09-23T15:21:08.6093221Z       "endpoint": "unix:///var/run/docker.sock",
2025-09-23T15:21:08.6093720Z       "driver-opts": [
2025-09-23T15:21:08.6094095Z         "image=moby/buildkit:latest",
2025-09-23T15:21:08.6094531Z         "network=host"
2025-09-23T15:21:08.6095206Z       ],
2025-09-23T15:21:08.6095545Z       "status": "running",
2025-09-23T15:21:08.6096406Z       "buildkitd-flags": "--allow-insecure-entitlement security.insecure --allow-insecure-entitlement network.host",
2025-09-23T15:21:08.6097294Z       "buildkit": "v0.24.0",
2025-09-23T15:21:08.6097687Z       "platforms": "linux/amd64",
2025-09-23T15:21:08.6098096Z       "features": {
2025-09-23T15:21:08.6098603Z         "Automatically load images to the Docker Engine image store": true,
2025-09-23T15:21:08.6099235Z         "Cache export": true,
2025-09-23T15:21:08.6099642Z         "Direct push": true,
2025-09-23T15:21:08.6100038Z         "Docker exporter": true,
2025-09-23T15:21:08.6100472Z         "Multi-platform build": true,
2025-09-23T15:21:08.6100907Z         "OCI exporter": true
2025-09-23T15:21:08.6101282Z       },
2025-09-23T15:21:08.6101565Z       "labels": {
2025-09-23T15:21:08.6102008Z         "org.mobyproject.buildkit.worker.executor": "oci",
2025-09-23T15:21:08.6103019Z         "org.mobyproject.buildkit.worker.hostname": "runnervmf4ws1",
2025-09-23T15:21:08.6103813Z         "org.mobyproject.buildkit.worker.network": "host",
2025-09-23T15:21:08.6104718Z         "org.mobyproject.buildkit.worker.oci.process-mode": "sandbox",
2025-09-23T15:21:08.6105686Z         "org.mobyproject.buildkit.worker.selinux.enabled": "false",
2025-09-23T15:21:08.6106418Z         "org.mobyproject.buildkit.worker.snapshotter": "overlayfs"
2025-09-23T15:21:08.6106969Z       },
2025-09-23T15:21:08.6107274Z       "gcPolicy": [
2025-09-23T15:21:08.6107596Z         {
2025-09-23T15:21:08.6107900Z           "all": false,
2025-09-23T15:21:08.6108250Z           "filter": [
2025-09-23T15:21:08.6108606Z             "type==source.local",
2025-09-23T15:21:08.6109021Z             "type==exec.cachemount",
2025-09-23T15:21:08.6109492Z             "type==source.git.checkout"
2025-09-23T15:21:08.6109918Z           ],
2025-09-23T15:21:08.6110242Z           "keepDuration": "48h0m0s",
2025-09-23T15:21:08.6110689Z           "maxUsedSpace": "488.3MiB"
2025-09-23T15:21:08.6111095Z         },
2025-09-23T15:21:08.6111379Z         {
2025-09-23T15:21:08.6111673Z           "all": false,
2025-09-23T15:21:08.6112031Z           "keepDuration": "1440h0m0s",
2025-09-23T15:21:08.6112485Z           "reservedSpace": "7.451GiB",
2025-09-23T15:21:08.6112941Z           "maxUsedSpace": "54.02GiB",
2025-09-23T15:21:08.6113369Z           "minFreeSpace": "13.97GiB"
2025-09-23T15:21:08.6113767Z         },
2025-09-23T15:21:08.6114017Z         {
2025-09-23T15:21:08.6114325Z           "all": false,
2025-09-23T15:21:08.6114695Z           "reservedSpace": "7.451GiB",
2025-09-23T15:21:08.6115812Z           "maxUsedSpace": "54.02GiB",
2025-09-23T15:21:08.6116252Z           "minFreeSpace": "13.97GiB"
2025-09-23T15:21:08.6116653Z         },
2025-09-23T15:21:08.6116940Z         {
2025-09-23T15:21:08.6117221Z           "all": true,
2025-09-23T15:21:08.6117589Z           "reservedSpace": "7.451GiB",
2025-09-23T15:21:08.6118046Z           "maxUsedSpace": "54.02GiB",
2025-09-23T15:21:08.6118489Z           "minFreeSpace": "13.97GiB"
2025-09-23T15:21:08.6118993Z         }
2025-09-23T15:21:08.6119286Z       ]
2025-09-23T15:21:08.6119567Z     }
2025-09-23T15:21:08.6119830Z   ],
2025-09-23T15:21:08.6120223Z   "name": "builder-13458c8c-823c-4acf-85a2-d6388aa26f7e",
2025-09-23T15:21:08.6120771Z   "driver": "docker-container",
2025-09-23T15:21:08.6121208Z   "lastActivity": "2025-09-23T15:21:05.000Z"
2025-09-23T15:21:08.6121629Z }
2025-09-23T15:21:08.6122275Z ##[endgroup]
2025-09-23T15:21:08.6745886Z [command]/usr/bin/docker buildx build --cache-from type=gha,scope=tn-agent --cache-to type=gha,mode=max,scope=tn-agent --file deploy/docker/tn-agent/Dockerfile --iidfile /home/runner/work/_temp/docker-actions-toolkit-PHqsvL/build-iidfile-12f4165a35.txt --platform linux/amd64 --attest type=provenance,disabled=true --attest type=sbom,disabled=true --tag local/oran-tn-agent:scan --tag local/oran-tn-agent:2c0bc4949c237fd9a9d6d71542f3a84f251becb9 --load --metadata-file /home/runner/work/_temp/docker-actions-toolkit-PHqsvL/build-metadata-c596ccdf9d.json .
2025-09-23T15:21:08.9663189Z #0 building with "builder-13458c8c-823c-4acf-85a2-d6388aa26f7e" instance using docker-container driver
2025-09-23T15:21:08.9663863Z 
2025-09-23T15:21:08.9664005Z #1 [internal] load build definition from Dockerfile
2025-09-23T15:21:08.9664338Z #1 transferring dockerfile: 3.16kB done
2025-09-23T15:21:08.9664600Z #1 DONE 0.0s
2025-09-23T15:21:08.9664709Z 
2025-09-23T15:21:08.9665167Z #2 [auth] library/golang:pull token for registry-1.docker.io
2025-09-23T15:21:08.9665614Z #2 DONE 0.0s
2025-09-23T15:21:08.9665720Z 
2025-09-23T15:21:08.9665869Z #3 [auth] library/alpine:pull token for registry-1.docker.io
2025-09-23T15:21:08.9666160Z #3 DONE 0.0s
2025-09-23T15:21:08.9666266Z 
2025-09-23T15:21:08.9666581Z #4 [internal] load metadata for docker.io/library/golang:1.24-alpine
2025-09-23T15:21:09.0560172Z #4 ...
2025-09-23T15:21:09.0560370Z 
2025-09-23T15:21:09.0560636Z #5 [internal] load metadata for docker.io/library/alpine:3.20
2025-09-23T15:21:09.0561503Z #5 DONE 0.3s
2025-09-23T15:21:09.1613433Z 
2025-09-23T15:21:09.1614420Z #4 [internal] load metadata for docker.io/library/golang:1.24-alpine
2025-09-23T15:21:09.1615944Z #4 DONE 0.3s
2025-09-23T15:21:09.1616131Z 
2025-09-23T15:21:09.1616300Z #6 [internal] load .dockerignore
2025-09-23T15:21:09.1616728Z #6 transferring context: 2B done
2025-09-23T15:21:09.1617073Z #6 DONE 0.0s
2025-09-23T15:21:09.1617188Z 
2025-09-23T15:21:09.1617334Z #7 importing cache manifest from gha:15456390453114213833
2025-09-23T15:21:09.1617671Z #7 DONE 0.1s
2025-09-23T15:21:09.1617845Z 
2025-09-23T15:21:09.1618299Z #8 [stage-1 1/4] FROM docker.io/library/alpine:3.20@sha256:b3119ef930faabb6b7b976780c0c7a9c1aa24d0c75e9179ac10e6bc9ac080d0d
2025-09-23T15:21:09.1619225Z #8 resolve docker.io/library/alpine:3.20@sha256:b3119ef930faabb6b7b976780c0c7a9c1aa24d0c75e9179ac10e6bc9ac080d0d done
2025-09-23T15:21:09.1619913Z #8 DONE 0.0s
2025-09-23T15:21:09.1620017Z 
2025-09-23T15:21:09.1620497Z #9 [builder  1/10] FROM docker.io/library/golang:1.24-alpine@sha256:fc2cff6625f3c1c92e6c85938ac5bd09034ad0d4bc2dfb08278020b68540dbb5
2025-09-23T15:21:09.1621452Z #9 resolve docker.io/library/golang:1.24-alpine@sha256:fc2cff6625f3c1c92e6c85938ac5bd09034ad0d4bc2dfb08278020b68540dbb5 done
2025-09-23T15:21:09.2689929Z #9 sha256:4f4fb700ef54461cfa02571ae0db9a0dc1e0cdb5577484a6d75e68dc38e8acc1 32B / 32B 0.0s done
2025-09-23T15:21:09.2699880Z #9 sha256:994678d1c2a93bf605782bddb80bc3a0c17db79ca705f3c2205cc880671e0dc7 126B / 126B 0.1s done
2025-09-23T15:21:09.3700939Z #9 sha256:40e451c10b31532d8616ff155adb8383bcfe95b7388ad69363af6512986430f9 282.44kB / 282.44kB 0.0s done
2025-09-23T15:21:09.3702121Z #9 sha256:72e8fc27da55cce2fb2e46c294e2373522d6729d092352a2d7221eb8f9a77a2d 13.63MB / 79.00MB 0.2s
2025-09-23T15:21:09.3704761Z #9 sha256:9824c27679d3b27c5e1cb00a73adb6f4f8d556994111c12db3c5d61a0c843df8 3.80MB / 3.80MB 0.1s done
2025-09-23T15:21:09.4871199Z #9 ...
2025-09-23T15:21:09.4871594Z 
2025-09-23T15:21:09.4871968Z #10 [internal] load build context
2025-09-23T15:21:09.4872449Z #10 transferring context: 24.03MB 0.3s done
2025-09-23T15:21:09.4872886Z #10 DONE 0.3s
2025-09-23T15:21:09.4873063Z 
2025-09-23T15:21:09.4873692Z #8 [stage-1 1/4] FROM docker.io/library/alpine:3.20@sha256:b3119ef930faabb6b7b976780c0c7a9c1aa24d0c75e9179ac10e6bc9ac080d0d
2025-09-23T15:21:09.4875144Z #8 sha256:01d036902a3ca86e8793073c8094cba44d83a38953a489ac0641f3de017fe2d2 3.62MB / 3.62MB 0.1s done
2025-09-23T15:21:09.4876287Z #8 extracting sha256:01d036902a3ca86e8793073c8094cba44d83a38953a489ac0641f3de017fe2d2 0.1s done
2025-09-23T15:21:09.4877019Z #8 DONE 0.3s
2025-09-23T15:21:09.4877190Z 
2025-09-23T15:21:09.4877866Z #9 [builder  1/10] FROM docker.io/library/golang:1.24-alpine@sha256:fc2cff6625f3c1c92e6c85938ac5bd09034ad0d4bc2dfb08278020b68540dbb5
2025-09-23T15:21:09.4879146Z #9 extracting sha256:9824c27679d3b27c5e1cb00a73adb6f4f8d556994111c12db3c5d61a0c843df8 0.1s done
2025-09-23T15:21:09.5945938Z #9 sha256:72e8fc27da55cce2fb2e46c294e2373522d6729d092352a2d7221eb8f9a77a2d 26.21MB / 79.00MB 0.3s
2025-09-23T15:21:09.5946859Z #9 extracting sha256:40e451c10b31532d8616ff155adb8383bcfe95b7388ad69363af6512986430f9 0.1s done
2025-09-23T15:21:09.7957763Z #9 sha256:72e8fc27da55cce2fb2e46c294e2373522d6729d092352a2d7221eb8f9a77a2d 48.23MB / 79.00MB 0.6s
2025-09-23T15:21:09.9458203Z #9 sha256:72e8fc27da55cce2fb2e46c294e2373522d6729d092352a2d7221eb8f9a77a2d 61.87MB / 79.00MB 0.8s
2025-09-23T15:21:10.0969588Z #9 sha256:72e8fc27da55cce2fb2e46c294e2373522d6729d092352a2d7221eb8f9a77a2d 79.00MB / 79.00MB 0.9s
2025-09-23T15:21:10.2520985Z #9 sha256:72e8fc27da55cce2fb2e46c294e2373522d6729d092352a2d7221eb8f9a77a2d 79.00MB / 79.00MB 0.9s done
2025-09-23T15:21:10.2522696Z #9 extracting sha256:72e8fc27da55cce2fb2e46c294e2373522d6729d092352a2d7221eb8f9a77a2d
2025-09-23T15:21:11.5358954Z #9 ...
2025-09-23T15:21:11.5359266Z 
2025-09-23T15:21:11.5361022Z #11 [stage-1 2/4] RUN apk update && apk upgrade && apk add --no-cache     ca-certificates     iproute2     iptables     bridge-utils     ethtool     iperf3     curl     dumb-init &&     update-ca-certificates &&     adduser -D -s /bin/sh -u 10006 appuser &&     rm -rf /var/cache/apk/* /tmp/* /var/tmp/*
2025-09-23T15:21:11.5363783Z #11 0.056 fetch https://dl-cdn.alpinelinux.org/alpine/v3.20/main/x86_64/APKINDEX.tar.gz
2025-09-23T15:21:11.5364757Z #11 0.153 fetch https://dl-cdn.alpinelinux.org/alpine/v3.20/community/x86_64/APKINDEX.tar.gz
2025-09-23T15:21:11.5365919Z #11 0.434 v3.20.7-93-g5bca2cc2772 [https://dl-cdn.alpinelinux.org/alpine/v3.20/main]
2025-09-23T15:21:11.5366818Z #11 0.434 v3.20.7-93-g5bca2cc2772 [https://dl-cdn.alpinelinux.org/alpine/v3.20/community]
2025-09-23T15:21:11.5367531Z #11 0.434 OK: 24174 distinct packages available
2025-09-23T15:21:11.5368061Z #11 0.811 (1/3) Upgrading busybox (1.36.1-r29 -> 1.36.1-r30)
2025-09-23T15:21:11.5368608Z #11 0.871 Executing busybox-1.36.1-r30.post-upgrade
2025-09-23T15:21:11.5369210Z #11 0.892 (2/3) Upgrading busybox-binsh (1.36.1-r29 -> 1.36.1-r30)
2025-09-23T15:21:11.5369815Z #11 0.895 (3/3) Upgrading ssl_client (1.36.1-r29 -> 1.36.1-r30)
2025-09-23T15:21:11.5370361Z #11 0.898 Executing busybox-1.36.1-r30.trigger
2025-09-23T15:21:11.5370648Z #11 0.903 OK: 8 MiB in 14 packages
2025-09-23T15:21:11.5371109Z #11 0.998 fetch https://dl-cdn.alpinelinux.org/alpine/v3.20/main/x86_64/APKINDEX.tar.gz
2025-09-23T15:21:11.5371698Z #11 1.087 fetch https://dl-cdn.alpinelinux.org/alpine/v3.20/community/x86_64/APKINDEX.tar.gz
2025-09-23T15:21:11.5372215Z #11 1.412 (1/24) Installing bridge-utils (1.7.1-r2)
2025-09-23T15:21:11.5372582Z #11 1.418 (2/24) Installing ca-certificates (20250619-r0)
2025-09-23T15:21:11.5372886Z #11 1.442 (3/24) Installing brotli-libs (1.1.0-r2)
2025-09-23T15:21:11.5373178Z #11 1.453 (4/24) Installing c-ares (1.33.1-r0)
2025-09-23T15:21:11.5373521Z #11 1.458 (5/24) Installing libunistring (1.2-r0)
2025-09-23T15:21:11.5373812Z #11 1.473 (6/24) Installing libidn2 (2.3.7-r0)
2025-09-23T15:21:11.5374163Z #11 1.479 (7/24) Installing nghttp2-libs (1.62.1-r0)
2025-09-23T15:21:11.5374452Z #11 1.483 (8/24) Installing libpsl (0.21.5-r1)
2025-09-23T15:21:11.5374723Z #11 1.486 (9/24) Installing zstd-libs (1.5.6-r0)
2025-09-23T15:21:11.5375329Z #11 1.496 (10/24) Installing libcurl (8.12.1-r0)
2025-09-23T15:21:11.5375616Z #11 1.504 (11/24) Installing curl (8.12.1-r0)
2025-09-23T15:21:11.5376015Z #11 1.509 (12/24) Installing dumb-init (1.2.5-r3)
2025-09-23T15:21:11.5376483Z #11 1.516 (13/24) Installing libmnl (1.0.5-r2)
2025-09-23T15:21:11.5376935Z #11 1.519 (14/24) Installing ethtool (6.7-r0)
2025-09-23T15:21:11.5377377Z #11 1.526 (15/24) Installing iperf3 (3.17.1-r0)
2025-09-23T15:21:11.5377848Z #11 1.533 (16/24) Installing libcap2 (2.70-r0)
2025-09-23T15:21:11.5378149Z #11 1.536 (17/24) Installing libelf (0.191-r0)
2025-09-23T15:21:11.5378517Z #11 1.539 (18/24) Installing iproute2-minimal (6.9.0-r0)
2025-09-23T15:21:11.5378888Z #11 1.550 (19/24) Installing libxtables (1.8.10-r3)
2025-09-23T15:21:11.5379251Z #11 1.553 (20/24) Installing iproute2-tc (6.9.0-r0)
2025-09-23T15:21:11.5379580Z #11 1.562 (21/24) Installing iproute2-ss (6.9.0-r0)
2025-09-23T15:21:11.5379851Z #11 1.569 (22/24) Installing iproute2 (6.9.0-r0)
2025-09-23T15:21:11.5380218Z #11 1.576 Executing iproute2-6.9.0-r0.post-install
2025-09-23T15:21:11.5380510Z #11 1.580 (23/24) Installing libnftnl (1.2.6-r0)
2025-09-23T15:21:11.5380862Z #11 1.584 (24/24) Installing iptables (1.8.10-r3)
2025-09-23T15:21:11.5381140Z #11 1.614 Executing busybox-1.36.1-r30.trigger
2025-09-23T15:21:11.5381441Z #11 1.618 Executing ca-certificates-20250619-r0.trigger
2025-09-23T15:21:11.5381769Z #11 1.673 OK: 18 MiB in 38 packages
2025-09-23T15:21:11.5382112Z #11 DONE 2.1s
2025-09-23T15:21:11.6864358Z 
2025-09-23T15:21:11.6865818Z #9 [builder  1/10] FROM docker.io/library/golang:1.24-alpine@sha256:fc2cff6625f3c1c92e6c85938ac5bd09034ad0d4bc2dfb08278020b68540dbb5
2025-09-23T15:21:13.2030517Z #9 extracting sha256:72e8fc27da55cce2fb2e46c294e2373522d6729d092352a2d7221eb8f9a77a2d 3.1s done
2025-09-23T15:21:13.2031321Z #9 DONE 4.1s
2025-09-23T15:21:13.3619956Z 
2025-09-23T15:21:13.3621608Z #9 [builder  1/10] FROM docker.io/library/golang:1.24-alpine@sha256:fc2cff6625f3c1c92e6c85938ac5bd09034ad0d4bc2dfb08278020b68540dbb5
2025-09-23T15:21:13.3623331Z #9 extracting sha256:994678d1c2a93bf605782bddb80bc3a0c17db79ca705f3c2205cc880671e0dc7 done
2025-09-23T15:21:13.3625503Z #9 extracting sha256:4f4fb700ef54461cfa02571ae0db9a0dc1e0cdb5577484a6d75e68dc38e8acc1 done
2025-09-23T15:21:13.3626213Z #9 DONE 4.1s
2025-09-23T15:21:13.3626379Z 
2025-09-23T15:21:13.3626590Z #12 [builder  2/10] RUN adduser -D -s /bin/sh appuser
2025-09-23T15:21:13.4204591Z #12 DONE 0.2s
2025-09-23T15:21:13.5552880Z 
2025-09-23T15:21:13.5553993Z #13 [builder  3/10] RUN apk update && apk upgrade && apk add --no-cache     git     ca-certificates     tzdata &&     update-ca-certificates &&     rm -rf /var/cache/apk/* /tmp/* /var/tmp/*
2025-09-23T15:21:13.5555376Z #13 0.052 fetch https://dl-cdn.alpinelinux.org/alpine/v3.22/main/x86_64/APKINDEX.tar.gz
2025-09-23T15:21:13.5556234Z #13 0.134 fetch https://dl-cdn.alpinelinux.org/alpine/v3.22/community/x86_64/APKINDEX.tar.gz
2025-09-23T15:21:13.8713008Z #13 0.450 v3.22.1-460-gbde249becf8 [https://dl-cdn.alpinelinux.org/alpine/v3.22/main]
2025-09-23T15:21:13.8713868Z #13 0.450 v3.22.1-466-gfc7bd2cc284 [https://dl-cdn.alpinelinux.org/alpine/v3.22/community]
2025-09-23T15:21:13.8729051Z #13 0.450 OK: 26326 distinct packages available
2025-09-23T15:21:14.2495651Z #13 0.828 Upgrading critical system libraries and apk-tools:
2025-09-23T15:21:14.2496316Z #13 0.828 (1/1) Upgrading apk-tools (2.14.9-r2 -> 2.14.9-r3)
2025-09-23T15:21:14.3582753Z #13 0.856 Executing busybox-1.37.0-r18.trigger
2025-09-23T15:21:14.3583558Z #13 0.937 Continuing the upgrade transaction with new apk-tools:
2025-09-23T15:21:14.6722769Z #13 1.251 (1/6) Upgrading busybox (1.37.0-r18 -> 1.37.0-r19)
2025-09-23T15:21:14.7764533Z #13 1.302 Executing busybox-1.37.0-r19.post-upgrade
2025-09-23T15:21:14.7765345Z #13 1.317 (2/6) Upgrading busybox-binsh (1.37.0-r18 -> 1.37.0-r19)
2025-09-23T15:21:14.7765739Z #13 1.320 (3/6) Upgrading libcrypto3 (3.5.1-r0 -> 3.5.2-r0)
2025-09-23T15:21:14.7766160Z #13 1.355 (4/6) Upgrading libssl3 (3.5.1-r0 -> 3.5.2-r0)
2025-09-23T15:21:14.9070603Z #13 1.364 (5/6) Upgrading ssl_client (1.37.0-r18 -> 1.37.0-r19)
2025-09-23T15:21:14.9071245Z #13 1.367 (6/6) Upgrading libapk2 (2.14.9-r2 -> 2.14.9-r3)
2025-09-23T15:21:14.9071709Z #13 1.371 Executing busybox-1.37.0-r19.trigger
2025-09-23T15:21:14.9072150Z #13 1.375 Executing ca-certificates-20250619-r0.trigger
2025-09-23T15:21:14.9072452Z #13 1.408 OK: 8 MiB in 17 packages
2025-09-23T15:21:14.9072837Z #13 1.486 fetch https://dl-cdn.alpinelinux.org/alpine/v3.22/main/x86_64/APKINDEX.tar.gz
2025-09-23T15:21:15.1217900Z #13 1.550 fetch https://dl-cdn.alpinelinux.org/alpine/v3.22/community/x86_64/APKINDEX.tar.gz
2025-09-23T15:21:15.2572316Z #13 1.836 (1/13) Installing brotli-libs (1.1.0-r2)
2025-09-23T15:21:15.3903159Z #13 1.847 (2/13) Installing c-ares (1.34.5-r0)
2025-09-23T15:21:15.3903669Z #13 1.852 (3/13) Installing libunistring (1.3-r0)
2025-09-23T15:21:15.3904022Z #13 1.864 (4/13) Installing libidn2 (2.3.7-r0)
2025-09-23T15:21:15.3904417Z #13 1.868 (5/13) Installing nghttp2-libs (1.65.0-r0)
2025-09-23T15:21:15.3904740Z #13 1.872 (6/13) Installing libpsl (0.21.5-r3)
2025-09-23T15:21:15.3905410Z #13 1.875 (7/13) Installing zstd-libs (1.5.7-r0)
2025-09-23T15:21:15.3905704Z #13 1.884 (8/13) Installing libcurl (8.14.1-r1)
2025-09-23T15:21:15.3905998Z #13 1.892 (9/13) Installing libexpat (2.7.2-r0)
2025-09-23T15:21:15.3906289Z #13 1.896 (10/13) Installing pcre2 (10.43-r1)
2025-09-23T15:21:15.3906570Z #13 1.903 (11/13) Installing git (2.49.1-r0)
2025-09-23T15:21:15.3906867Z #13 1.969 (12/13) Installing git-init-template (2.49.1-r0)
2025-09-23T15:21:15.5752631Z #13 1.973 (13/13) Installing tzdata (2025b-r0)
2025-09-23T15:21:15.5753228Z #13 2.026 Executing busybox-1.37.0-r19.trigger
2025-09-23T15:21:15.5753700Z #13 2.032 OK: 20 MiB in 30 packages
2025-09-23T15:21:15.5754085Z #13 DONE 2.2s
2025-09-23T15:21:15.7569832Z 
2025-09-23T15:21:15.7570641Z #14 [builder  4/10] WORKDIR /workspace
2025-09-23T15:21:15.7571075Z #14 DONE 0.0s
2025-09-23T15:21:15.7571204Z 
2025-09-23T15:21:15.7571488Z #15 [builder  5/10] COPY tn/go.mod go.mod
2025-09-23T15:21:15.7571734Z #15 DONE 0.0s
2025-09-23T15:21:15.7571832Z 
2025-09-23T15:21:15.7571924Z #16 [builder  6/10] COPY tn/go.sum go.sum
2025-09-23T15:21:15.7572140Z #16 DONE 0.0s
2025-09-23T15:21:15.7572238Z 
2025-09-23T15:21:15.7572319Z #17 [builder  7/10] RUN go mod download
2025-09-23T15:21:15.8321142Z #17 0.225 go: github.com/thc1006/O-RAN-Intent-MANO-for-Network-Slicing/pkg/security@v0.0.0-00010101000000-000000000000 (replaced by ../pkg/security): reading /pkg/security/go.mod: open /pkg/security/go.mod: no such file or directory
2025-09-23T15:21:15.8682185Z #17 ERROR: process "/bin/sh -c go mod download" did not complete successfully: exit code: 1
2025-09-23T15:21:15.8683138Z ------
2025-09-23T15:21:15.8683444Z  > [builder  7/10] RUN go mod download:
2025-09-23T15:21:15.8685210Z 0.225 go: github.com/thc1006/O-RAN-Intent-MANO-for-Network-Slicing/pkg/security@v0.0.0-00010101000000-000000000000 (replaced by ../pkg/security): reading /pkg/security/go.mod: open /pkg/security/go.mod: no such file or directory
2025-09-23T15:21:15.8686759Z ------
2025-09-23T15:21:15.8696757Z Dockerfile:37
2025-09-23T15:21:15.8697323Z --------------------
2025-09-23T15:21:15.8698240Z   35 |     
2025-09-23T15:21:15.8699976Z   36 |     # Download dependencies
2025-09-23T15:21:15.8700897Z   37 | >>> RUN go mod download
2025-09-23T15:21:15.8701573Z   38 |     
2025-09-23T15:21:15.8702201Z   39 |     # Copy source code and pkg/security
2025-09-23T15:21:15.8702531Z --------------------
2025-09-23T15:21:15.8702990Z ERROR: failed to build: failed to solve: process "/bin/sh -c go mod download" did not complete successfully: exit code: 1
2025-09-23T15:21:15.8779389Z ##[group]Reference
2025-09-23T15:21:15.9660491Z builder-13458c8c-823c-4acf-85a2-d6388aa26f7e/builder-13458c8c-823c-4acf-85a2-d6388aa26f7e0/zzfiafx4tl9i5zjpzu5f30k1h
2025-09-23T15:21:15.9661832Z ##[endgroup]
2025-09-23T15:21:15.9662476Z ##[group]Check build summary support
2025-09-23T15:21:15.9666858Z Build summary supported!
2025-09-23T15:21:15.9667727Z ##[endgroup]
2025-09-23T15:21:15.9693639Z ##[error]buildx failed with: ERROR: failed to build: failed to solve: process "/bin/sh -c go mod download" did not complete successfully: exit code: 1
2025-09-23T15:21:15.9839425Z ##[group]Run github/codeql-action/upload-sarif@v3
2025-09-23T15:21:15.9839723Z with:
2025-09-23T15:21:15.9839915Z   sarif_file: trivy-results-tn-agent.sarif
2025-09-23T15:21:15.9840172Z   category: trivy-tn-agent
2025-09-23T15:21:15.9840387Z   wait-for-processing: false
2025-09-23T15:21:15.9840855Z   checkout_path: /home/runner/work/O-RAN-Intent-MANO-for-Network-Slicing/O-RAN-Intent-MANO-for-Network-Slicing
2025-09-23T15:21:15.9841430Z   token: ***
2025-09-23T15:21:15.9841617Z   matrix: {
  "component": "tn-agent"
}
2025-09-23T15:21:15.9841851Z env:
2025-09-23T15:21:15.9842005Z   REGISTRY: ghcr.io
2025-09-23T15:21:15.9842196Z   IMAGE_PREFIX: ghcr.io/thc1006
2025-09-23T15:21:15.9842404Z ##[endgroup]
2025-09-23T15:21:16.6298812Z ##[error]Path does not exist: trivy-results-tn-agent.sarif
2025-09-23T15:21:16.7815325Z ##[group]Run github/codeql-action/upload-sarif@v3
2025-09-23T15:21:16.7815774Z with:
2025-09-23T15:21:16.7815957Z   category: grype-tn-agent
2025-09-23T15:21:16.7816176Z   wait-for-processing: false
2025-09-23T15:21:16.7816648Z   checkout_path: /home/runner/work/O-RAN-Intent-MANO-for-Network-Slicing/O-RAN-Intent-MANO-for-Network-Slicing
2025-09-23T15:21:16.7817254Z   token: ***
2025-09-23T15:21:16.7817445Z   matrix: {
  "component": "tn-agent"
}
2025-09-23T15:21:16.7817678Z env:
2025-09-23T15:21:16.7817837Z   REGISTRY: ghcr.io
2025-09-23T15:21:16.7818037Z   IMAGE_PREFIX: ghcr.io/thc1006
2025-09-23T15:21:16.7818275Z   CODEQL_ACTION_FEATURE_MULTI_LANGUAGE: false
2025-09-23T15:21:16.7818537Z   CODEQL_ACTION_FEATURE_SANDWICH: false
2025-09-23T15:21:16.7818783Z   CODEQL_ACTION_FEATURE_SARIF_COMBINE: true
2025-09-23T15:21:16.7819035Z   CODEQL_ACTION_FEATURE_WILL_UPLOAD: true
2025-09-23T15:21:16.7819275Z   CODEQL_ACTION_VERSION: 3.30.3
2025-09-23T15:21:16.7819849Z   CODEQL_ACTION_ANALYSIS_KEY: .github/workflows/security.yml:container-scan
2025-09-23T15:21:16.7820227Z   CODEQL_WORKFLOW_STARTED_AT: 2025-09-23T15:21:16.129Z
2025-09-23T15:21:16.7820553Z   CODEQL_ACTION_JOB_STATUS: JOB_STATUS_CONFIGURATION_ERROR
2025-09-23T15:21:16.7820825Z ##[endgroup]
2025-09-23T15:21:17.1237681Z ##[error]Input required and not supplied: sarif_file
2025-09-23T15:21:17.2727043Z ##[group]Run actions/upload-artifact@v4
2025-09-23T15:21:17.2727312Z with:
2025-09-23T15:21:17.2727510Z   name: container-scan-results-tn-agent
2025-09-23T15:21:17.2727924Z   path: trivy-results-tn-agent.sarif
snyk-tn-agent.sarif
snyk-tn-agent.json
grype-*.sarif

2025-09-23T15:21:17.2728332Z   retention-days: 30
2025-09-23T15:21:17.2728534Z   if-no-files-found: warn
2025-09-23T15:21:17.2728740Z   compression-level: 6
2025-09-23T15:21:17.2728937Z   overwrite: false
2025-09-23T15:21:17.2729121Z   include-hidden-files: false
2025-09-23T15:21:17.2729322Z env:
2025-09-23T15:21:17.2729469Z   REGISTRY: ghcr.io
2025-09-23T15:21:17.2729679Z   IMAGE_PREFIX: ghcr.io/thc1006
2025-09-23T15:21:17.2729920Z   CODEQL_ACTION_FEATURE_MULTI_LANGUAGE: false
2025-09-23T15:21:17.2730176Z   CODEQL_ACTION_FEATURE_SANDWICH: false
2025-09-23T15:21:17.2730425Z   CODEQL_ACTION_FEATURE_SARIF_COMBINE: true
2025-09-23T15:21:17.2730672Z   CODEQL_ACTION_FEATURE_WILL_UPLOAD: true
2025-09-23T15:21:17.2730941Z   CODEQL_ACTION_VERSION: 3.30.3
2025-09-23T15:21:17.2731251Z   CODEQL_ACTION_ANALYSIS_KEY: .github/workflows/security.yml:container-scan
2025-09-23T15:21:17.2731632Z   CODEQL_WORKFLOW_STARTED_AT: 2025-09-23T15:21:16.129Z
2025-09-23T15:21:17.2731947Z   CODEQL_ACTION_JOB_STATUS: JOB_STATUS_CONFIGURATION_ERROR
2025-09-23T15:21:17.2732225Z ##[endgroup]
2025-09-23T15:21:17.4898833Z ##[warning]No files were found with the provided path: trivy-results-tn-agent.sarif
snyk-tn-agent.sarif
snyk-tn-agent.json
grype-*.sarif. No artifacts will be uploaded.
2025-09-23T15:21:17.5008015Z ##[group]Run echo "## Container Security Scan Summary - tn-agent" >> container-scan-summary.md
2025-09-23T15:21:17.5008751Z [36;1mecho "## Container Security Scan Summary - tn-agent" >> container-scan-summary.md[0m
2025-09-23T15:21:17.5009190Z [36;1mecho "" >> container-scan-summary.md[0m
2025-09-23T15:21:17.5009582Z [36;1mecho "- **Image**: local/oran-tn-agent:scan" >> container-scan-summary.md[0m
2025-09-23T15:21:17.5010007Z [36;1mecho "- **Build Status**: failure" >> container-scan-summary.md[0m
2025-09-23T15:21:17.5010436Z [36;1mecho "- **Scan Date**: $(date -u +"%Y-%m-%d %H:%M:%S UTC")" >> container-scan-summary.md[0m
2025-09-23T15:21:17.5010801Z [36;1mecho "" >> container-scan-summary.md[0m
2025-09-23T15:21:17.5011049Z [36;1m[0m
2025-09-23T15:21:17.5011222Z [36;1m# Check for scan results[0m
2025-09-23T15:21:17.5011493Z [36;1mif [ -f "trivy-results-tn-agent.sarif" ]; then[0m
2025-09-23T15:21:17.5011893Z [36;1m  echo "- ✅ Trivy scan completed" >> container-scan-summary.md[0m
2025-09-23T15:21:17.5012202Z [36;1melse[0m
2025-09-23T15:21:17.5012452Z [36;1m  echo "- ❌ Trivy scan failed" >> container-scan-summary.md[0m
2025-09-23T15:21:17.5012740Z [36;1mfi[0m
2025-09-23T15:21:17.5012902Z [36;1m[0m
2025-09-23T15:21:17.5013087Z [36;1mif [ -f "snyk-tn-agent.sarif" ]; then[0m
2025-09-23T15:21:17.5013416Z [36;1m  echo "- ✅ Snyk scan completed" >> container-scan-summary.md[0m
2025-09-23T15:21:17.5013699Z [36;1melse[0m
2025-09-23T15:21:17.5013958Z [36;1m  echo "- ❌ Snyk scan failed or skipped" >> container-scan-summary.md[0m
2025-09-23T15:21:17.5014261Z [36;1mfi[0m
2025-09-23T15:21:17.5014418Z [36;1m[0m
2025-09-23T15:21:17.5014592Z [36;1mif [ -f grype-*.sarif ]; then[0m
2025-09-23T15:21:17.5015171Z [36;1m  echo "- ✅ Grype scan completed" >> container-scan-summary.md[0m
2025-09-23T15:21:17.5016434Z [36;1melse[0m
2025-09-23T15:21:17.5016789Z [36;1m  echo "- ❌ Grype scan failed" >> container-scan-summary.md[0m
2025-09-23T15:21:17.5017125Z [36;1mfi[0m
2025-09-23T15:21:17.5017278Z [36;1m[0m
2025-09-23T15:21:17.5017466Z [36;1mecho "" >> container-scan-summary.md[0m
2025-09-23T15:21:17.5068768Z shell: /usr/bin/bash -e {0}
2025-09-23T15:21:17.5069005Z env:
2025-09-23T15:21:17.5069179Z   REGISTRY: ghcr.io
2025-09-23T15:21:17.5069379Z   IMAGE_PREFIX: ghcr.io/thc1006
2025-09-23T15:21:17.5069640Z   CODEQL_ACTION_FEATURE_MULTI_LANGUAGE: false
2025-09-23T15:21:17.5069920Z   CODEQL_ACTION_FEATURE_SANDWICH: false
2025-09-23T15:21:17.5070170Z   CODEQL_ACTION_FEATURE_SARIF_COMBINE: true
2025-09-23T15:21:17.5070428Z   CODEQL_ACTION_FEATURE_WILL_UPLOAD: true
2025-09-23T15:21:17.5070666Z   CODEQL_ACTION_VERSION: 3.30.3
2025-09-23T15:21:17.5070987Z   CODEQL_ACTION_ANALYSIS_KEY: .github/workflows/security.yml:container-scan
2025-09-23T15:21:17.5071373Z   CODEQL_WORKFLOW_STARTED_AT: 2025-09-23T15:21:16.129Z
2025-09-23T15:21:17.5071696Z   CODEQL_ACTION_JOB_STATUS: JOB_STATUS_CONFIGURATION_ERROR
2025-09-23T15:21:17.5071982Z ##[endgroup]
2025-09-23T15:21:17.5190912Z ##[group]Run actions/upload-artifact@v4
2025-09-23T15:21:17.5191188Z with:
2025-09-23T15:21:17.5191377Z   name: container-scan-summary-tn-agent
2025-09-23T15:21:17.5191658Z   path: container-scan-summary.md
2025-09-23T15:21:17.5191888Z   retention-days: 30
2025-09-23T15:21:17.5192075Z   if-no-files-found: warn
2025-09-23T15:21:17.5192277Z   compression-level: 6
2025-09-23T15:21:17.5192467Z   overwrite: false
2025-09-23T15:21:17.5192654Z   include-hidden-files: false
2025-09-23T15:21:17.5192850Z env:
2025-09-23T15:21:17.5193004Z   REGISTRY: ghcr.io
2025-09-23T15:21:17.5193192Z   IMAGE_PREFIX: ghcr.io/thc1006
2025-09-23T15:21:17.5193436Z   CODEQL_ACTION_FEATURE_MULTI_LANGUAGE: false
2025-09-23T15:21:17.5193704Z   CODEQL_ACTION_FEATURE_SANDWICH: false
2025-09-23T15:21:17.5193949Z   CODEQL_ACTION_FEATURE_SARIF_COMBINE: true
2025-09-23T15:21:17.5194204Z   CODEQL_ACTION_FEATURE_WILL_UPLOAD: true
2025-09-23T15:21:17.5194443Z   CODEQL_ACTION_VERSION: 3.30.3
2025-09-23T15:21:17.5194978Z   CODEQL_ACTION_ANALYSIS_KEY: .github/workflows/security.yml:container-scan
2025-09-23T15:21:17.5195625Z   CODEQL_WORKFLOW_STARTED_AT: 2025-09-23T15:21:16.129Z
2025-09-23T15:21:17.5195971Z   CODEQL_ACTION_JOB_STATUS: JOB_STATUS_CONFIGURATION_ERROR
2025-09-23T15:21:17.5196240Z ##[endgroup]
2025-09-23T15:21:17.7320603Z With the provided path, there will be 1 file uploaded
2025-09-23T15:21:17.7326854Z Artifact name is valid!
2025-09-23T15:21:17.7328063Z Root directory input is valid!
2025-09-23T15:21:17.8612735Z Beginning upload of artifact content to blob storage
2025-09-23T15:21:17.9179589Z Uploaded bytes 332
2025-09-23T15:21:17.9339564Z Finished uploading artifact content to blob storage!
2025-09-23T15:21:17.9343225Z SHA256 digest of uploaded artifact zip is 67f930635cde2527600cedc3785389c33ecfa2df0077f3c1e94350fcd8e05107
2025-09-23T15:21:17.9345193Z Finalizing artifact upload
2025-09-23T15:21:18.0237789Z Artifact container-scan-summary-tn-agent.zip successfully finalized. Artifact ID 4084250618
2025-09-23T15:21:18.0239205Z Artifact container-scan-summary-tn-agent has been successfully uploaded! Final size is 332 bytes. Artifact ID is 4084250618
2025-09-23T15:21:18.0246971Z Artifact download URL: https://github.com/thc1006/O-RAN-Intent-MANO-for-Network-Slicing/actions/runs/17950904055/artifacts/4084250618
2025-09-23T15:21:18.0354761Z Post job cleanup.
2025-09-23T15:21:18.2329901Z ##[group]Uploading combined SARIF debug artifact
2025-09-23T15:21:18.2331870Z ##[endgroup]
2025-09-23T15:21:18.2456539Z Post job cleanup.
2025-09-23T15:21:18.4395902Z ##[group]Uploading combined SARIF debug artifact
2025-09-23T15:21:18.4397921Z ##[endgroup]
2025-09-23T15:21:18.4539724Z Post job cleanup.
2025-09-23T15:21:18.7221813Z ##[group]Generating build summary
2025-09-23T15:21:18.7227028Z exporting build record to /home/runner/work/_temp/docker-actions-toolkit-fMd7PE/export
2025-09-23T15:21:18.9033617Z [command]/usr/bin/docker buildx history export --builder builder-13458c8c-823c-4acf-85a2-d6388aa26f7e --output /home/runner/work/_temp/docker-actions-toolkit-fMd7PE/export/thc1006~O-RAN-Intent-MANO-for-Network-Slicing~ZZFIAF.dockerbuild zzfiafx4tl9i5zjpzu5f30k1h --finalize
2025-09-23T15:21:19.0664082Z Build record written to /home/runner/work/_temp/docker-actions-toolkit-fMd7PE/export/thc1006~O-RAN-Intent-MANO-for-Network-Slicing~ZZFIAF.dockerbuild (26.67 KB)
2025-09-23T15:21:19.0685524Z Uploading thc1006~O-RAN-Intent-MANO-for-Network-Slicing~ZZFIAF.dockerbuild to blob storage
2025-09-23T15:21:19.1530175Z Beginning upload of artifact content to blob storage
2025-09-23T15:21:19.1633166Z Uploaded bytes 27312
2025-09-23T15:21:19.1913000Z Finished uploading artifact content to blob storage!
2025-09-23T15:21:19.1918346Z SHA256 hash of uploaded artifact is ecc3b6fa53de88bac4affd390c9c2fef74b43ba559274c475748c0cbf5dbde87
2025-09-23T15:21:19.1919909Z Finalizing artifact upload
2025-09-23T15:21:19.2920394Z Artifact successfully finalized (4084250827)
2025-09-23T15:21:19.2922197Z Artifact download URL: https://github.com/thc1006/O-RAN-Intent-MANO-for-Network-Slicing/actions/runs/17950904055/artifacts/4084250827
2025-09-23T15:21:19.2951154Z Writing summary
2025-09-23T15:21:19.2963949Z ##[endgroup]
2025-09-23T15:21:19.2965095Z ##[group]Removing temp folder /home/runner/work/_temp/docker-actions-toolkit-PHqsvL
2025-09-23T15:21:19.2972705Z ##[endgroup]
2025-09-23T15:21:19.2973334Z ##[group]Post cache
2025-09-23T15:21:19.2974577Z State not set
2025-09-23T15:21:19.2975481Z ##[endgroup]
2025-09-23T15:21:19.3118536Z Post job cleanup.
2025-09-23T15:21:19.5835551Z ##[group]Removing builder
2025-09-23T15:21:19.6826558Z [command]/usr/bin/docker buildx rm builder-13458c8c-823c-4acf-85a2-d6388aa26f7e
2025-09-23T15:21:20.3103747Z builder-13458c8c-823c-4acf-85a2-d6388aa26f7e removed
2025-09-23T15:21:20.3148542Z ##[endgroup]
2025-09-23T15:21:20.3150120Z ##[group]Cleaning up certificates
2025-09-23T15:21:20.3157112Z ##[endgroup]
2025-09-23T15:21:20.3157738Z ##[group]Post cache
2025-09-23T15:21:20.3160181Z State not set
2025-09-23T15:21:20.3160906Z ##[endgroup]
2025-09-23T15:21:20.3284593Z Post job cleanup.
2025-09-23T15:21:20.4226711Z [command]/usr/bin/git version
2025-09-23T15:21:20.4262773Z git version 2.51.0
2025-09-23T15:21:20.4308162Z Temporarily overriding HOME='/home/runner/work/_temp/26c7e6c1-a1bf-42a7-a202-b4687da7692b' before making global git config changes
2025-09-23T15:21:20.4309454Z Adding repository directory to the temporary git global config as a safe directory
2025-09-23T15:21:20.4315296Z [command]/usr/bin/git config --global --add safe.directory /home/runner/work/O-RAN-Intent-MANO-for-Network-Slicing/O-RAN-Intent-MANO-for-Network-Slicing
2025-09-23T15:21:20.4351165Z [command]/usr/bin/git config --local --name-only --get-regexp core\.sshCommand
2025-09-23T15:21:20.4384105Z [command]/usr/bin/git submodule foreach --recursive sh -c "git config --local --name-only --get-regexp 'core\.sshCommand' && git config --local --unset-all 'core.sshCommand' || :"
2025-09-23T15:21:20.4613934Z [command]/usr/bin/git config --local --name-only --get-regexp http\.https\:\/\/github\.com\/\.extraheader
2025-09-23T15:21:20.4634745Z http.https://github.com/.extraheader
2025-09-23T15:21:20.4648404Z [command]/usr/bin/git config --local --unset-all http.https://github.com/.extraheader
2025-09-23T15:21:20.4679806Z [command]/usr/bin/git submodule foreach --recursive sh -c "git config --local --name-only --get-regexp 'http\.https\:\/\/github\.com\/\.extraheader' && git config --local --unset-all 'http.https://github.com/.extraheader' || :"
2025-09-23T15:21:20.5006079Z Cleaning up orphan processes
